ARM Linker, 4.1 [Build 894] [Lite256]

==============================================================================

Section Cross References

    startup_stm32f10x_md.o(RESET) refers to startup_stm32f10x_md.o(STACK) for __initial_sp
    startup_stm32f10x_md.o(RESET) refers to startup_stm32f10x_md.o(.text) for Reset_Handler
    startup_stm32f10x_md.o(RESET) refers to stm32f10x_it.o(.text) for NMI_Handler
    startup_stm32f10x_md.o(.text) refers to system_stm32f10x.o(.text) for SystemInit
    startup_stm32f10x_md.o(.text) refers to entry.o(.ARM.Collect$$$$00000000) for __main
    main.o(.text) refers to task.o(.text) for TaskInit
    main.o(.text) refers to task.o(.data) for TaskComps
    stm32f10x_it.o(.text) refers to task.o(.text) for TPCRemarks
    stm32f10x_it.o(.text) refers to stm32f10x_exti.o(.text) for EXTI_GetITStatus
    stm32f10x_it.o(.text) refers to stm32f10x_gpio.o(.text) for GPIO_ReadOutputDataBit
    stm32f10x_it.o(.text) refers to tuart.o(.text) for UART1Receive
    stm32f10x_it.o(.text) refers to task.o(.data) for TaskComps
    task.o(.text) refers to tled.o(.text) for LedGpioConfig
    task.o(.text) refers to tsystick.o(.text) for SystickInit
    task.o(.text) refers to tlcd_drive.o(.text) for Lcd_Init
    task.o(.text) refers to tguidemo.o(.text) for Draw_Menu
    task.o(.text) refers to tpwm.o(.text) for TIM3_PWM_init
    task.o(.text) refers to tkey.o(.text) for KeyExit_pb7_config
    task.o(.text) refers to tuart.o(.text) for uart_init
    task.o(.data) refers to tled.o(.text) for LED1on
    task.o(.data) refers to tguidemo.o(.text) for TaskLineLevel
    task.o(.data) refers to tuart.o(.text) for Usart1SendBackTest
    tled.o(.text) refers to stm32f10x_rcc.o(.text) for RCC_APB2PeriphClockCmd
    tled.o(.text) refers to stm32f10x_gpio.o(.text) for GPIO_Init
    tsystick.o(.text) refers to system_stm32f10x.o(.data) for SystemCoreClock
    tgui.o(.text) refers to tlcd_drive.o(.text) for Gui_DrawPoint
    tgui.o(.text) refers to tgui.o(.constdata) for asc16
    tguidemo.o(.text) refers to tgui.o(.text) for Gui_Circle
    tguidemo.o(.text) refers to tlcd_drive.o(.text) for Lcd_Clear
    tguidemo.o(.text) refers to tguidemo.o(.data) for level
    tlcd_drive.o(.text) refers to stm32f10x_rcc.o(.text) for RCC_APB2PeriphClockCmd
    tlcd_drive.o(.text) refers to stm32f10x_gpio.o(.text) for GPIO_Init
    tlcd_drive.o(.text) refers to stm32f10x_spi.o(.text) for SPI_Init
    tpwm.o(.text) refers to stm32f10x_rcc.o(.text) for RCC_APB1PeriphClockCmd
    tpwm.o(.text) refers to stm32f10x_gpio.o(.text) for GPIO_Init
    tpwm.o(.text) refers to stm32f10x_tim.o(.text) for TIM_TimeBaseInit
    tkey.o(.text) refers to misc.o(.text) for NVIC_PriorityGroupConfig
    tkey.o(.text) refers to stm32f10x_rcc.o(.text) for RCC_APB2PeriphClockCmd
    tkey.o(.text) refers to stm32f10x_gpio.o(.text) for GPIO_Init
    tkey.o(.text) refers to stm32f10x_exti.o(.text) for EXTI_Init
    tuart.o(.text) refers to stm32f10x_rcc.o(.text) for RCC_APB2PeriphClockCmd
    tuart.o(.text) refers to stm32f10x_usart.o(.text) for USART_DeInit
    tuart.o(.text) refers to stm32f10x_gpio.o(.text) for GPIO_Init
    tuart.o(.text) refers to misc.o(.text) for NVIC_Init
    tuart.o(.text) refers to printf1.o(i.__0printf$1) for __2printf
    tuart.o(.text) refers to tuart.o(.data) for usart1_sta
    tuart.o(.text) refers to tuart.o(.bss) for usart1_buf
    stm32f10x_rcc.o(.text) refers to stm32f10x_rcc.o(.data) for APBAHBPrescTable
    stm32f10x_gpio.o(.text) refers to stm32f10x_rcc.o(.text) for RCC_APB2PeriphResetCmd
    stm32f10x_adc.o(.text) refers to stm32f10x_rcc.o(.text) for RCC_APB2PeriphResetCmd
    stm32f10x_usart.o(.text) refers to stm32f10x_rcc.o(.text) for RCC_APB2PeriphResetCmd
    stm32f10x_i2c.o(.text) refers to stm32f10x_rcc.o(.text) for RCC_APB1PeriphResetCmd
    stm32f10x_spi.o(.text) refers to stm32f10x_rcc.o(.text) for RCC_APB2PeriphResetCmd
    stm32f10x_tim.o(.text) refers to stm32f10x_rcc.o(.text) for RCC_APB2PeriphResetCmd
    system_stm32f10x.o(.text) refers to system_stm32f10x.o(.data) for SystemCoreClock
    entry.o(.ARM.Collect$$$$00000000) refers (Special) to entry7b.o(.ARM.Collect$$$$00000008) for _main_clock
    entry.o(.ARM.Collect$$$$00000000) refers (Special) to entry8.o(.ARM.Collect$$$$00000009) for _main_init
    entry.o(.ARM.Collect$$$$00000000) refers (Special) to entry5.o(.ARM.Collect$$$$00000004) for _main_scatterload
    entry.o(.ARM.Collect$$$$00000000) refers (Special) to entry2.o(.ARM.Collect$$$$00000001) for _main_stk
    printfb.o(i.__0fprintf$bare) refers to printfb.o(i._printf_core) for _printf_core
    printfb.o(i.__0fprintf$bare) refers to tuart.o(.text) for fputc
    printfb.o(i.__0printf$bare) refers to printfb.o(i._printf_core) for _printf_core
    printfb.o(i.__0printf$bare) refers to tuart.o(.text) for fputc
    printfb.o(i.__0printf$bare) refers to stdout.o(.data) for __stdout
    printfb.o(i.__0snprintf$bare) refers to printfb.o(i._printf_core) for _printf_core
    printfb.o(i.__0snprintf$bare) refers to printfb.o(i._snputc) for _snputc
    printfb.o(i.__0sprintf$bare) refers to printfb.o(i._printf_core) for _printf_core
    printfb.o(i.__0sprintf$bare) refers to printfb.o(i._sputc) for _sputc
    printfb.o(i.__0vfprintf$bare) refers to printfb.o(i._printf_core) for _printf_core
    printfb.o(i.__0vfprintf$bare) refers to tuart.o(.text) for fputc
    printfb.o(i.__0vprintf$bare) refers to printfb.o(i._printf_core) for _printf_core
    printfb.o(i.__0vprintf$bare) refers to tuart.o(.text) for fputc
    printfb.o(i.__0vprintf$bare) refers to stdout.o(.data) for __stdout
    printfb.o(i.__0vsnprintf$bare) refers to printfb.o(i._printf_core) for _printf_core
    printfb.o(i.__0vsnprintf$bare) refers to printfb.o(i._snputc) for _snputc
    printfb.o(i.__0vsprintf$bare) refers to printfb.o(i._printf_core) for _printf_core
    printfb.o(i.__0vsprintf$bare) refers to printfb.o(i._sputc) for _sputc
    printf0.o(i.__0fprintf$0) refers to printf0.o(i._printf_core) for _printf_core
    printf0.o(i.__0fprintf$0) refers to tuart.o(.text) for fputc
    printf0.o(i.__0printf$0) refers to printf0.o(i._printf_core) for _printf_core
    printf0.o(i.__0printf$0) refers to tuart.o(.text) for fputc
    printf0.o(i.__0printf$0) refers to stdout.o(.data) for __stdout
    printf0.o(i.__0snprintf$0) refers to printf0.o(i._printf_core) for _printf_core
    printf0.o(i.__0snprintf$0) refers to printf0.o(i._snputc) for _snputc
    printf0.o(i.__0sprintf$0) refers to printf0.o(i._printf_core) for _printf_core
    printf0.o(i.__0sprintf$0) refers to printf0.o(i._sputc) for _sputc
    printf0.o(i.__0vfprintf$0) refers to printf0.o(i._printf_core) for _printf_core
    printf0.o(i.__0vfprintf$0) refers to tuart.o(.text) for fputc
    printf0.o(i.__0vprintf$0) refers to printf0.o(i._printf_core) for _printf_core
    printf0.o(i.__0vprintf$0) refers to tuart.o(.text) for fputc
    printf0.o(i.__0vprintf$0) refers to stdout.o(.data) for __stdout
    printf0.o(i.__0vsnprintf$0) refers to printf0.o(i._printf_core) for _printf_core
    printf0.o(i.__0vsnprintf$0) refers to printf0.o(i._snputc) for _snputc
    printf0.o(i.__0vsprintf$0) refers to printf0.o(i._printf_core) for _printf_core
    printf0.o(i.__0vsprintf$0) refers to printf0.o(i._sputc) for _sputc
    printf1.o(i.__0fprintf$1) refers to printf1.o(i._printf_core) for _printf_core
    printf1.o(i.__0fprintf$1) refers to tuart.o(.text) for fputc
    printf1.o(i.__0printf$1) refers to printf1.o(i._printf_core) for _printf_core
    printf1.o(i.__0printf$1) refers to tuart.o(.text) for fputc
    printf1.o(i.__0printf$1) refers to stdout.o(.data) for __stdout
    printf1.o(i.__0snprintf$1) refers to printf1.o(i._printf_core) for _printf_core
    printf1.o(i.__0snprintf$1) refers to printf1.o(i._snputc) for _snputc
    printf1.o(i.__0sprintf$1) refers to printf1.o(i._printf_core) for _printf_core
    printf1.o(i.__0sprintf$1) refers to printf1.o(i._sputc) for _sputc
    printf1.o(i.__0vfprintf$1) refers to printf1.o(i._printf_core) for _printf_core
    printf1.o(i.__0vfprintf$1) refers to tuart.o(.text) for fputc
    printf1.o(i.__0vprintf$1) refers to printf1.o(i._printf_core) for _printf_core
    printf1.o(i.__0vprintf$1) refers to tuart.o(.text) for fputc
    printf1.o(i.__0vprintf$1) refers to stdout.o(.data) for __stdout
    printf1.o(i.__0vsnprintf$1) refers to printf1.o(i._printf_core) for _printf_core
    printf1.o(i.__0vsnprintf$1) refers to printf1.o(i._snputc) for _snputc
    printf1.o(i.__0vsprintf$1) refers to printf1.o(i._printf_core) for _printf_core
    printf1.o(i.__0vsprintf$1) refers to printf1.o(i._sputc) for _sputc
    printf1.o(i._printf_core) refers to uidiv.o(.text) for __aeabi_uidivmod
    printf2.o(i.__0fprintf$2) refers to printf2.o(i._printf_core) for _printf_core
    printf2.o(i.__0fprintf$2) refers to tuart.o(.text) for fputc
    printf2.o(i.__0printf$2) refers to printf2.o(i._printf_core) for _printf_core
    printf2.o(i.__0printf$2) refers to tuart.o(.text) for fputc
    printf2.o(i.__0printf$2) refers to stdout.o(.data) for __stdout
    printf2.o(i.__0snprintf$2) refers to printf2.o(i._printf_core) for _printf_core
    printf2.o(i.__0snprintf$2) refers to printf2.o(i._snputc) for _snputc
    printf2.o(i.__0sprintf$2) refers to printf2.o(i._printf_core) for _printf_core
    printf2.o(i.__0sprintf$2) refers to printf2.o(i._sputc) for _sputc
    printf2.o(i.__0vfprintf$2) refers to printf2.o(i._printf_core) for _printf_core
    printf2.o(i.__0vfprintf$2) refers to tuart.o(.text) for fputc
    printf2.o(i.__0vprintf$2) refers to printf2.o(i._printf_core) for _printf_core
    printf2.o(i.__0vprintf$2) refers to tuart.o(.text) for fputc
    printf2.o(i.__0vprintf$2) refers to stdout.o(.data) for __stdout
    printf2.o(i.__0vsnprintf$2) refers to printf2.o(i._printf_core) for _printf_core
    printf2.o(i.__0vsnprintf$2) refers to printf2.o(i._snputc) for _snputc
    printf2.o(i.__0vsprintf$2) refers to printf2.o(i._printf_core) for _printf_core
    printf2.o(i.__0vsprintf$2) refers to printf2.o(i._sputc) for _sputc
    printf3.o(i.__0fprintf$3) refers to printf3.o(i._printf_core) for _printf_core
    printf3.o(i.__0fprintf$3) refers to tuart.o(.text) for fputc
    printf3.o(i.__0printf$3) refers to printf3.o(i._printf_core) for _printf_core
    printf3.o(i.__0printf$3) refers to tuart.o(.text) for fputc
    printf3.o(i.__0printf$3) refers to stdout.o(.data) for __stdout
    printf3.o(i.__0snprintf$3) refers to printf3.o(i._printf_core) for _printf_core
    printf3.o(i.__0snprintf$3) refers to printf3.o(i._snputc) for _snputc
    printf3.o(i.__0sprintf$3) refers to printf3.o(i._printf_core) for _printf_core
    printf3.o(i.__0sprintf$3) refers to printf3.o(i._sputc) for _sputc
    printf3.o(i.__0vfprintf$3) refers to printf3.o(i._printf_core) for _printf_core
    printf3.o(i.__0vfprintf$3) refers to tuart.o(.text) for fputc
    printf3.o(i.__0vprintf$3) refers to printf3.o(i._printf_core) for _printf_core
    printf3.o(i.__0vprintf$3) refers to tuart.o(.text) for fputc
    printf3.o(i.__0vprintf$3) refers to stdout.o(.data) for __stdout
    printf3.o(i.__0vsnprintf$3) refers to printf3.o(i._printf_core) for _printf_core
    printf3.o(i.__0vsnprintf$3) refers to printf3.o(i._snputc) for _snputc
    printf3.o(i.__0vsprintf$3) refers to printf3.o(i._printf_core) for _printf_core
    printf3.o(i.__0vsprintf$3) refers to printf3.o(i._sputc) for _sputc
    printf3.o(i._printf_core) refers to uidiv.o(.text) for __aeabi_uidivmod
    printf4.o(i.__0fprintf$4) refers to printf4.o(i._printf_core) for _printf_core
    printf4.o(i.__0fprintf$4) refers to tuart.o(.text) for fputc
    printf4.o(i.__0printf$4) refers to printf4.o(i._printf_core) for _printf_core
    printf4.o(i.__0printf$4) refers to tuart.o(.text) for fputc
    printf4.o(i.__0printf$4) refers to stdout.o(.data) for __stdout
    printf4.o(i.__0snprintf$4) refers to printf4.o(i._printf_core) for _printf_core
    printf4.o(i.__0snprintf$4) refers to printf4.o(i._snputc) for _snputc
    printf4.o(i.__0sprintf$4) refers to printf4.o(i._printf_core) for _printf_core
    printf4.o(i.__0sprintf$4) refers to printf4.o(i._sputc) for _sputc
    printf4.o(i.__0vfprintf$4) refers to printf4.o(i._printf_core) for _printf_core
    printf4.o(i.__0vfprintf$4) refers to tuart.o(.text) for fputc
    printf4.o(i.__0vprintf$4) refers to printf4.o(i._printf_core) for _printf_core
    printf4.o(i.__0vprintf$4) refers to tuart.o(.text) for fputc
    printf4.o(i.__0vprintf$4) refers to stdout.o(.data) for __stdout
    printf4.o(i.__0vsnprintf$4) refers to printf4.o(i._printf_core) for _printf_core
    printf4.o(i.__0vsnprintf$4) refers to printf4.o(i._snputc) for _snputc
    printf4.o(i.__0vsprintf$4) refers to printf4.o(i._printf_core) for _printf_core
    printf4.o(i.__0vsprintf$4) refers to printf4.o(i._sputc) for _sputc
    printf4.o(i._printf_core) refers to uldiv.o(.text) for __aeabi_uldivmod
    printf5.o(i.__0fprintf$5) refers to printf5.o(i._printf_core) for _printf_core
    printf5.o(i.__0fprintf$5) refers to tuart.o(.text) for fputc
    printf5.o(i.__0printf$5) refers to printf5.o(i._printf_core) for _printf_core
    printf5.o(i.__0printf$5) refers to tuart.o(.text) for fputc
    printf5.o(i.__0printf$5) refers to stdout.o(.data) for __stdout
    printf5.o(i.__0snprintf$5) refers to printf5.o(i._printf_core) for _printf_core
    printf5.o(i.__0snprintf$5) refers to printf5.o(i._snputc) for _snputc
    printf5.o(i.__0sprintf$5) refers to printf5.o(i._printf_core) for _printf_core
    printf5.o(i.__0sprintf$5) refers to printf5.o(i._sputc) for _sputc
    printf5.o(i.__0vfprintf$5) refers to printf5.o(i._printf_core) for _printf_core
    printf5.o(i.__0vfprintf$5) refers to tuart.o(.text) for fputc
    printf5.o(i.__0vprintf$5) refers to printf5.o(i._printf_core) for _printf_core
    printf5.o(i.__0vprintf$5) refers to tuart.o(.text) for fputc
    printf5.o(i.__0vprintf$5) refers to stdout.o(.data) for __stdout
    printf5.o(i.__0vsnprintf$5) refers to printf5.o(i._printf_core) for _printf_core
    printf5.o(i.__0vsnprintf$5) refers to printf5.o(i._snputc) for _snputc
    printf5.o(i.__0vsprintf$5) refers to printf5.o(i._printf_core) for _printf_core
    printf5.o(i.__0vsprintf$5) refers to printf5.o(i._sputc) for _sputc
    printf5.o(i._printf_core) refers to uldiv.o(.text) for __aeabi_uldivmod
    printf6.o(i.__0fprintf$6) refers to printf6.o(i._printf_core) for _printf_core
    printf6.o(i.__0fprintf$6) refers to tuart.o(.text) for fputc
    printf6.o(i.__0printf$6) refers to printf6.o(i._printf_core) for _printf_core
    printf6.o(i.__0printf$6) refers to tuart.o(.text) for fputc
    printf6.o(i.__0printf$6) refers to stdout.o(.data) for __stdout
    printf6.o(i.__0snprintf$6) refers to printf6.o(i._printf_core) for _printf_core
    printf6.o(i.__0snprintf$6) refers to printf6.o(i._snputc) for _snputc
    printf6.o(i.__0sprintf$6) refers to printf6.o(i._printf_core) for _printf_core
    printf6.o(i.__0sprintf$6) refers to printf6.o(i._sputc) for _sputc
    printf6.o(i.__0vfprintf$6) refers to printf6.o(i._printf_core) for _printf_core
    printf6.o(i.__0vfprintf$6) refers to tuart.o(.text) for fputc
    printf6.o(i.__0vprintf$6) refers to printf6.o(i._printf_core) for _printf_core
    printf6.o(i.__0vprintf$6) refers to tuart.o(.text) for fputc
    printf6.o(i.__0vprintf$6) refers to stdout.o(.data) for __stdout
    printf6.o(i.__0vsnprintf$6) refers to printf6.o(i._printf_core) for _printf_core
    printf6.o(i.__0vsnprintf$6) refers to printf6.o(i._snputc) for _snputc
    printf6.o(i.__0vsprintf$6) refers to printf6.o(i._printf_core) for _printf_core
    printf6.o(i.__0vsprintf$6) refers to printf6.o(i._sputc) for _sputc
    printf6.o(i._printf_core) refers to printf6.o(i._printf_pre_padding) for _printf_pre_padding
    printf6.o(i._printf_core) refers to uidiv.o(.text) for __aeabi_uidivmod
    printf6.o(i._printf_core) refers to printf6.o(i._printf_post_padding) for _printf_post_padding
    printf7.o(i.__0fprintf$7) refers to printf7.o(i._printf_core) for _printf_core
    printf7.o(i.__0fprintf$7) refers to tuart.o(.text) for fputc
    printf7.o(i.__0printf$7) refers to printf7.o(i._printf_core) for _printf_core
    printf7.o(i.__0printf$7) refers to tuart.o(.text) for fputc
    printf7.o(i.__0printf$7) refers to stdout.o(.data) for __stdout
    printf7.o(i.__0snprintf$7) refers to printf7.o(i._printf_core) for _printf_core
    printf7.o(i.__0snprintf$7) refers to printf7.o(i._snputc) for _snputc
    printf7.o(i.__0sprintf$7) refers to printf7.o(i._printf_core) for _printf_core
    printf7.o(i.__0sprintf$7) refers to printf7.o(i._sputc) for _sputc
    printf7.o(i.__0vfprintf$7) refers to printf7.o(i._printf_core) for _printf_core
    printf7.o(i.__0vfprintf$7) refers to tuart.o(.text) for fputc
    printf7.o(i.__0vprintf$7) refers to printf7.o(i._printf_core) for _printf_core
    printf7.o(i.__0vprintf$7) refers to tuart.o(.text) for fputc
    printf7.o(i.__0vprintf$7) refers to stdout.o(.data) for __stdout
    printf7.o(i.__0vsnprintf$7) refers to printf7.o(i._printf_core) for _printf_core
    printf7.o(i.__0vsnprintf$7) refers to printf7.o(i._snputc) for _snputc
    printf7.o(i.__0vsprintf$7) refers to printf7.o(i._printf_core) for _printf_core
    printf7.o(i.__0vsprintf$7) refers to printf7.o(i._sputc) for _sputc
    printf7.o(i._printf_core) refers to printf7.o(i._printf_pre_padding) for _printf_pre_padding
    printf7.o(i._printf_core) refers to uldiv.o(.text) for __aeabi_uldivmod
    printf7.o(i._printf_core) refers to printf7.o(i._printf_post_padding) for _printf_post_padding
    printf8.o(i.__0fprintf$8) refers to printf8.o(i._printf_core) for _printf_core
    printf8.o(i.__0fprintf$8) refers to tuart.o(.text) for fputc
    printf8.o(i.__0printf$8) refers to printf8.o(i._printf_core) for _printf_core
    printf8.o(i.__0printf$8) refers to tuart.o(.text) for fputc
    printf8.o(i.__0printf$8) refers to stdout.o(.data) for __stdout
    printf8.o(i.__0snprintf$8) refers to printf8.o(i._printf_core) for _printf_core
    printf8.o(i.__0snprintf$8) refers to printf8.o(i._snputc) for _snputc
    printf8.o(i.__0sprintf$8) refers to printf8.o(i._printf_core) for _printf_core
    printf8.o(i.__0sprintf$8) refers to printf8.o(i._sputc) for _sputc
    printf8.o(i.__0vfprintf$8) refers to printf8.o(i._printf_core) for _printf_core
    printf8.o(i.__0vfprintf$8) refers to tuart.o(.text) for fputc
    printf8.o(i.__0vprintf$8) refers to printf8.o(i._printf_core) for _printf_core
    printf8.o(i.__0vprintf$8) refers to tuart.o(.text) for fputc
    printf8.o(i.__0vprintf$8) refers to stdout.o(.data) for __stdout
    printf8.o(i.__0vsnprintf$8) refers to printf8.o(i._printf_core) for _printf_core
    printf8.o(i.__0vsnprintf$8) refers to printf8.o(i._snputc) for _snputc
    printf8.o(i.__0vsprintf$8) refers to printf8.o(i._printf_core) for _printf_core
    printf8.o(i.__0vsprintf$8) refers to printf8.o(i._sputc) for _sputc
    printf8.o(i._printf_core) refers to printf8.o(i._printf_pre_padding) for _printf_pre_padding
    printf8.o(i._printf_core) refers to uldiv.o(.text) for __aeabi_uldivmod
    printf8.o(i._printf_core) refers to printf8.o(i._printf_post_padding) for _printf_post_padding
    printfa.o(i.__0fprintf) refers (Special) to iusefp.o(.text) for __I$use$fp
    printfa.o(i.__0fprintf) refers to printfa.o(i._printf_core) for _printf_core
    printfa.o(i.__0fprintf) refers to tuart.o(.text) for fputc
    printfa.o(i.__0printf) refers (Special) to iusefp.o(.text) for __I$use$fp
    printfa.o(i.__0printf) refers to printfa.o(i._printf_core) for _printf_core
    printfa.o(i.__0printf) refers to tuart.o(.text) for fputc
    printfa.o(i.__0printf) refers to stdout.o(.data) for __stdout
    printfa.o(i.__0snprintf) refers (Special) to iusefp.o(.text) for __I$use$fp
    printfa.o(i.__0snprintf) refers to printfa.o(i._printf_core) for _printf_core
    printfa.o(i.__0snprintf) refers to printfa.o(i._snputc) for _snputc
    printfa.o(i.__0sprintf) refers (Special) to iusefp.o(.text) for __I$use$fp
    printfa.o(i.__0sprintf) refers to printfa.o(i._printf_core) for _printf_core
    printfa.o(i.__0sprintf) refers to printfa.o(i._sputc) for _sputc
    printfa.o(i.__0vfprintf) refers (Special) to iusefp.o(.text) for __I$use$fp
    printfa.o(i.__0vfprintf) refers to printfa.o(i._printf_core) for _printf_core
    printfa.o(i.__0vfprintf) refers to tuart.o(.text) for fputc
    printfa.o(i.__0vprintf) refers (Special) to iusefp.o(.text) for __I$use$fp
    printfa.o(i.__0vprintf) refers to printfa.o(i._printf_core) for _printf_core
    printfa.o(i.__0vprintf) refers to tuart.o(.text) for fputc
    printfa.o(i.__0vprintf) refers to stdout.o(.data) for __stdout
    printfa.o(i.__0vsnprintf) refers (Special) to iusefp.o(.text) for __I$use$fp
    printfa.o(i.__0vsnprintf) refers to printfa.o(i._printf_core) for _printf_core
    printfa.o(i.__0vsnprintf) refers to printfa.o(i._snputc) for _snputc
    printfa.o(i.__0vsprintf) refers (Special) to iusefp.o(.text) for __I$use$fp
    printfa.o(i.__0vsprintf) refers to printfa.o(i._printf_core) for _printf_core
    printfa.o(i.__0vsprintf) refers to printfa.o(i._sputc) for _sputc
    printfa.o(i._fp_digits) refers (Special) to iusefp.o(.text) for __I$use$fp
    printfa.o(i._fp_digits) refers to dmul.o(.text) for __aeabi_dmul
    printfa.o(i._fp_digits) refers to ddiv.o(.text) for __aeabi_ddiv
    printfa.o(i._fp_digits) refers to cdrcmple.o(.text) for __aeabi_cdrcmple
    printfa.o(i._fp_digits) refers to dadd.o(.text) for __aeabi_dadd
    printfa.o(i._fp_digits) refers to dfixul.o(.text) for __aeabi_d2ulz
    printfa.o(i._fp_digits) refers to uldiv.o(.text) for __aeabi_uldivmod
    printfa.o(i._printf_core) refers (Special) to iusefp.o(.text) for __I$use$fp
    printfa.o(i._printf_core) refers to printfa.o(i._printf_pre_padding) for _printf_pre_padding
    printfa.o(i._printf_core) refers to uldiv.o(.text) for __aeabi_uldivmod
    printfa.o(i._printf_core) refers to printfa.o(i._printf_post_padding) for _printf_post_padding
    printfa.o(i._printf_core) refers to printfa.o(i._fp_digits) for _fp_digits
    printfa.o(i._printf_core) refers to uidiv.o(.text) for __aeabi_uidivmod
    printfa.o(i._printf_post_padding) refers (Special) to iusefp.o(.text) for __I$use$fp
    printfa.o(i._printf_pre_padding) refers (Special) to iusefp.o(.text) for __I$use$fp
    printfa.o(i._snputc) refers (Special) to iusefp.o(.text) for __I$use$fp
    printfa.o(i._sputc) refers (Special) to iusefp.o(.text) for __I$use$fp
    entry2.o(.ARM.Collect$$$$00000001) refers to entry2.o(.ARM.Collect$$$$00002712) for __lit__00000000
    entry2.o(.ARM.Collect$$$$00002712) refers to startup_stm32f10x_md.o(STACK) for __initial_sp
    entry2.o(__vectab_stack_and_reset_area) refers to startup_stm32f10x_md.o(STACK) for __initial_sp
    entry2.o(__vectab_stack_and_reset_area) refers to entry.o(.ARM.Collect$$$$00000000) for __main
    entry5.o(.ARM.Collect$$$$00000004) refers to init.o(.text) for __scatterload
    entry8.o(.ARM.Collect$$$$00000009) refers to main.o(.text) for main
    uldiv.o(.text) refers to llushr.o(.text) for __aeabi_llsr
    uldiv.o(.text) refers to llshl.o(.text) for __aeabi_llsl
    dadd.o(.text) refers to llshl.o(.text) for __aeabi_llsl
    dadd.o(.text) refers to llsshr.o(.text) for __aeabi_lasr
    dadd.o(.text) refers to depilogue.o(.text) for _double_epilogue
    dmul.o(.text) refers to depilogue.o(.text) for _double_epilogue
    ddiv.o(.text) refers to depilogue.o(.text) for _double_round
    dfixul.o(.text) refers to llushr.o(.text) for __aeabi_llsr
    dfixul.o(.text) refers to llshl.o(.text) for __aeabi_llsl
    init.o(.text) refers to entry5.o(.ARM.Collect$$$$00000004) for __main_after_scatterload
    depilogue.o(.text) refers to llshl.o(.text) for __aeabi_llsl
    depilogue.o(.text) refers to llushr.o(.text) for __aeabi_llsr


==============================================================================

Removing Unused input sections from the image.

    Removing startup_stm32f10x_md.o(HEAP), (512 bytes).
    Removing stm32f10x_adc.o(.text), (1084 bytes).
    Removing stm32f10x_dma.o(.text), (592 bytes).
    Removing stm32f10x_i2c.o(.text), (1008 bytes).
    Removing core_cm3.o(.emb_text), (32 bytes).
    Removing dadd.o(.text), (332 bytes).
    Removing dmul.o(.text), (224 bytes).
    Removing ddiv.o(.text), (222 bytes).
    Removing dfixul.o(.text), (48 bytes).
    Removing cdrcmple.o(.text), (40 bytes).
    Removing depilogue.o(.text), (190 bytes).

11 unused section(s) (total 4284 bytes) removed from the image.

==============================================================================

Image Symbol Table

    Local Symbols

    Symbol Name                              Value     Ov Type        Size  Object(Section)

    ../../microlib/division.c                0x00000000   Number         0  uidiv.o ABSOLUTE
    ../../microlib/division.c                0x00000000   Number         0  uldiv.o ABSOLUTE
    ../../microlib/fpadd.c                   0x00000000   Number         0  dadd.o ABSOLUTE
    ../../microlib/fpdiv.c                   0x00000000   Number         0  ddiv.o ABSOLUTE
    ../../microlib/fpepilogue.c              0x00000000   Number         0  depilogue.o ABSOLUTE
    ../../microlib/fpfix.c                   0x00000000   Number         0  dfixul.o ABSOLUTE
    ../../microlib/fpmul.c                   0x00000000   Number         0  dmul.o ABSOLUTE
    ../../microlib/init/entry.s              0x00000000   Number         0  entry.o ABSOLUTE
    ../../microlib/init/entry.s              0x00000000   Number         0  entry2.o ABSOLUTE
    ../../microlib/init/entry.s              0x00000000   Number         0  entry5.o ABSOLUTE
    ../../microlib/init/entry.s              0x00000000   Number         0  entry7a.o ABSOLUTE
    ../../microlib/init/entry.s              0x00000000   Number         0  entry7b.o ABSOLUTE
    ../../microlib/init/entry.s              0x00000000   Number         0  entry8.o ABSOLUTE
    ../../microlib/longlong.c                0x00000000   Number         0  llsshr.o ABSOLUTE
    ../../microlib/longlong.c                0x00000000   Number         0  llushr.o ABSOLUTE
    ../../microlib/longlong.c                0x00000000   Number         0  llshl.o ABSOLUTE
    ../../microlib/printf/printf.c           0x00000000   Number         0  printfb.o ABSOLUTE
    ../../microlib/printf/printf.c           0x00000000   Number         0  printf2.o ABSOLUTE
    ../../microlib/printf/printf.c           0x00000000   Number         0  printf0.o ABSOLUTE
    ../../microlib/printf/printf.c           0x00000000   Number         0  printf1.o ABSOLUTE
    ../../microlib/printf/printf.c           0x00000000   Number         0  printf5.o ABSOLUTE
    ../../microlib/printf/printf.c           0x00000000   Number         0  printf4.o ABSOLUTE
    ../../microlib/printf/printf.c           0x00000000   Number         0  printf3.o ABSOLUTE
    ../../microlib/printf/printf.c           0x00000000   Number         0  printf7.o ABSOLUTE
    ../../microlib/printf/printf.c           0x00000000   Number         0  printfa.o ABSOLUTE
    ../../microlib/printf/printf.c           0x00000000   Number         0  printf8.o ABSOLUTE
    ../../microlib/printf/printf.c           0x00000000   Number         0  printf6.o ABSOLUTE
    ../../microlib/printf/stubs.s            0x00000000   Number         0  stubs.o ABSOLUTE
    ../../microlib/stdio/streams.c           0x00000000   Number         0  stdout.o ABSOLUTE
    ../../microlib/stubs.s                   0x00000000   Number         0  iusefp.o ABSOLUTE
    ..\CMSIS\core_cm3.c                      0x00000000   Number         0  core_cm3.o ABSOLUTE
    ..\CMSIS\startup\startup_stm32f10x_md.s  0x00000000   Number         0  startup_stm32f10x_md.o ABSOLUTE
    ..\CMSIS\system_stm32f10x.c              0x00000000   Number         0  system_stm32f10x.o ABSOLUTE
    ..\FWlib\src\misc.c                      0x00000000   Number         0  misc.o ABSOLUTE
    ..\FWlib\src\stm32f10x_adc.c             0x00000000   Number         0  stm32f10x_adc.o ABSOLUTE
    ..\FWlib\src\stm32f10x_dma.c             0x00000000   Number         0  stm32f10x_dma.o ABSOLUTE
    ..\FWlib\src\stm32f10x_exti.c            0x00000000   Number         0  stm32f10x_exti.o ABSOLUTE
    ..\FWlib\src\stm32f10x_gpio.c            0x00000000   Number         0  stm32f10x_gpio.o ABSOLUTE
    ..\FWlib\src\stm32f10x_i2c.c             0x00000000   Number         0  stm32f10x_i2c.o ABSOLUTE
    ..\FWlib\src\stm32f10x_rcc.c             0x00000000   Number         0  stm32f10x_rcc.o ABSOLUTE
    ..\FWlib\src\stm32f10x_spi.c             0x00000000   Number         0  stm32f10x_spi.o ABSOLUTE
    ..\FWlib\src\stm32f10x_tim.c             0x00000000   Number         0  stm32f10x_tim.o ABSOLUTE
    ..\FWlib\src\stm32f10x_usart.c           0x00000000   Number         0  stm32f10x_usart.o ABSOLUTE
    ..\\CMSIS\\core_cm3.c                    0x00000000   Number         0  core_cm3.o ABSOLUTE
    Tgui.c                                   0x00000000   Number         0  tgui.o ABSOLUTE
    TguiDemo.c                               0x00000000   Number         0  tguidemo.o ABSOLUTE
    Tkey.c                                   0x00000000   Number         0  tkey.o ABSOLUTE
    Tlcd_drive.c                             0x00000000   Number         0  tlcd_drive.o ABSOLUTE
    Tled.c                                   0x00000000   Number         0  tled.o ABSOLUTE
    Tpwm.c                                   0x00000000   Number         0  tpwm.o ABSOLUTE
    Tsystick.c                               0x00000000   Number         0  tsystick.o ABSOLUTE
    Tuart.c                                  0x00000000   Number         0  tuart.o ABSOLUTE
    cdrcmple.s                               0x00000000   Number         0  cdrcmple.o ABSOLUTE
    dc.s                                     0x00000000   Number         0  dc.o ABSOLUTE
    handlers.s                               0x00000000   Number         0  handlers.o ABSOLUTE
    init.s                                   0x00000000   Number         0  init.o ABSOLUTE
    main.c                                   0x00000000   Number         0  main.o ABSOLUTE
    stm32f10x_it.c                           0x00000000   Number         0  stm32f10x_it.o ABSOLUTE
    task.c                                   0x00000000   Number         0  task.o ABSOLUTE
    RESET                                    0x08000000   Section      236  startup_stm32f10x_md.o(RESET)
    .ARM.Collect$$$$00000000                 0x080000ec   Section        0  entry.o(.ARM.Collect$$$$00000000)
    .ARM.Collect$$$$00000001                 0x080000ec   Section        4  entry2.o(.ARM.Collect$$$$00000001)
    .ARM.Collect$$$$00000004                 0x080000f0   Section        4  entry5.o(.ARM.Collect$$$$00000004)
    .ARM.Collect$$$$00000008                 0x080000f4   Section        0  entry7b.o(.ARM.Collect$$$$00000008)
    .ARM.Collect$$$$00000009                 0x080000f4   Section        8  entry8.o(.ARM.Collect$$$$00000009)
    .ARM.Collect$$$$00002712                 0x080000fc   Section        4  entry2.o(.ARM.Collect$$$$00002712)
    __lit__00000000                          0x080000fc   Data           4  entry2.o(.ARM.Collect$$$$00002712)
    .text                                    0x08000100   Section       36  startup_stm32f10x_md.o(.text)
    .text                                    0x08000124   Section        0  main.o(.text)
    .text                                    0x08000138   Section        0  stm32f10x_it.o(.text)
    .text                                    0x08000194   Section        0  task.o(.text)
    .text                                    0x0800024c   Section        0  tled.o(.text)
    .text                                    0x08000308   Section        0  tsystick.o(.text)
    .text                                    0x08000370   Section        0  tgui.o(.text)
    .text                                    0x08000c98   Section        0  tguidemo.o(.text)
    .text                                    0x08000d6c   Section        0  tlcd_drive.o(.text)
    DelayMs                                  0x08000f41   Thumb Code    30  tlcd_drive.o(.text)
    .text                                    0x08001244   Section        0  tpwm.o(.text)
    TIM3_GPIO_Config                         0x08001245   Thumb Code    40  tpwm.o(.text)
    TIM3_Mode_Config                         0x0800126d   Thumb Code   128  tpwm.o(.text)
    .text                                    0x08001300   Section        0  tkey.o(.text)
    nvic_configuration                       0x08001301   Thumb Code    42  tkey.o(.text)
    .text                                    0x08001378   Section        0  tuart.o(.text)
    itoa                                     0x0800148f   Thumb Code    98  tuart.o(.text)
    .text                                    0x08001704   Section        0  stm32f10x_rcc.o(.text)
    .text                                    0x08001aa4   Section        0  stm32f10x_gpio.o(.text)
    .text                                    0x08001dfc   Section        0  misc.o(.text)
    .text                                    0x08001ed8   Section        0  stm32f10x_exti.o(.text)
    .text                                    0x08001ff4   Section        0  stm32f10x_usart.o(.text)
    .text                                    0x08002400   Section        0  stm32f10x_spi.o(.text)
    .text                                    0x08002710   Section        0  stm32f10x_tim.o(.text)
    TI4_Config                               0x08002b9b   Thumb Code   118  stm32f10x_tim.o(.text)
    TI3_Config                               0x08002c23   Thumb Code   114  stm32f10x_tim.o(.text)
    TI2_Config                               0x08002cab   Thumb Code   118  stm32f10x_tim.o(.text)
    TI1_Config                               0x08002d33   Thumb Code   106  stm32f10x_tim.o(.text)
    .text                                    0x080034c0   Section        0  system_stm32f10x.o(.text)
    SetSysClockTo72                          0x080034c1   Thumb Code   192  system_stm32f10x.o(.text)
    SetSysClock                              0x08003581   Thumb Code     8  system_stm32f10x.o(.text)
    .text                                    0x08003688   Section        0  uidiv.o(.text)
    .text                                    0x080036b4   Section       36  init.o(.text)
    i.__0printf$1                            0x080036d8   Section        0  printf1.o(i.__0printf$1)
    i.__scatterload_copy                     0x080036f8   Section       14  handlers.o(i.__scatterload_copy)
    i.__scatterload_null                     0x08003706   Section        2  handlers.o(i.__scatterload_null)
    i.__scatterload_zeroinit                 0x08003708   Section       14  handlers.o(i.__scatterload_zeroinit)
    i._printf_core                           0x08003718   Section        0  printf1.o(i._printf_core)
    _printf_core                             0x08003719   Thumb Code   332  printf1.o(i._printf_core)
    .constdata                               0x08003868   Section     6841  tgui.o(.constdata)
    .data                                    0x20000000   Section       60  task.o(.data)
    .data                                    0x2000003c   Section        5  tguidemo.o(.data)
    vertical                                 0x2000003c   Data           2  tguidemo.o(.data)
    level                                    0x2000003e   Data           2  tguidemo.o(.data)
    i                                        0x20000040   Data           1  tguidemo.o(.data)
    .data                                    0x20000041   Section        5  tuart.o(.data)
    i                                        0x20000045   Data           1  tuart.o(.data)
    .data                                    0x20000046   Section       20  stm32f10x_rcc.o(.data)
    APBAHBPrescTable                         0x20000046   Data          16  stm32f10x_rcc.o(.data)
    ADCPrescTable                            0x20000056   Data           4  stm32f10x_rcc.o(.data)
    .data                                    0x2000005c   Section       20  system_stm32f10x.o(.data)
    .data                                    0x20000070   Section        4  stdout.o(.data)
    .bss                                     0x20000074   Section       30  tuart.o(.bss)
    STACK                                    0x20000098   Section     1024  startup_stm32f10x_md.o(STACK)

    Global Symbols

    Symbol Name                              Value     Ov Type        Size  Object(Section)

    BuildAttributes$$THM_ISAv4$P$D$K$B$S$PE$A:L22UL41UL21$X:L11$S22US41US21$IEEE1$IW$USESV6$~STKCKD$USESV7$~SHL$OSPACE$ROPI$EBA8$MICROLIB$REQ8$PRES8$EABIv2 0x00000000   Number         0  anon$$obj.o ABSOLUTE
    __ARM_use_no_argv                        0x00000000   Number         0  main.o ABSOLUTE
    _printf_a                                0x00000000   Number         0  stubs.o ABSOLUTE
    _printf_c                                0x00000000   Number         0  stubs.o ABSOLUTE
    _printf_charcount                        0x00000000   Number         0  stubs.o ABSOLUTE
    _printf_d                                0x00000000   Number         0  stubs.o ABSOLUTE
    _printf_e                                0x00000000   Number         0  stubs.o ABSOLUTE
    _printf_f                                0x00000000   Number         0  stubs.o ABSOLUTE
    _printf_flags                            0x00000000   Number         0  stubs.o ABSOLUTE
    _printf_fp_dec                           0x00000000   Number         0  stubs.o ABSOLUTE
    _printf_fp_hex                           0x00000000   Number         0  stubs.o ABSOLUTE
    _printf_g                                0x00000000   Number         0  stubs.o ABSOLUTE
    _printf_i                                0x00000000   Number         0  stubs.o ABSOLUTE
    _printf_int_dec                          0x00000000   Number         0  stubs.o ABSOLUTE
    _printf_l                                0x00000000   Number         0  stubs.o ABSOLUTE
    _printf_lc                               0x00000000   Number         0  stubs.o ABSOLUTE
    _printf_ll                               0x00000000   Number         0  stubs.o ABSOLUTE
    _printf_lld                              0x00000000   Number         0  stubs.o ABSOLUTE
    _printf_lli                              0x00000000   Number         0  stubs.o ABSOLUTE
    _printf_llo                              0x00000000   Number         0  stubs.o ABSOLUTE
    _printf_llu                              0x00000000   Number         0  stubs.o ABSOLUTE
    _printf_llx                              0x00000000   Number         0  stubs.o ABSOLUTE
    _printf_longlong_dec                     0x00000000   Number         0  stubs.o ABSOLUTE
    _printf_longlong_hex                     0x00000000   Number         0  stubs.o ABSOLUTE
    _printf_longlong_oct                     0x00000000   Number         0  stubs.o ABSOLUTE
    _printf_ls                               0x00000000   Number         0  stubs.o ABSOLUTE
    _printf_mbtowc                           0x00000000   Number         0  stubs.o ABSOLUTE
    _printf_n                                0x00000000   Number         0  stubs.o ABSOLUTE
    _printf_o                                0x00000000   Number         0  stubs.o ABSOLUTE
    _printf_p                                0x00000000   Number         0  stubs.o ABSOLUTE
    _printf_percent                          0x00000000   Number         0  stubs.o ABSOLUTE
    _printf_pre_padding                      0x00000000   Number         0  stubs.o ABSOLUTE
    _printf_return_value                     0x00000000   Number         0  stubs.o ABSOLUTE
    _printf_s                                0x00000000   Number         0  stubs.o ABSOLUTE
    _printf_sizespec                         0x00000000   Number         0  stubs.o ABSOLUTE
    _printf_str                              0x00000000   Number         0  stubs.o ABSOLUTE
    _printf_truncate_signed                  0x00000000   Number         0  stubs.o ABSOLUTE
    _printf_truncate_unsigned                0x00000000   Number         0  stubs.o ABSOLUTE
    _printf_u                                0x00000000   Number         0  stubs.o ABSOLUTE
    _printf_wc                               0x00000000   Number         0  stubs.o ABSOLUTE
    _printf_wctomb                           0x00000000   Number         0  stubs.o ABSOLUTE
    _printf_widthprec                        0x00000000   Number         0  stubs.o ABSOLUTE
    _printf_x                                0x00000000   Number         0  stubs.o ABSOLUTE
    __decompress                              - Undefined Weak Reference
    _clock_init                               - Undefined Weak Reference
    __Vectors_Size                           0x000000ec   Number         0  startup_stm32f10x_md.o ABSOLUTE
    __Vectors                                0x08000000   Data           4  startup_stm32f10x_md.o(RESET)
    __Vectors_End                            0x080000ec   Data           0  startup_stm32f10x_md.o(RESET)
    __main                                   0x080000ed   Thumb Code     0  entry.o(.ARM.Collect$$$$00000000)
    _main_stk                                0x080000ed   Thumb Code     0  entry2.o(.ARM.Collect$$$$00000001)
    _main_scatterload                        0x080000f1   Thumb Code     0  entry5.o(.ARM.Collect$$$$00000004)
    __main_after_scatterload                 0x080000f5   Thumb Code     0  entry5.o(.ARM.Collect$$$$00000004)
    _main_clock                              0x080000f5   Thumb Code     0  entry7b.o(.ARM.Collect$$$$00000008)
    _main_init                               0x080000f5   Thumb Code     0  entry8.o(.ARM.Collect$$$$00000009)
    Reset_Handler                            0x08000101   Thumb Code     8  startup_stm32f10x_md.o(.text)
    ADC1_2_IRQHandler                        0x0800011b   Thumb Code     0  startup_stm32f10x_md.o(.text)
    CAN1_RX1_IRQHandler                      0x0800011b   Thumb Code     0  startup_stm32f10x_md.o(.text)
    CAN1_SCE_IRQHandler                      0x0800011b   Thumb Code     0  startup_stm32f10x_md.o(.text)
    DMA1_Channel1_IRQHandler                 0x0800011b   Thumb Code     0  startup_stm32f10x_md.o(.text)
    DMA1_Channel2_IRQHandler                 0x0800011b   Thumb Code     0  startup_stm32f10x_md.o(.text)
    DMA1_Channel3_IRQHandler                 0x0800011b   Thumb Code     0  startup_stm32f10x_md.o(.text)
    DMA1_Channel4_IRQHandler                 0x0800011b   Thumb Code     0  startup_stm32f10x_md.o(.text)
    DMA1_Channel5_IRQHandler                 0x0800011b   Thumb Code     0  startup_stm32f10x_md.o(.text)
    DMA1_Channel6_IRQHandler                 0x0800011b   Thumb Code     0  startup_stm32f10x_md.o(.text)
    DMA1_Channel7_IRQHandler                 0x0800011b   Thumb Code     0  startup_stm32f10x_md.o(.text)
    EXTI0_IRQHandler                         0x0800011b   Thumb Code     0  startup_stm32f10x_md.o(.text)
    EXTI15_10_IRQHandler                     0x0800011b   Thumb Code     0  startup_stm32f10x_md.o(.text)
    EXTI1_IRQHandler                         0x0800011b   Thumb Code     0  startup_stm32f10x_md.o(.text)
    EXTI2_IRQHandler                         0x0800011b   Thumb Code     0  startup_stm32f10x_md.o(.text)
    EXTI3_IRQHandler                         0x0800011b   Thumb Code     0  startup_stm32f10x_md.o(.text)
    EXTI4_IRQHandler                         0x0800011b   Thumb Code     0  startup_stm32f10x_md.o(.text)
    FLASH_IRQHandler                         0x0800011b   Thumb Code     0  startup_stm32f10x_md.o(.text)
    I2C1_ER_IRQHandler                       0x0800011b   Thumb Code     0  startup_stm32f10x_md.o(.text)
    I2C1_EV_IRQHandler                       0x0800011b   Thumb Code     0  startup_stm32f10x_md.o(.text)
    I2C2_ER_IRQHandler                       0x0800011b   Thumb Code     0  startup_stm32f10x_md.o(.text)
    I2C2_EV_IRQHandler                       0x0800011b   Thumb Code     0  startup_stm32f10x_md.o(.text)
    PVD_IRQHandler                           0x0800011b   Thumb Code     0  startup_stm32f10x_md.o(.text)
    RCC_IRQHandler                           0x0800011b   Thumb Code     0  startup_stm32f10x_md.o(.text)
    RTCAlarm_IRQHandler                      0x0800011b   Thumb Code     0  startup_stm32f10x_md.o(.text)
    RTC_IRQHandler                           0x0800011b   Thumb Code     0  startup_stm32f10x_md.o(.text)
    SPI1_IRQHandler                          0x0800011b   Thumb Code     0  startup_stm32f10x_md.o(.text)
    SPI2_IRQHandler                          0x0800011b   Thumb Code     0  startup_stm32f10x_md.o(.text)
    TAMPER_IRQHandler                        0x0800011b   Thumb Code     0  startup_stm32f10x_md.o(.text)
    TIM1_BRK_IRQHandler                      0x0800011b   Thumb Code     0  startup_stm32f10x_md.o(.text)
    TIM1_CC_IRQHandler                       0x0800011b   Thumb Code     0  startup_stm32f10x_md.o(.text)
    TIM1_TRG_COM_IRQHandler                  0x0800011b   Thumb Code     0  startup_stm32f10x_md.o(.text)
    TIM1_UP_IRQHandler                       0x0800011b   Thumb Code     0  startup_stm32f10x_md.o(.text)
    TIM2_IRQHandler                          0x0800011b   Thumb Code     0  startup_stm32f10x_md.o(.text)
    TIM3_IRQHandler                          0x0800011b   Thumb Code     0  startup_stm32f10x_md.o(.text)
    TIM4_IRQHandler                          0x0800011b   Thumb Code     0  startup_stm32f10x_md.o(.text)
    USART2_IRQHandler                        0x0800011b   Thumb Code     0  startup_stm32f10x_md.o(.text)
    USART3_IRQHandler                        0x0800011b   Thumb Code     0  startup_stm32f10x_md.o(.text)
    USBWakeUp_IRQHandler                     0x0800011b   Thumb Code     0  startup_stm32f10x_md.o(.text)
    USB_HP_CAN1_TX_IRQHandler                0x0800011b   Thumb Code     0  startup_stm32f10x_md.o(.text)
    USB_LP_CAN1_RX0_IRQHandler               0x0800011b   Thumb Code     0  startup_stm32f10x_md.o(.text)
    WWDG_IRQHandler                          0x0800011b   Thumb Code     0  startup_stm32f10x_md.o(.text)
    main                                     0x08000125   Thumb Code    14  main.o(.text)
    NMI_Handler                              0x08000139   Thumb Code     2  stm32f10x_it.o(.text)
    HardFault_Handler                        0x0800013b   Thumb Code     4  stm32f10x_it.o(.text)
    MemManage_Handler                        0x0800013f   Thumb Code     4  stm32f10x_it.o(.text)
    BusFault_Handler                         0x08000143   Thumb Code     4  stm32f10x_it.o(.text)
    UsageFault_Handler                       0x08000147   Thumb Code     4  stm32f10x_it.o(.text)
    SVC_Handler                              0x0800014b   Thumb Code     2  stm32f10x_it.o(.text)
    DebugMon_Handler                         0x0800014d   Thumb Code     2  stm32f10x_it.o(.text)
    PendSV_Handler                           0x0800014f   Thumb Code     2  stm32f10x_it.o(.text)
    SysTick_Handler                          0x08000151   Thumb Code    10  stm32f10x_it.o(.text)
    EXTI9_5_IRQHandler                       0x0800015b   Thumb Code    42  stm32f10x_it.o(.text)
    USART1_IRQHandler                        0x08000185   Thumb Code     8  stm32f10x_it.o(.text)
    TaskInit                                 0x08000195   Thumb Code    36  task.o(.text)
    TPCRemarks                               0x080001b9   Thumb Code    94  task.o(.text)
    TPCProcess                               0x08000217   Thumb Code    52  task.o(.text)
    LedGpioConfig                            0x0800024d   Thumb Code    50  tled.o(.text)
    LEDdisplay                               0x0800027f   Thumb Code   106  tled.o(.text)
    LED1on                                   0x080002e9   Thumb Code    28  tled.o(.text)
    SystickInit                              0x08000309   Thumb Code    92  tsystick.o(.text)
    Gui_Circle                               0x08000371   Thumb Code   300  tgui.o(.text)
    Gui_DrawLine                             0x0800049d   Thumb Code   186  tgui.o(.text)
    Gui_box                                  0x08000557   Thumb Code   148  tgui.o(.text)
    Gui_box2                                 0x080005eb   Thumb Code   326  tgui.o(.text)
    DisplayButtonDown                        0x08000731   Thumb Code   130  tgui.o(.text)
    DisplayButtonUp                          0x080007b3   Thumb Code   128  tgui.o(.text)
    Gui_DrawFont_GBK16                       0x08000833   Thumb Code   394  tgui.o(.text)
    Gui_DrawFont_GBK24                       0x080009bd   Thumb Code   486  tgui.o(.text)
    Gui_DrawFont_Num32                       0x08000ba3   Thumb Code   124  tgui.o(.text)
    Gui_DrawFont_Num16                       0x08000c1f   Thumb Code   120  tgui.o(.text)
    Draw_Menu                                0x08000c99   Thumb Code    38  tguidemo.o(.text)
    TaskLineLevel                            0x08000cbf   Thumb Code   104  tguidemo.o(.text)
    TaskDrawNum                              0x08000d27   Thumb Code    48  tguidemo.o(.text)
    LCD_GPIO_Init                            0x08000d6d   Thumb Code    40  tlcd_drive.o(.text)
    SPIv_WriteData                           0x08000d95   Thumb Code    60  tlcd_drive.o(.text)
    SPI_WriteByte                            0x08000dd1   Thumb Code    30  tlcd_drive.o(.text)
    SPI_SetSpeed                             0x08000def   Thumb Code    38  tlcd_drive.o(.text)
    SPI2_Init                                0x08000e15   Thumb Code   178  tlcd_drive.o(.text)
    Lcd_WriteIndex                           0x08000ec7   Thumb Code    38  tlcd_drive.o(.text)
    Lcd_WriteData                            0x08000eed   Thumb Code    40  tlcd_drive.o(.text)
    Lcd_WriteReg                             0x08000f15   Thumb Code    26  tlcd_drive.o(.text)
    Lcd_WriteData_16Bit                      0x08000f2f   Thumb Code    18  tlcd_drive.o(.text)
    Lcd_Reset                                0x08000f5f   Thumb Code    40  tlcd_drive.o(.text)
    Lcd_Init                                 0x08000f87   Thumb Code   540  tlcd_drive.o(.text)
    Lcd_SetXY                                0x080011a3   Thumb Code    30  tlcd_drive.o(.text)
    Lcd_setRegion                            0x080011c1   Thumb Code    54  tlcd_drive.o(.text)
    Gui_DrawPoint                            0x080011f7   Thumb Code    24  tlcd_drive.o(.text)
    Lcd_Clear                                0x0800120f   Thumb Code    52  tlcd_drive.o(.text)
    TIM3_PWM_init                            0x080012ed   Thumb Code    12  tpwm.o(.text)
    KeyExit_pb7_config                       0x0800132b   Thumb Code    72  tkey.o(.text)
    uart_init                                0x08001379   Thumb Code   158  tuart.o(.text)
    USART1_SendByte                          0x08001417   Thumb Code    28  tuart.o(.text)
    usart1_sendback                          0x08001433   Thumb Code    62  tuart.o(.text)
    fputc                                    0x08001471   Thumb Code    30  tuart.o(.text)
    USART1_printf                            0x080014f1   Thumb Code   262  tuart.o(.text)
    UART1Receive                             0x080015f7   Thumb Code   188  tuart.o(.text)
    Usart1SendBackTest                       0x080016b3   Thumb Code    40  tuart.o(.text)
    RCC_DeInit                               0x08001705   Thumb Code    64  stm32f10x_rcc.o(.text)
    RCC_HSEConfig                            0x08001745   Thumb Code    70  stm32f10x_rcc.o(.text)
    RCC_GetFlagStatus                        0x0800178b   Thumb Code    56  stm32f10x_rcc.o(.text)
    RCC_WaitForHSEStartUp                    0x080017c3   Thumb Code    48  stm32f10x_rcc.o(.text)
    RCC_AdjustHSICalibrationValue            0x080017f3   Thumb Code    20  stm32f10x_rcc.o(.text)
    RCC_HSICmd                               0x08001807   Thumb Code     6  stm32f10x_rcc.o(.text)
    RCC_PLLConfig                            0x0800180d   Thumb Code    24  stm32f10x_rcc.o(.text)
    RCC_PLLCmd                               0x08001825   Thumb Code     6  stm32f10x_rcc.o(.text)
    RCC_SYSCLKConfig                         0x0800182b   Thumb Code    18  stm32f10x_rcc.o(.text)
    RCC_GetSYSCLKSource                      0x0800183d   Thumb Code    10  stm32f10x_rcc.o(.text)
    RCC_HCLKConfig                           0x08001847   Thumb Code    18  stm32f10x_rcc.o(.text)
    RCC_PCLK1Config                          0x08001859   Thumb Code    18  stm32f10x_rcc.o(.text)
    RCC_PCLK2Config                          0x0800186b   Thumb Code    20  stm32f10x_rcc.o(.text)
    RCC_ITConfig                             0x0800187f   Thumb Code    30  stm32f10x_rcc.o(.text)
    RCC_USBCLKConfig                         0x0800189d   Thumb Code     6  stm32f10x_rcc.o(.text)
    RCC_ADCCLKConfig                         0x080018a3   Thumb Code    18  stm32f10x_rcc.o(.text)
    RCC_LSEConfig                            0x080018b5   Thumb Code    44  stm32f10x_rcc.o(.text)
    RCC_LSICmd                               0x080018e1   Thumb Code     6  stm32f10x_rcc.o(.text)
    RCC_RTCCLKConfig                         0x080018e7   Thumb Code    12  stm32f10x_rcc.o(.text)
    RCC_RTCCLKCmd                            0x080018f3   Thumb Code     8  stm32f10x_rcc.o(.text)
    RCC_GetClocksFreq                        0x080018fb   Thumb Code   192  stm32f10x_rcc.o(.text)
    RCC_AHBPeriphClockCmd                    0x080019bb   Thumb Code    26  stm32f10x_rcc.o(.text)
    RCC_APB2PeriphClockCmd                   0x080019d5   Thumb Code    26  stm32f10x_rcc.o(.text)
    RCC_APB1PeriphClockCmd                   0x080019ef   Thumb Code    26  stm32f10x_rcc.o(.text)
    RCC_APB2PeriphResetCmd                   0x08001a09   Thumb Code    26  stm32f10x_rcc.o(.text)
    RCC_APB1PeriphResetCmd                   0x08001a23   Thumb Code    26  stm32f10x_rcc.o(.text)
    RCC_BackupResetCmd                       0x08001a3d   Thumb Code     8  stm32f10x_rcc.o(.text)
    RCC_ClockSecuritySystemCmd               0x08001a45   Thumb Code     6  stm32f10x_rcc.o(.text)
    RCC_MCOConfig                            0x08001a4b   Thumb Code     6  stm32f10x_rcc.o(.text)
    RCC_ClearFlag                            0x08001a51   Thumb Code    14  stm32f10x_rcc.o(.text)
    RCC_GetITStatus                          0x08001a5f   Thumb Code    20  stm32f10x_rcc.o(.text)
    RCC_ClearITPendingBit                    0x08001a73   Thumb Code     6  stm32f10x_rcc.o(.text)
    GPIO_DeInit                              0x08001aa5   Thumb Code   172  stm32f10x_gpio.o(.text)
    GPIO_AFIODeInit                          0x08001b51   Thumb Code    20  stm32f10x_gpio.o(.text)
    GPIO_Init                                0x08001b65   Thumb Code   274  stm32f10x_gpio.o(.text)
    GPIO_StructInit                          0x08001c77   Thumb Code    16  stm32f10x_gpio.o(.text)
    GPIO_ReadInputDataBit                    0x08001c87   Thumb Code    18  stm32f10x_gpio.o(.text)
    GPIO_ReadInputData                       0x08001c99   Thumb Code     8  stm32f10x_gpio.o(.text)
    GPIO_ReadOutputDataBit                   0x08001ca1   Thumb Code    18  stm32f10x_gpio.o(.text)
    GPIO_ReadOutputData                      0x08001cb3   Thumb Code     8  stm32f10x_gpio.o(.text)
    GPIO_SetBits                             0x08001cbb   Thumb Code     4  stm32f10x_gpio.o(.text)
    GPIO_ResetBits                           0x08001cbf   Thumb Code     4  stm32f10x_gpio.o(.text)
    GPIO_WriteBit                            0x08001cc3   Thumb Code    10  stm32f10x_gpio.o(.text)
    GPIO_Write                               0x08001ccd   Thumb Code     4  stm32f10x_gpio.o(.text)
    GPIO_PinLockConfig                       0x08001cd1   Thumb Code    18  stm32f10x_gpio.o(.text)
    GPIO_EventOutputConfig                   0x08001ce3   Thumb Code    26  stm32f10x_gpio.o(.text)
    GPIO_EventOutputCmd                      0x08001cfd   Thumb Code     6  stm32f10x_gpio.o(.text)
    GPIO_PinRemapConfig                      0x08001d03   Thumb Code   138  stm32f10x_gpio.o(.text)
    GPIO_EXTILineConfig                      0x08001d8d   Thumb Code    66  stm32f10x_gpio.o(.text)
    GPIO_ETH_MediaInterfaceConfig            0x08001dcf   Thumb Code     6  stm32f10x_gpio.o(.text)
    NVIC_PriorityGroupConfig                 0x08001dfd   Thumb Code    10  misc.o(.text)
    NVIC_Init                                0x08001e07   Thumb Code   102  misc.o(.text)
    NVIC_SetVectorTable                      0x08001e6d   Thumb Code    14  misc.o(.text)
    NVIC_SystemLPConfig                      0x08001e7b   Thumb Code    34  misc.o(.text)
    SysTick_CLKSourceConfig                  0x08001e9d   Thumb Code    40  misc.o(.text)
    EXTI_DeInit                              0x08001ed9   Thumb Code    28  stm32f10x_exti.o(.text)
    EXTI_Init                                0x08001ef5   Thumb Code   142  stm32f10x_exti.o(.text)
    EXTI_StructInit                          0x08001f83   Thumb Code    16  stm32f10x_exti.o(.text)
    EXTI_GenerateSWInterrupt                 0x08001f93   Thumb Code    16  stm32f10x_exti.o(.text)
    EXTI_GetFlagStatus                       0x08001fa3   Thumb Code    22  stm32f10x_exti.o(.text)
    EXTI_ClearFlag                           0x08001fb9   Thumb Code     8  stm32f10x_exti.o(.text)
    EXTI_GetITStatus                         0x08001fc1   Thumb Code    34  stm32f10x_exti.o(.text)
    EXTI_ClearITPendingBit                   0x08001fe3   Thumb Code     8  stm32f10x_exti.o(.text)
    USART_DeInit                             0x08001ff5   Thumb Code   134  stm32f10x_usart.o(.text)
    USART_Init                               0x0800207b   Thumb Code   210  stm32f10x_usart.o(.text)
    USART_StructInit                         0x0800214d   Thumb Code    24  stm32f10x_usart.o(.text)
    USART_ClockInit                          0x08002165   Thumb Code    34  stm32f10x_usart.o(.text)
    USART_ClockStructInit                    0x08002187   Thumb Code    12  stm32f10x_usart.o(.text)
    USART_Cmd                                0x08002193   Thumb Code    24  stm32f10x_usart.o(.text)
    USART_ITConfig                           0x080021ab   Thumb Code    74  stm32f10x_usart.o(.text)
    USART_DMACmd                             0x080021f5   Thumb Code    24  stm32f10x_usart.o(.text)
    USART_SetAddress                         0x0800220d   Thumb Code    18  stm32f10x_usart.o(.text)
    USART_WakeUpConfig                       0x0800221f   Thumb Code    18  stm32f10x_usart.o(.text)
    USART_ReceiverWakeUpCmd                  0x08002231   Thumb Code    24  stm32f10x_usart.o(.text)
    USART_LINBreakDetectLengthConfig         0x08002249   Thumb Code    18  stm32f10x_usart.o(.text)
    USART_LINCmd                             0x0800225b   Thumb Code    24  stm32f10x_usart.o(.text)
    USART_SendData                           0x08002273   Thumb Code     8  stm32f10x_usart.o(.text)
    USART_ReceiveData                        0x0800227b   Thumb Code    10  stm32f10x_usart.o(.text)
    USART_SendBreak                          0x08002285   Thumb Code    10  stm32f10x_usart.o(.text)
    USART_SetGuardTime                       0x0800228f   Thumb Code    16  stm32f10x_usart.o(.text)
    USART_SetPrescaler                       0x0800229f   Thumb Code    16  stm32f10x_usart.o(.text)
    USART_SmartCardCmd                       0x080022af   Thumb Code    24  stm32f10x_usart.o(.text)
    USART_SmartCardNACKCmd                   0x080022c7   Thumb Code    24  stm32f10x_usart.o(.text)
    USART_HalfDuplexCmd                      0x080022df   Thumb Code    24  stm32f10x_usart.o(.text)
    USART_OverSampling8Cmd                   0x080022f7   Thumb Code    22  stm32f10x_usart.o(.text)
    USART_OneBitMethodCmd                    0x0800230d   Thumb Code    24  stm32f10x_usart.o(.text)
    USART_IrDAConfig                         0x08002325   Thumb Code    18  stm32f10x_usart.o(.text)
    USART_IrDACmd                            0x08002337   Thumb Code    24  stm32f10x_usart.o(.text)
    USART_GetFlagStatus                      0x0800234f   Thumb Code    26  stm32f10x_usart.o(.text)
    USART_ClearFlag                          0x08002369   Thumb Code    18  stm32f10x_usart.o(.text)
    USART_GetITStatus                        0x0800237b   Thumb Code    84  stm32f10x_usart.o(.text)
    USART_ClearITPendingBit                  0x080023cf   Thumb Code    50  stm32f10x_usart.o(.text)
    SPI_I2S_DeInit                           0x08002401   Thumb Code    76  stm32f10x_spi.o(.text)
    SPI_Init                                 0x0800244d   Thumb Code    60  stm32f10x_spi.o(.text)
    I2S_Init                                 0x08002489   Thumb Code   222  stm32f10x_spi.o(.text)
    SPI_StructInit                           0x08002567   Thumb Code    24  stm32f10x_spi.o(.text)
    I2S_StructInit                           0x0800257f   Thumb Code    20  stm32f10x_spi.o(.text)
    SPI_Cmd                                  0x08002593   Thumb Code    24  stm32f10x_spi.o(.text)
    I2S_Cmd                                  0x080025ab   Thumb Code    24  stm32f10x_spi.o(.text)
    SPI_I2S_ITConfig                         0x080025c3   Thumb Code    36  stm32f10x_spi.o(.text)
    SPI_I2S_DMACmd                           0x080025e7   Thumb Code    24  stm32f10x_spi.o(.text)
    SPI_I2S_SendData                         0x080025ff   Thumb Code     4  stm32f10x_spi.o(.text)
    SPI_I2S_ReceiveData                      0x08002603   Thumb Code     6  stm32f10x_spi.o(.text)
    SPI_NSSInternalSoftwareConfig            0x08002609   Thumb Code    30  stm32f10x_spi.o(.text)
    SPI_SSOutputCmd                          0x08002627   Thumb Code    24  stm32f10x_spi.o(.text)
    SPI_DataSizeConfig                       0x0800263f   Thumb Code    18  stm32f10x_spi.o(.text)
    SPI_TransmitCRC                          0x08002651   Thumb Code    10  stm32f10x_spi.o(.text)
    SPI_CalculateCRC                         0x0800265b   Thumb Code    24  stm32f10x_spi.o(.text)
    SPI_GetCRC                               0x08002673   Thumb Code    16  stm32f10x_spi.o(.text)
    SPI_GetCRCPolynomial                     0x08002683   Thumb Code     6  stm32f10x_spi.o(.text)
    SPI_BiDirectionalLineConfig              0x08002689   Thumb Code    28  stm32f10x_spi.o(.text)
    SPI_I2S_GetFlagStatus                    0x080026a5   Thumb Code    18  stm32f10x_spi.o(.text)
    SPI_I2S_ClearFlag                        0x080026b7   Thumb Code     6  stm32f10x_spi.o(.text)
    SPI_I2S_GetITStatus                      0x080026bd   Thumb Code    52  stm32f10x_spi.o(.text)
    SPI_I2S_ClearITPendingBit                0x080026f1   Thumb Code    20  stm32f10x_spi.o(.text)
    TIM_DeInit                               0x08002711   Thumb Code   424  stm32f10x_tim.o(.text)
    TIM_TimeBaseInit                         0x080028b9   Thumb Code   122  stm32f10x_tim.o(.text)
    TIM_OC1Init                              0x08002933   Thumb Code   132  stm32f10x_tim.o(.text)
    TIM_OC2Init                              0x080029b7   Thumb Code   146  stm32f10x_tim.o(.text)
    TIM_OC3Init                              0x08002a49   Thumb Code   142  stm32f10x_tim.o(.text)
    TIM_OC4Init                              0x08002ad7   Thumb Code   174  stm32f10x_tim.o(.text)
    TIM_SetIC4Prescaler                      0x08002b85   Thumb Code    22  stm32f10x_tim.o(.text)
    TIM_SetIC3Prescaler                      0x08002c11   Thumb Code    18  stm32f10x_tim.o(.text)
    TIM_SetIC2Prescaler                      0x08002c95   Thumb Code    22  stm32f10x_tim.o(.text)
    TIM_SetIC1Prescaler                      0x08002d21   Thumb Code    18  stm32f10x_tim.o(.text)
    TIM_ICInit                               0x08002d9d   Thumb Code   150  stm32f10x_tim.o(.text)
    TIM_PWMIConfig                           0x08002e33   Thumb Code   124  stm32f10x_tim.o(.text)
    TIM_BDTRConfig                           0x08002eaf   Thumb Code    32  stm32f10x_tim.o(.text)
    TIM_TimeBaseStructInit                   0x08002ecf   Thumb Code    18  stm32f10x_tim.o(.text)
    TIM_OCStructInit                         0x08002ee1   Thumb Code    20  stm32f10x_tim.o(.text)
    TIM_ICStructInit                         0x08002ef5   Thumb Code    18  stm32f10x_tim.o(.text)
    TIM_BDTRStructInit                       0x08002f07   Thumb Code    18  stm32f10x_tim.o(.text)
    TIM_Cmd                                  0x08002f19   Thumb Code    24  stm32f10x_tim.o(.text)
    TIM_CtrlPWMOutputs                       0x08002f31   Thumb Code    50  stm32f10x_tim.o(.text)
    TIM_ITConfig                             0x08002f63   Thumb Code    24  stm32f10x_tim.o(.text)
    TIM_GenerateEvent                        0x08002f7b   Thumb Code     4  stm32f10x_tim.o(.text)
    TIM_DMAConfig                            0x08002f7f   Thumb Code    10  stm32f10x_tim.o(.text)
    TIM_DMACmd                               0x08002f89   Thumb Code    24  stm32f10x_tim.o(.text)
    TIM_InternalClockConfig                  0x08002fa1   Thumb Code    12  stm32f10x_tim.o(.text)
    TIM_SelectInputTrigger                   0x08002fad   Thumb Code    18  stm32f10x_tim.o(.text)
    TIM_ITRxExternalClockConfig              0x08002fbf   Thumb Code    24  stm32f10x_tim.o(.text)
    TIM_TIxExternalClockConfig               0x08002fd7   Thumb Code    62  stm32f10x_tim.o(.text)
    TIM_ETRConfig                            0x08003015   Thumb Code    24  stm32f10x_tim.o(.text)
    TIM_ETRClockMode1Config                  0x0800302d   Thumb Code    54  stm32f10x_tim.o(.text)
    TIM_ETRClockMode2Config                  0x08003063   Thumb Code    32  stm32f10x_tim.o(.text)
    TIM_PrescalerConfig                      0x08003083   Thumb Code     6  stm32f10x_tim.o(.text)
    TIM_CounterModeConfig                    0x08003089   Thumb Code    18  stm32f10x_tim.o(.text)
    TIM_EncoderInterfaceConfig               0x0800309b   Thumb Code    62  stm32f10x_tim.o(.text)
    TIM_ForcedOC1Config                      0x080030d9   Thumb Code    18  stm32f10x_tim.o(.text)
    TIM_ForcedOC2Config                      0x080030eb   Thumb Code    22  stm32f10x_tim.o(.text)
    TIM_ForcedOC3Config                      0x08003101   Thumb Code    18  stm32f10x_tim.o(.text)
    TIM_ForcedOC4Config                      0x08003113   Thumb Code    22  stm32f10x_tim.o(.text)
    TIM_ARRPreloadConfig                     0x08003129   Thumb Code    24  stm32f10x_tim.o(.text)
    TIM_SelectCOM                            0x08003141   Thumb Code    24  stm32f10x_tim.o(.text)
    TIM_SelectCCDMA                          0x08003159   Thumb Code    24  stm32f10x_tim.o(.text)
    TIM_CCPreloadControl                     0x08003171   Thumb Code    24  stm32f10x_tim.o(.text)
    TIM_OC1PreloadConfig                     0x08003189   Thumb Code    18  stm32f10x_tim.o(.text)
    TIM_OC2PreloadConfig                     0x0800319b   Thumb Code    22  stm32f10x_tim.o(.text)
    TIM_OC3PreloadConfig                     0x080031b1   Thumb Code    18  stm32f10x_tim.o(.text)
    TIM_OC4PreloadConfig                     0x080031c3   Thumb Code    22  stm32f10x_tim.o(.text)
    TIM_OC1FastConfig                        0x080031d9   Thumb Code    18  stm32f10x_tim.o(.text)
    TIM_OC2FastConfig                        0x080031eb   Thumb Code    22  stm32f10x_tim.o(.text)
    TIM_OC3FastConfig                        0x08003201   Thumb Code    18  stm32f10x_tim.o(.text)
    TIM_OC4FastConfig                        0x08003213   Thumb Code    22  stm32f10x_tim.o(.text)
    TIM_ClearOC1Ref                          0x08003229   Thumb Code    18  stm32f10x_tim.o(.text)
    TIM_ClearOC2Ref                          0x0800323b   Thumb Code    20  stm32f10x_tim.o(.text)
    TIM_ClearOC3Ref                          0x0800324f   Thumb Code    18  stm32f10x_tim.o(.text)
    TIM_ClearOC4Ref                          0x08003261   Thumb Code    20  stm32f10x_tim.o(.text)
    TIM_OC1PolarityConfig                    0x08003275   Thumb Code    18  stm32f10x_tim.o(.text)
    TIM_OC1NPolarityConfig                   0x08003287   Thumb Code    18  stm32f10x_tim.o(.text)
    TIM_OC2PolarityConfig                    0x08003299   Thumb Code    22  stm32f10x_tim.o(.text)
    TIM_OC2NPolarityConfig                   0x080032af   Thumb Code    22  stm32f10x_tim.o(.text)
    TIM_OC3PolarityConfig                    0x080032c5   Thumb Code    22  stm32f10x_tim.o(.text)
    TIM_OC3NPolarityConfig                   0x080032db   Thumb Code    22  stm32f10x_tim.o(.text)
    TIM_OC4PolarityConfig                    0x080032f1   Thumb Code    22  stm32f10x_tim.o(.text)
    TIM_CCxCmd                               0x08003307   Thumb Code    34  stm32f10x_tim.o(.text)
    TIM_CCxNCmd                              0x08003329   Thumb Code    34  stm32f10x_tim.o(.text)
    TIM_SelectOCxM                           0x0800334b   Thumb Code    82  stm32f10x_tim.o(.text)
    TIM_UpdateDisableConfig                  0x0800339d   Thumb Code    24  stm32f10x_tim.o(.text)
    TIM_UpdateRequestConfig                  0x080033b5   Thumb Code    24  stm32f10x_tim.o(.text)
    TIM_SelectHallSensor                     0x080033cd   Thumb Code    24  stm32f10x_tim.o(.text)
    TIM_SelectOnePulseMode                   0x080033e5   Thumb Code    18  stm32f10x_tim.o(.text)
    TIM_SelectOutputTrigger                  0x080033f7   Thumb Code    18  stm32f10x_tim.o(.text)
    TIM_SelectSlaveMode                      0x08003409   Thumb Code    18  stm32f10x_tim.o(.text)
    TIM_SelectMasterSlaveMode                0x0800341b   Thumb Code    18  stm32f10x_tim.o(.text)
    TIM_SetCounter                           0x0800342d   Thumb Code     4  stm32f10x_tim.o(.text)
    TIM_SetAutoreload                        0x08003431   Thumb Code     4  stm32f10x_tim.o(.text)
    TIM_SetCompare1                          0x08003435   Thumb Code     4  stm32f10x_tim.o(.text)
    TIM_SetCompare2                          0x08003439   Thumb Code     4  stm32f10x_tim.o(.text)
    TIM_SetCompare3                          0x0800343d   Thumb Code     4  stm32f10x_tim.o(.text)
    TIM_SetCompare4                          0x08003441   Thumb Code     6  stm32f10x_tim.o(.text)
    TIM_SetClockDivision                     0x08003447   Thumb Code    18  stm32f10x_tim.o(.text)
    TIM_GetCapture1                          0x08003459   Thumb Code     6  stm32f10x_tim.o(.text)
    TIM_GetCapture2                          0x0800345f   Thumb Code     6  stm32f10x_tim.o(.text)
    TIM_GetCapture3                          0x08003465   Thumb Code     6  stm32f10x_tim.o(.text)
    TIM_GetCapture4                          0x0800346b   Thumb Code     8  stm32f10x_tim.o(.text)
    TIM_GetCounter                           0x08003473   Thumb Code     6  stm32f10x_tim.o(.text)
    TIM_GetPrescaler                         0x08003479   Thumb Code     6  stm32f10x_tim.o(.text)
    TIM_GetFlagStatus                        0x0800347f   Thumb Code    18  stm32f10x_tim.o(.text)
    TIM_ClearFlag                            0x08003491   Thumb Code     6  stm32f10x_tim.o(.text)
    TIM_GetITStatus                          0x08003497   Thumb Code    34  stm32f10x_tim.o(.text)
    TIM_ClearITPendingBit                    0x080034b9   Thumb Code     6  stm32f10x_tim.o(.text)
    SystemInit                               0x08003589   Thumb Code    78  system_stm32f10x.o(.text)
    SystemCoreClockUpdate                    0x080035d7   Thumb Code   142  system_stm32f10x.o(.text)
    __aeabi_uidiv                            0x08003689   Thumb Code     0  uidiv.o(.text)
    __aeabi_uidivmod                         0x08003689   Thumb Code    44  uidiv.o(.text)
    __scatterload                            0x080036b5   Thumb Code    28  init.o(.text)
    __scatterload_rt2                        0x080036b5   Thumb Code     0  init.o(.text)
    __0printf$1                              0x080036d9   Thumb Code    22  printf1.o(i.__0printf$1)
    __1printf$1                              0x080036d9   Thumb Code     0  printf1.o(i.__0printf$1)
    __2printf                                0x080036d9   Thumb Code     0  printf1.o(i.__0printf$1)
    __scatterload_copy                       0x080036f9   Thumb Code    14  handlers.o(i.__scatterload_copy)
    __scatterload_null                       0x08003707   Thumb Code     2  handlers.o(i.__scatterload_null)
    __scatterload_zeroinit                   0x08003709   Thumb Code    14  handlers.o(i.__scatterload_zeroinit)
    asc16                                    0x08003868   Data        1521  tgui.o(.constdata)
    sz16                                     0x08003e59   Data         225  tgui.o(.constdata)
    sz32                                     0x08003f3a   Data        1921  tgui.o(.constdata)
    hz16                                     0x080046bb   Data        1768  tgui.o(.constdata)
    hz24                                     0x08004da3   Data        1406  tgui.o(.constdata)
    Region$$Table$$Base                      0x08005324   Number         0  anon$$obj.o(Region$$Table)
    Region$$Table$$Limit                     0x08005344   Number         0  anon$$obj.o(Region$$Table)
    TaskComps                                0x20000000   Data          60  task.o(.data)
    usart1_rx                                0x20000041   Data           1  tuart.o(.data)
    usart1_tx                                0x20000042   Data           1  tuart.o(.data)
    usart1_len                               0x20000043   Data           1  tuart.o(.data)
    usart1_sta                               0x20000044   Data           1  tuart.o(.data)
    SystemCoreClock                          0x2000005c   Data           4  system_stm32f10x.o(.data)
    AHBPrescTable                            0x20000060   Data          16  system_stm32f10x.o(.data)
    __stdout                                 0x20000070   Data           4  stdout.o(.data)
    usart1_buf                               0x20000074   Data          15  tuart.o(.bss)
    usart1_recdata                           0x20000083   Data          15  tuart.o(.bss)
    __initial_sp                             0x20000498   Data           0  startup_stm32f10x_md.o(STACK)



==============================================================================

Memory Map of the image

  Image Entry point : 0x080000ed

  Load Region LR_IROM1 (Base: 0x08000000, Size: 0x000053b8, Max: 0x00020000, ABSOLUTE)

    Execution Region ER_IROM1 (Base: 0x08000000, Size: 0x00005344, Max: 0x00020000, ABSOLUTE)

    Base Addr    Size         Type   Attr      Idx    E Section Name        Object

    0x08000000   0x000000ec   Data   RO            3    RESET               startup_stm32f10x_md.o
    0x080000ec   0x00000000   Code   RO          413  * .ARM.Collect$$$$00000000  mc_w.l(entry.o)
    0x080000ec   0x00000004   Code   RO          677    .ARM.Collect$$$$00000001  mc_w.l(entry2.o)
    0x080000f0   0x00000004   Code   RO          680    .ARM.Collect$$$$00000004  mc_w.l(entry5.o)
    0x080000f4   0x00000000   Code   RO          682    .ARM.Collect$$$$00000008  mc_w.l(entry7b.o)
    0x080000f4   0x00000008   Code   RO          683    .ARM.Collect$$$$00000009  mc_w.l(entry8.o)
    0x080000fc   0x00000004   Code   RO          678    .ARM.Collect$$$$00002712  mc_w.l(entry2.o)
    0x08000100   0x00000024   Code   RO            4    .text               startup_stm32f10x_md.o
    0x08000124   0x00000014   Code   RO           10    .text               main.o
    0x08000138   0x0000005c   Code   RO          109    .text               stm32f10x_it.o
    0x08000194   0x000000b6   Code   RO          121    .text               task.o
    0x0800024a   0x00000002   PAD
    0x0800024c   0x000000bc   Code   RO          139    .text               tled.o
    0x08000308   0x00000068   Code   RO          151    .text               tsystick.o
    0x08000370   0x00000926   Code   RO          167    .text               tgui.o
    0x08000c96   0x00000002   PAD
    0x08000c98   0x000000d4   Code   RO          185    .text               tguidemo.o
    0x08000d6c   0x000004d6   Code   RO          198    .text               tlcd_drive.o
    0x08001242   0x00000002   PAD
    0x08001244   0x000000bc   Code   RO          210    .text               tpwm.o
    0x08001300   0x00000078   Code   RO          222    .text               tkey.o
    0x08001378   0x0000038c   Code   RO          234    .text               tuart.o
    0x08001704   0x000003a0   Code   RO          260    .text               stm32f10x_rcc.o
    0x08001aa4   0x00000358   Code   RO          277    .text               stm32f10x_gpio.o
    0x08001dfc   0x000000dc   Code   RO          289    .text               misc.o
    0x08001ed8   0x0000011c   Code   RO          301    .text               stm32f10x_exti.o
    0x08001ff4   0x0000040c   Code   RO          337    .text               stm32f10x_usart.o
    0x08002400   0x00000310   Code   RO          361    .text               stm32f10x_spi.o
    0x08002710   0x00000dae   Code   RO          373    .text               stm32f10x_tim.o
    0x080034be   0x00000002   PAD
    0x080034c0   0x000001c8   Code   RO          395    .text               system_stm32f10x.o
    0x08003688   0x0000002c   Code   RO          685    .text               mc_w.l(uidiv.o)
    0x080036b4   0x00000024   Code   RO          700    .text               mc_w.l(init.o)
    0x080036d8   0x00000020   Code   RO          461    i.__0printf$1       mc_w.l(printf1.o)
    0x080036f8   0x0000000e   Code   RO          712    i.__scatterload_copy  mc_w.l(handlers.o)
    0x08003706   0x00000002   Code   RO          713    i.__scatterload_null  mc_w.l(handlers.o)
    0x08003708   0x0000000e   Code   RO          714    i.__scatterload_zeroinit  mc_w.l(handlers.o)
    0x08003716   0x00000002   PAD
    0x08003718   0x00000150   Code   RO          468    i._printf_core      mc_w.l(printf1.o)
    0x08003868   0x00001ab9   Data   RO          168    .constdata          tgui.o
    0x08005321   0x00000003   PAD
    0x08005324   0x00000020   Data   RO          710    Region$$Table       anon$$obj.o


    Execution Region RW_IRAM1 (Base: 0x20000000, Size: 0x00000498, Max: 0x00005000, ABSOLUTE)

    Base Addr    Size         Type   Attr      Idx    E Section Name        Object

    0x20000000   0x0000003c   Data   RW          122    .data               task.o
    0x2000003c   0x00000005   Data   RW          186    .data               tguidemo.o
    0x20000041   0x00000005   Data   RW          236    .data               tuart.o
    0x20000046   0x00000014   Data   RW          261    .data               stm32f10x_rcc.o
    0x2000005a   0x00000002   PAD
    0x2000005c   0x00000014   Data   RW          396    .data               system_stm32f10x.o
    0x20000070   0x00000004   Data   RW          684    .data               mc_w.l(stdout.o)
    0x20000074   0x0000001e   Zero   RW          235    .bss                tuart.o
    0x20000092   0x00000006   PAD
    0x20000098   0x00000400   Zero   RW            1    STACK               startup_stm32f10x_md.o


==============================================================================

Image component sizes


      Code (inc. data)   RO Data    RW Data    ZI Data      Debug   Object Name

        20          6          0          0          0     259863   main.o
       220         20          0          0          0       1625   misc.o
        36          8        236          0       1024        776   startup_stm32f10x_md.o
       284         10          0          0          0       2083   stm32f10x_exti.o
       856         40          0          0          0       5561   stm32f10x_gpio.o
        92          8          0          0          0       1479   stm32f10x_it.o
       928         44          0         20          0       8656   stm32f10x_rcc.o
       784         12          0          0          0       6462   stm32f10x_spi.o
      3502         86          0          0          0      22728   stm32f10x_tim.o
      1036         20          0          0          0       8304   stm32f10x_usart.o
       456         36          0         20          0       1611   system_stm32f10x.o
       182          0          0         60          0       1577   task.o
      2342         22       6841          0          0       6141   tgui.o
       212         22          0          5          0        722   tguidemo.o
       120          6          0          0          0        617   tkey.o
      1238         10          0          0          0       4089   tlcd_drive.o
       188          4          0          0          0        714   tled.o
       188          8          0          0          0        812   tpwm.o
       104         12          0          0          0      15581   tsystick.o
       908         42          0          5         30       4970   tuart.o

    ----------------------------------------------------------------------
     13704        416       7112        112       1060     354371   Object Totals
         0          0         32          0          0          0   (incl. Generated)
         8          0          3          2          6          0   (incl. Padding)

    ----------------------------------------------------------------------

      Code (inc. data)   RO Data    RW Data    ZI Data      Debug   Library Member Name

         0          0          0          0          0          0   entry.o
         8          4          0          0          0          0   entry2.o
         4          0          0          0          0          0   entry5.o
         0          0          0          0          0          0   entry7b.o
         8          4          0          0          0          0   entry8.o
        30          0          0          0          0          0   handlers.o
        36          8          0          0          0         68   init.o
       368         14          0          0          0        180   printf1.o
         0          0          0          4          0          0   stdout.o
        44          0          0          0          0         80   uidiv.o

    ----------------------------------------------------------------------
       500         30          0          4          0        328   Library Totals
         2          0          0          0          0          0   (incl. Padding)

    ----------------------------------------------------------------------

      Code (inc. data)   RO Data    RW Data    ZI Data      Debug   Library Name

       498         30          0          4          0        328   mc_w.l

    ----------------------------------------------------------------------
       500         30          0          4          0        328   Library Totals

    ----------------------------------------------------------------------

==============================================================================


      Code (inc. data)   RO Data    RW Data    ZI Data      Debug   

     14204        446       7112        116       1060     352983   Grand Totals
     14204        446       7112        116       1060     352983   ELF Image Totals
     14204        446       7112        116          0          0   ROM Totals

==============================================================================

    Total RO  Size (Code + RO Data)                21316 (  20.82kB)
    Total RW  Size (RW Data + ZI Data)              1176 (   1.15kB)
    Total ROM Size (Code + RO Data + RW Data)      21432 (  20.93kB)

==============================================================================

