ARM Linker, 4.1 [Build 894] [Lite256]

==============================================================================

Section Cross References

    startup_stm32f10x_md.o(RESET) refers to startup_stm32f10x_md.o(STACK) for __initial_sp
    startup_stm32f10x_md.o(RESET) refers to startup_stm32f10x_md.o(.text) for Reset_Handler
    startup_stm32f10x_md.o(RESET) refers to stm32f10x_it.o(.text) for NMI_Handler
    startup_stm32f10x_md.o(.text) refers to system_stm32f10x.o(.text) for SystemInit
    startup_stm32f10x_md.o(.text) refers to entry.o(.ARM.Collect$$$$00000000) for __main
    main.o(.text) refers to task.o(.text) for TaskInit
    main.o(.text) refers to task.o(.data) for TaskComps
    stm32f10x_it.o(.text) refers to task.o(.text) for TPCRemarks
    stm32f10x_it.o(.text) refers to stm32f10x_exti.o(.text) for EXTI_GetITStatus
    stm32f10x_it.o(.text) refers to stm32f10x_gpio.o(.text) for GPIO_ReadOutputDataBit
    stm32f10x_it.o(.text) refers to tuart.o(.text) for UART1Receive
    stm32f10x_it.o(.text) refers to task.o(.data) for TaskComps
    task.o(.text) refers to tled.o(.text) for LedGpioConfig
    task.o(.text) refers to tsystick.o(.text) for SystickInit
    task.o(.text) refers to tlcd_drive.o(.text) for Lcd_Init
    task.o(.text) refers to tguidemo.o(.text) for Draw_Menu
    task.o(.text) refers to tpwm.o(.text) for TIM3_PWM_init
    task.o(.text) refers to tkey.o(.text) for KeyExit_pb7_config
    task.o(.text) refers to tuart.o(.text) for uart_init
    task.o(.text) refers to tadc.o(.text) for ADC1Init
    task.o(.data) refers to tled.o(.text) for LED1on
    task.o(.data) refers to tguidemo.o(.text) for TaskLineLevel
    task.o(.data) refers to tuart.o(.text) for Usart1SendBackTest
    task.o(.data) refers to tadc.o(.text) for AdcValue
    tled.o(.text) refers to stm32f10x_rcc.o(.text) for RCC_APB2PeriphClockCmd
    tled.o(.text) refers to stm32f10x_gpio.o(.text) for GPIO_Init
    tled.o(.text) refers to tsystick.o(.text) for TestExcuteTime
    tsystick.o(.text) refers to stm32f10x_rcc.o(.text) for RCC_APB2PeriphClockCmd
    tsystick.o(.text) refers to stm32f10x_gpio.o(.text) for GPIO_Init
    tsystick.o(.text) refers to system_stm32f10x.o(.data) for SystemCoreClock
    tgui.o(.text) refers to tlcd_drive.o(.text) for Gui_DrawPoint
    tgui.o(.text) refers to tgui.o(.constdata) for asc16
    tguidemo.o(.text) refers to tsystick.o(.text) for TestExcuteTime
    tguidemo.o(.text) refers to tgui.o(.text) for Gui_Circle
    tguidemo.o(.text) refers to tlcd_drive.o(.text) for Lcd_Clear
    tguidemo.o(.text) refers to tguidemo.o(.data) for level
    tlcd_drive.o(.text) refers to stm32f10x_rcc.o(.text) for RCC_APB2PeriphClockCmd
    tlcd_drive.o(.text) refers to stm32f10x_gpio.o(.text) for GPIO_Init
    tlcd_drive.o(.text) refers to stm32f10x_spi.o(.text) for SPI_Init
    tpwm.o(.text) refers to stm32f10x_rcc.o(.text) for RCC_APB1PeriphClockCmd
    tpwm.o(.text) refers to stm32f10x_gpio.o(.text) for GPIO_Init
    tpwm.o(.text) refers to stm32f10x_tim.o(.text) for TIM_TimeBaseInit
    tkey.o(.text) refers to misc.o(.text) for NVIC_PriorityGroupConfig
    tkey.o(.text) refers to stm32f10x_rcc.o(.text) for RCC_APB2PeriphClockCmd
    tkey.o(.text) refers to stm32f10x_gpio.o(.text) for GPIO_Init
    tkey.o(.text) refers to stm32f10x_exti.o(.text) for EXTI_Init
    tuart.o(.text) refers to stm32f10x_rcc.o(.text) for RCC_APB2PeriphClockCmd
    tuart.o(.text) refers to stm32f10x_usart.o(.text) for USART_DeInit
    tuart.o(.text) refers to stm32f10x_gpio.o(.text) for GPIO_Init
    tuart.o(.text) refers to misc.o(.text) for NVIC_Init
    tuart.o(.text) refers to tsystick.o(.text) for TestExcuteTime
    tuart.o(.text) refers to printfa.o(i.__0printf) for __2printf
    tuart.o(.text) refers to tuart.o(.data) for usart1_sta
    tuart.o(.text) refers to tuart.o(.bss) for usart1_buf
    tadc.o(.text) refers to stm32f10x_rcc.o(.text) for RCC_AHBPeriphClockCmd
    tadc.o(.text) refers to stm32f10x_gpio.o(.text) for GPIO_Init
    tadc.o(.text) refers to stm32f10x_dma.o(.text) for DMA_DeInit
    tadc.o(.text) refers to stm32f10x_adc.o(.text) for ADC_Init
    tadc.o(.text) refers to ffltui.o(.text) for __aeabi_ui2f
    tadc.o(.text) refers to fdiv.o(.text) for __aeabi_fdiv
    tadc.o(.text) refers to f2d.o(.text) for __aeabi_f2d
    tadc.o(.text) refers to dmul.o(.text) for __aeabi_dmul
    tadc.o(.text) refers to d2f.o(.text) for __aeabi_d2f
    tadc.o(.text) refers to tsystick.o(.text) for TestExcuteTime
    tadc.o(.text) refers to printfa.o(i.__0printf) for __2printf
    tadc.o(.text) refers to tadc.o(.data) for s_adc1_converted_value
    stm32f10x_rcc.o(.text) refers to stm32f10x_rcc.o(.data) for APBAHBPrescTable
    stm32f10x_gpio.o(.text) refers to stm32f10x_rcc.o(.text) for RCC_APB2PeriphResetCmd
    stm32f10x_adc.o(.text) refers to stm32f10x_rcc.o(.text) for RCC_APB2PeriphResetCmd
    stm32f10x_usart.o(.text) refers to stm32f10x_rcc.o(.text) for RCC_APB2PeriphResetCmd
[...]
    entry.o(.ARM.Collect$$$$00000000) refers (Special) to entry2.o(.ARM.Collect$$$$00000001) for _main_stk
    printfb.o(i.__0fprintf$bare) refers to printfb.o(i._printf_core) for _printf_core
    printfb.o(i.__0fprintf$bare) refers to tuart.o(.text) for fputc
    printfb.o(i.__0printf$bare) refers to printfb.o(i._printf_core) for _printf_core
    printfb.o(i.__0printf$bare) refers to tuart.o(.text) for fputc
    printfb.o(i.__0printf$bare) refers to stdout.o(.data) for __stdout
    printfb.o(i.__0snprintf$bare) refers to printfb.o(i._printf_core) for _printf_core
    printfb.o(i.__0snprintf$bare) refers to printfb.o(i._snputc) for _snputc
    printfb.o(i.__0sprintf$bare) refers to printfb.o(i._printf_core) for _printf_core
    printfb.o(i.__0sprintf$bare) refers to printfb.o(i._sputc) for _sputc
    printfb.o(i.__0vfprintf$bare) refers to printfb.o(i._printf_core) for _printf_core
    printfb.o(i.__0vfprintf$bare) refers to tuart.o(.text) for fputc
    printfb.o(i.__0vprintf$bare) refers to printfb.o(i._printf_core) for _printf_core
    printfb.o(i.__0vprintf$bare) refers to tuart.o(.text) for fputc
    printfb.o(i.__0vprintf$bare) refers to stdout.o(.data) for __stdout
    printfb.o(i.__0vsnprintf$bare) refers to printfb.o(i._printf_core) for _printf_core
    printfb.o(i.__0vsnprintf$bare) refers to printfb.o(i._snputc) for _snputc
    printfb.o(i.__0vsprintf$bare) refers to printfb.o(i._printf_core) for _printf_core
    printfb.o(i.__0vsprintf$bare) refers to printfb.o(i._sputc) for _sputc
    printf0.o(i.__0fprintf$0) refers to printf0.o(i._printf_core) for _printf_core
    printf0.o(i.__0fprintf$0) refers to tuart.o(.text) for fputc
    printf0.o(i.__0printf$0) refers to printf0.o(i._printf_core) for _printf_core
    printf0.o(i.__0printf$0) refers to tuart.o(.text) for fputc
    printf0.o(i.__0printf$0) refers to stdout.o(.data) for __stdout
    printf0.o(i.__0snprintf$0) refers to printf0.o(i._printf_core) for _printf_core
    printf0.o(i.__0snprintf$0) refers to printf0.o(i._snputc) for _snputc
    printf0.o(i.__0sprintf$0) refers to printf0.o(i._printf_core) for _printf_core
    printf0.o(i.__0sprintf$0) refers to printf0.o(i._sputc) for _sputc
    printf0.o(i.__0vfprintf$0) refers to printf0.o(i._printf_core) for _printf_core
    printf0.o(i.__0vfprintf$0) refers to tuart.o(.text) for fputc
    printf0.o(i.__0vprintf$0) refers to printf0.o(i._printf_core) for _printf_core
    printf0.o(i.__0vprintf$0) refers to tuart.o(.text) for fputc
    printf0.o(i.__0vprintf$0) refers to stdout.o(.data) for __stdout
    printf0.o(i.__0vsnprintf$0) refers to printf0.o(i._printf_core) for _printf_core
    printf0.o(i.__0vsnprintf$0) refers to printf0.o(i._snputc) for _snputc
    printf0.o(i.__0vsprintf$0) refers to printf0.o(i._printf_core) for _printf_core
    printf0.o(i.__0vsprintf$0) refers to printf0.o(i._sputc) for _sputc
    printf1.o(i.__0fprintf$1) refers to printf1.o(i._printf_core) for _printf_core
    printf1.o(i.__0fprintf$1) refers to tuart.o(.text) for fputc
    printf1.o(i.__0printf$1) refers to printf1.o(i._printf_core) for _printf_core
    printf1.o(i.__0printf$1) refers to tuart.o(.text) for fputc
    printf1.o(i.__0printf$1) refers to stdout.o(.data) for __stdout
    printf1.o(i.__0snprintf$1) refers to printf1.o(i._printf_core) for _printf_core
    printf1.o(i.__0snprintf$1) refers to printf1.o(i._snputc) for _snputc
    printf1.o(i.__0sprintf$1) refers to printf1.o(i._printf_core) for _printf_core
    printf1.o(i.__0sprintf$1) refers to printf1.o(i._sputc) for _sputc
    printf1.o(i.__0vfprintf$1) refers to printf1.o(i._printf_core) for _printf_core
    printf1.o(i.__0vfprintf$1) refers to tuart.o(.text) for fputc
    printf1.o(i.__0vprintf$1) refers to printf1.o(i._printf_core) for _printf_core
    printf1.o(i.__0vprintf$1) refers to tuart.o(.text) for fputc
    printf1.o(i.__0vprintf$1) refers to stdout.o(.data) for __stdout
    printf1.o(i.__0vsnprintf$1) refers to printf1.o(i._printf_core) for _printf_core
    printf1.o(i.__0vsnprintf$1) refers to printf1.o(i._snputc) for _snputc
    printf1.o(i.__0vsprintf$1) refers to printf1.o(i._printf_core) for _printf_core
    printf1.o(i.__0vsprintf$1) refers to printf1.o(i._sputc) for _sputc
    printf1.o(i._printf_core) refers to uidiv.o(.text) for __aeabi_uidivmod
    printf2.o(i.__0fprintf$2) refers to printf2.o(i._printf_core) for _printf_core
    printf2.o(i.__0fprintf$2) refers to tuart.o(.text) for fputc
    printf2.o(i.__0printf$2) refers to printf2.o(i._printf_core) for _printf_core
    printf2.o(i.__0printf$2) refers to tuart.o(.text) for fputc
    printf2.o(i.__0printf$2) refers to stdout.o(.data) for __stdout
    printf2.o(i.__0snprintf$2) refers to printf2.o(i._printf_core) for _printf_core
    printf2.o(i.__0snprintf$2) refers to printf2.o(i._snputc) for _snputc
    printf2.o(i.__0sprintf$2) refers to printf2.o(i._printf_core) for _printf_core
    printf2.o(i.__0sprintf$2) refers to printf2.o(i._sputc) for _sputc
    printf2.o(i.__0vfprintf$2) refers to printf2.o(i._printf_core) for _printf_core
    printf2.o(i.__0vfprintf$2) refers to tuart.o(.text) for fputc
    printf2.o(i.__0vprintf$2) refers to printf2.o(i._printf_core) for _printf_core
    printf2.o(i.__0vprintf$2) refers to tuart.o(.text) for fputc
    printf2.o(i.__0vprintf$2) refers to stdout.o(.data) for __stdout
    printf2.o(i.__0vsnprintf$2) refers to printf2.o(i._printf_core) for _printf_core
    printf2.o(i.__0vsnprintf$2) refers to printf2.o(i._snputc) for _snputc
    printf2.o(i.__0vsprintf$2) refers to printf2.o(i._printf_core) for _printf_core
    printf2.o(i.__0vsprintf$2) refers to printf2.o(i._sputc) for _sputc
    printf3.o(i.__0fprintf$3) refers to printf3.o(i._printf_core) for _printf_core
    printf3.o(i.__0fprintf$3) refers to tuart.o(.text) for fputc
    printf3.o(i.__0printf$3) refers to printf3.o(i._printf_core) for _printf_core
    printf3.o(i.__0printf$3) refers to tuart.o(.text) for fputc
    printf3.o(i.__0printf$3) refers to stdout.o(.data) for __stdout
    printf3.o(i.__0snprintf$3) refers to printf3.o(i._printf_core) for _printf_core
    printf3.o(i.__0snprintf$3) refers to printf3.o(i._snputc) for _snputc
    printf3.o(i.__0sprintf$3) refers to printf3.o(i._printf_core) for _printf_core
    printf3.o(i.__0sprintf$3) refers to printf3.o(i._sputc) for _sputc
    printf3.o(i.__0vfprintf$3) refers to printf3.o(i._printf_core) for _printf_core
    printf3.o(i.__0vfprintf$3) refers to tuart.o(.text) for fputc
    printf3.o(i.__0vprintf$3) refers to printf3.o(i._printf_core) for _printf_core
    printf3.o(i.__0vprintf$3) refers to tuart.o(.text) for fputc
    printf3.o(i.__0vprintf$3) refers to stdout.o(.data) for __stdout
    printf3.o(i.__0vsnprintf$3) refers to printf3.o(i._printf_core) for _printf_core
    printf3.o(i.__0vsnprintf$3) refers to printf3.o(i._snputc) for _snputc
    printf3.o(i.__0vsprintf$3) refers to printf3.o(i._printf_core) for _printf_core
    printf3.o(i.__0vsprintf$3) refers to printf3.o(i._sputc) for _sputc
    printf3.o(i._printf_core) refers to uidiv.o(.text) for __aeabi_uidivmod
    printf4.o(i.__0fprintf$4) refers to printf4.o(i._printf_core) for _printf_core
    printf4.o(i.__0fprintf$4) refers to tuart.o(.text) for fputc
    printf4.o(i.__0printf$4) refers to printf4.o(i._printf_core) for _printf_core
    printf4.o(i.__0printf$4) refers to tuart.o(.text) for fputc
    printf4.o(i.__0printf$4) refers to stdout.o(.data) for __stdout
    printf4.o(i.__0snprintf$4) refers to printf4.o(i._printf_core) for _printf_core
    printf4.o(i.__0snprintf$4) refers to printf4.o(i._snputc) for _snputc
    printf4.o(i.__0sprintf$4) refers to printf4.o(i._printf_core) for _printf_core
    printf4.o(i.__0sprintf$4) refers to printf4.o(i._sputc) for _sputc
    printf4.o(i.__0vfprintf$4) refers to printf4.o(i._printf_core) for _printf_core
    printf4.o(i.__0vfprintf$4) refers to tuart.o(.text) for fputc
    printf4.o(i.__0vprintf$4) refers to printf4.o(i._printf_core) for _printf_core
    printf4.o(i.__0vprintf$4) refers to tuart.o(.text) for fputc
    printf4.o(i.__0vprintf$4) refers to stdout.o(.data) for __stdout
    printf4.o(i.__0vsnprintf$4) refers to printf4.o(i._printf_core) for _printf_core
    printf4.o(i.__0vsnprintf$4) refers to printf4.o(i._snputc) for _snputc
    printf4.o(i.__0vsprintf$4) refers to printf4.o(i._printf_core) for _printf_core
    printf4.o(i.__0vsprintf$4) refers to printf4.o(i._sputc) for _sputc
    printf4.o(i._printf_core) refers to uldiv.o(.text) for __aeabi_uldivmod
    printf5.o(i.__0fprintf$5) refers to printf5.o(i._printf_core) for _printf_core
    printf5.o(i.__0fprintf$5) refers to tuart.o(.text) for fputc
    printf5.o(i.__0printf$5) refers to printf5.o(i._printf_core) for _printf_core
    printf5.o(i.__0printf$5) refers to tuart.o(.text) for fputc
    printf5.o(i.__0printf$5) refers to stdout.o(.data) for __stdout
    printf5.o(i.__0snprintf$5) refers to printf5.o(i._printf_core) for _printf_core
    printf5.o(i.__0snprintf$5) refers to printf5.o(i._snputc) for _snputc
    printf5.o(i.__0sprintf$5) refers to printf5.o(i._printf_core) for _printf_core
    printf5.o(i.__0sprintf$5) refers to printf5.o(i._sputc) for _sputc
    printf5.o(i.__0vfprintf$5) refers to printf5.o(i._printf_core) for _printf_core
    printf5.o(i.__0vfprintf$5) refers to tuart.o(.text) for fputc
    printf5.o(i.__0vprintf$5) refers to printf5.o(i._printf_core) for _printf_core
    printf5.o(i.__0vprintf$5) refers to tuart.o(.text) for fputc
    printf5.o(i.__0vprintf$5) refers to stdout.o(.data) for __stdout
    printf5.o(i.__0vsnprintf$5) refers to printf5.o(i._printf_core) for _printf_core
    printf5.o(i.__0vsnprintf$5) refers to printf5.o(i._snputc) for _snputc
    printf5.o(i.__0vsprintf$5) refers to printf5.o(i._printf_core) for _printf_core
    printf5.o(i.__0vsprintf$5) refers to printf5.o(i._sputc) for _sputc
    printf5.o(i._printf_core) refers to uldiv.o(.text) for __aeabi_uldivmod
    printf6.o(i.__0fprintf$6) refers to printf6.o(i._printf_core) for _printf_core
    printf6.o(i.__0fprintf$6) refers to tuart.o(.text) for fputc
    printf6.o(i.__0printf$6) refers to printf6.o(i._printf_core) for _printf_core
    printf6.o(i.__0printf$6) refers to tuart.o(.text) for fputc
    printf6.o(i.__0printf$6) refers to stdout.o(.data) for __stdout
    printf6.o(i.__0snprintf$6) refers to printf6.o(i._printf_core) for _printf_core
    printf6.o(i.__0snprintf$6) refers to printf6.o(i._snputc) for _snputc
    printf6.o(i.__0sprintf$6) refers to printf6.o(i._printf_core) for _printf_core
    printf6.o(i.__0sprintf$6) refers to printf6.o(i._sputc) for _sputc
    printf6.o(i.__0vfprintf$6) refers to printf6.o(i._printf_core) for _printf_core
    printf6.o(i.__0vfprintf$6) refers to tuart.o(.text) for fputc
    printf6.o(i.__0vprintf$6) refers to printf6.o(i._printf_core) for _printf_core
    printf6.o(i.__0vprintf$6) refers to tuart.o(.text) for fputc
    printf6.o(i.__0vprintf$6) refers to stdout.o(.data) for __stdout
    printf6.o(i.__0vsnprintf$6) refers to printf6.o(i._printf_core) for _printf_core
    printf6.o(i.__0vsnprintf$6) refers to printf6.o(i._snputc) for _snputc
    printf6.o(i.__0vsprintf$6) refers to printf6.o(i._printf_core) for _printf_core
    printf6.o(i.__0vsprintf$6) refers to printf6.o(i._sputc) for _sputc
    printf6.o(i._printf_core) refers to printf6.o(i._printf_pre_padding) for _printf_pre_padding
    printf6.o(i._printf_core) refers to uidiv.o(.text) for __aeabi_uidivmod
    printf6.o(i._printf_core) refers to printf6.o(i._printf_post_padding) for _printf_post_padding
    printf7.o(i.__0fprintf$7) refers to printf7.o(i._printf_core) for _printf_core
    printf7.o(i.__0fprintf$7) refers to tuart.o(.text) for fputc
    printf7.o(i.__0printf$7) refers to printf7.o(i._printf_core) for _printf_core
    printf7.o(i.__0printf$7) refers to tuart.o(.text) for fputc
    printf7.o(i.__0printf$7) refers to stdout.o(.data) for __stdout
    printf7.o(i.__0snprintf$7) refers to printf7.o(i._printf_core) for _printf_core
    printf7.o(i.__0snprintf$7) refers to printf7.o(i._snputc) for _snputc
    printf7.o(i.__0sprintf$7) refers to printf7.o(i._printf_core) for _printf_core
    printf7.o(i.__0sprintf$7) refers to printf7.o(i._sputc) for _sputc
    printf7.o(i.__0vfprintf$7) refers to printf7.o(i._printf_core) for _printf_core
    printf7.o(i.__0vfprintf$7) refers to tuart.o(.text) for fputc
    printf7.o(i.__0vprintf$7) refers to printf7.o(i._printf_core) for _printf_core
    printf7.o(i.__0vprintf$7) refers to tuart.o(.text) for fputc
    printf7.o(i.__0vprintf$7) refers to stdout.o(.data) for __stdout
    printf7.o(i.__0vsnprintf$7) refers to printf7.o(i._printf_core) for _printf_core
    printf7.o(i.__0vsnprintf$7) refers to printf7.o(i._snputc) for _snputc
    printf7.o(i.__0vsprintf$7) refers to printf7.o(i._printf_core) for _printf_core
    printf7.o(i.__0vsprintf$7) refers to printf7.o(i._sputc) for _sputc
    printf7.o(i._printf_core) refers to printf7.o(i._printf_pre_padding) for _printf_pre_padding
    printf7.o(i._printf_core) refers to uldiv.o(.text) for __aeabi_uldivmod
    printf7.o(i._printf_core) refers to printf7.o(i._printf_post_padding) for _printf_post_padding
    printf8.o(i.__0fprintf$8) refers to printf8.o(i._printf_core) for _printf_core
    printf8.o(i.__0fprintf$8) refers to tuart.o(.text) for fputc
    printf8.o(i.__0printf$8) refers to printf8.o(i._printf_core) for _printf_core
    printf8.o(i.__0printf$8) refers to tuart.o(.text) for fputc
    printf8.o(i.__0printf$8) refers to stdout.o(.data) for __stdout
    printf8.o(i.__0snprintf$8) refers to printf8.o(i._printf_core) for _printf_core
    printf8.o(i.__0snprintf$8) refers to printf8.o(i._snputc) for _snputc
    printf8.o(i.__0sprintf$8) refers to printf8.o(i._printf_core) for _printf_core
    printf8.o(i.__0sprintf$8) refers to printf8.o(i._sputc) for _sputc
    printf8.o(i.__0vfprintf$8) refers to printf8.o(i._printf_core) for _printf_core
    printf8.o(i.__0vfprintf$8) refers to tuart.o(.text) for fputc
    printf8.o(i.__0vprintf$8) refers to printf8.o(i._printf_core) for _printf_core
    printf8.o(i.__0vprintf$8) refers to tuart.o(.text) for fputc
    printf8.o(i.__0vprintf$8) refers to stdout.o(.data) for __stdout
    printf8.o(i.__0vsnprintf$8) refers to printf8.o(i._printf_core) for _printf_core
    printf8.o(i.__0vsnprintf$8) refers to printf8.o(i._snputc) for _snputc
    printf8.o(i.__0vsprintf$8) refers to printf8.o(i._printf_core) for _printf_core
    printf8.o(i.__0vsprintf$8) refers to printf8.o(i._sputc) for _sputc
    printf8.o(i._printf_core) refers to printf8.o(i._printf_pre_padding) for _printf_pre_padding
    printf8.o(i._printf_core) refers to uldiv.o(.text) for __aeabi_uldivmod
    printf8.o(i._printf_core) refers to printf8.o(i._printf_post_padding) for _printf_post_padding
    printfa.o(i.__0fprintf) refers (Special) to iusefp.o(.text) for __I$use$fp
    printfa.o(i.__0fprintf) refers to printfa.o(i._printf_core) for _printf_core
    printfa.o(i.__0fprintf) refers to tuart.o(.text) for fputc
    printfa.o(i.__0printf) refers (Special) to iusefp.o(.text) for __I$use$fp
    printfa.o(i.__0printf) refers to printfa.o(i._printf_core) for _printf_core
    printfa.o(i.__0printf) refers to tuart.o(.text) for fputc
    printfa.o(i.__0printf) refers to stdout.o(.data) for __stdout
    printfa.o(i.__0snprintf) refers (Special) to iusefp.o(.text) for __I$use$fp
    printfa.o(i.__0snprintf) refers to printfa.o(i._printf_core) for _printf_core
    printfa.o(i.__0snprintf) refers to printfa.o(i._snputc) for _snputc
    printfa.o(i.__0sprintf) refers (Special) to iusefp.o(.text) for __I$use$fp
    printfa.o(i.__0sprintf) refers to printfa.o(i._printf_core) for _printf_core
    printfa.o(i.__0sprintf) refers to printfa.o(i._sputc) for _sputc
    printfa.o(i.__0vfprintf) refers (Special) to iusefp.o(.text) for __I$use$fp
    printfa.o(i.__0vfprintf) refers to printfa.o(i._printf_core) for _printf_core
    printfa.o(i.__0vfprintf) refers to tuart.o(.text) for fputc
    printfa.o(i.__0vprintf) refers (Special) to iusefp.o(.text) for __I$use$fp
    printfa.o(i.__0vprintf) refers to printfa.o(i._printf_core) for _printf_core
    printfa.o(i.__0vprintf) refers to tuart.o(.text) for fputc
    printfa.o(i.__0vprintf) refers to stdout.o(.data) for __stdout
    printfa.o(i.__0vsnprintf) refers (Special) to iusefp.o(.text) for __I$use$fp
    printfa.o(i.__0vsnprintf) refers to printfa.o(i._printf_core) for _printf_core
    printfa.o(i.__0vsnprintf) refers to printfa.o(i._snputc) for _snputc
    printfa.o(i.__0vsprintf) refers (Special) to iusefp.o(.text) for __I$use$fp
    printfa.o(i.__0vsprintf) refers to printfa.o(i._printf_core) for _printf_core
    printfa.o(i.__0vsprintf) refers to printfa.o(i._sputc) for _sputc
    printfa.o(i._fp_digits) refers (Special) to iusefp.o(.text) for __I$use$fp
    printfa.o(i._fp_digits) refers to dmul.o(.text) for __aeabi_dmul
    printfa.o(i._fp_digits) refers to ddiv.o(.text) for __aeabi_ddiv
    printfa.o(i._fp_digits) refers to cdrcmple.o(.text) for __aeabi_cdrcmple
    printfa.o(i._fp_digits) refers to dadd.o(.text) for __aeabi_dadd
    printfa.o(i._fp_digits) refers to dfixul.o(.text) for __aeabi_d2ulz
    printfa.o(i._fp_digits) refers to uldiv.o(.text) for __aeabi_uldivmod
    printfa.o(i._printf_core) refers (Special) to iusefp.o(.text) for __I$use$fp
    printfa.o(i._printf_core) refers to printfa.o(i._printf_pre_padding) for _printf_pre_padding
    printfa.o(i._printf_core) refers to uldiv.o(.text) for __aeabi_uldivmod
    printfa.o(i._printf_core) refers to printfa.o(i._printf_post_padding) for _printf_post_padding
    printfa.o(i._printf_core) refers to printfa.o(i._fp_digits) for _fp_digits
    printfa.o(i._printf_core) refers to uidiv.o(.text) for __aeabi_uidivmod
    printfa.o(i._printf_post_padding) refers (Special) to iusefp.o(.text) for __I$use$fp
    printfa.o(i._printf_pre_padding) refers (Special) to iusefp.o(.text) for __I$use$fp
    printfa.o(i._snputc) refers (Special) to iusefp.o(.text) for __I$use$fp
    printfa.o(i._sputc) refers (Special) to iusefp.o(.text) for __I$use$fp
    fdiv.o(.text) refers (Special) to iusefp.o(.text) for __I$use$fp
    fdiv.o(.text) refers to fepilogue.o(.text) for _float_round
    dmul.o(.text) refers (Special) to iusefp.o(.text) for __I$use$fp
    dmul.o(.text) refers to depilogue.o(.text) for _double_epilogue
    ffltui.o(.text) refers (Special) to iusefp.o(.text) for __I$use$fp
    ffltui.o(.text) refers to fepilogue.o(.text) for _float_epilogue
    f2d.o(.text) refers (Special) to iusefp.o(.text) for __I$use$fp
    d2f.o(.text) refers (Special) to iusefp.o(.text) for __I$use$fp
    d2f.o(.text) refers to fepilogue.o(.text) for _float_round
    entry2.o(.ARM.Collect$$$$00000001) refers to entry2.o(.ARM.Collect$$$$00002712) for __lit__00000000
    entry2.o(.ARM.Collect$$$$00002712) refers to startup_stm32f10x_md.o(STACK) for __initial_sp
    entry2.o(__vectab_stack_and_reset_area) refers to startup_stm32f10x_md.o(STACK) for __initial_sp
    entry2.o(__vectab_stack_and_reset_area) refers to entry.o(.ARM.Collect$$$$00000000) for __main
    entry5.o(.ARM.Collect$$$$00000004) refers to init.o(.text) for __scatterload
    entry8.o(.ARM.Collect$$$$00000009) refers to main.o(.text) for main
    uldiv.o(.text) refers to llushr.o(.text) for __aeabi_llsr
    uldiv.o(.text) refers to llshl.o(.text) for __aeabi_llsl
    depilogue.o(.text) refers to llshl.o(.text) for __aeabi_llsl
    depilogue.o(.text) refers to llushr.o(.text) for __aeabi_llsr
    dadd.o(.text) refers to llshl.o(.text) for __aeabi_llsl
    dadd.o(.text) refers to llsshr.o(.text) for __aeabi_lasr
    dadd.o(.text) refers to depilogue.o(.text) for _double_epilogue
    ddiv.o(.text) refers to depilogue.o(.text) for _double_round
    dfixul.o(.text) refers to llushr.o(.text) for __aeabi_llsr
    dfixul.o(.text) refers to llshl.o(.text) for __aeabi_llsl
    init.o(.text) refers to entry5.o(.ARM.Collect$$$$00000004) for __main_after_scatterload


==============================================================================

Removing Unused input sections from the image.

    Removing startup_stm32f10x_md.o(HEAP), (512 bytes).
    Removing stm32f10x_i2c.o(.text), (1008 bytes).
    Removing core_cm3.o(.emb_text), (32 bytes).

3 unused section(s) (total 1552 bytes) removed from the image.

==============================================================================

Image Symbol Table

    Local Symbols

    Symbol Name                              Value     Ov Type        Size  Object(Section)

    ../../microlib/d2f.c                     0x00000000   Number         0  d2f.o ABSOLUTE
    ../../microlib/division.c                0x00000000   Number         0  uidiv.o ABSOLUTE
    ../../microlib/division.c                0x00000000   Number         0  uldiv.o ABSOLUTE
    ../../microlib/f2d.c                     0x00000000   Number         0  f2d.o ABSOLUTE
    ../../microlib/fpadd.c                   0x00000000   Number         0  dadd.o ABSOLUTE
    ../../microlib/fpdiv.c                   0x00000000   Number         0  ddiv.o ABSOLUTE
    ../../microlib/fpdiv.c                   0x00000000   Number         0  fdiv.o ABSOLUTE
    ../../microlib/fpepilogue.c              0x00000000   Number         0  depilogue.o ABSOLUTE
    ../../microlib/fpepilogue.c              0x00000000   Number         0  fepilogue.o ABSOLUTE
    ../../microlib/fpfix.c                   0x00000000   Number         0  dfixul.o ABSOLUTE
    ../../microlib/fpflt.c                   0x00000000   Number         0  ffltui.o ABSOLUTE
    ../../microlib/fpmul.c                   0x00000000   Number         0  dmul.o ABSOLUTE
    ../../microlib/init/entry.s              0x00000000   Number         0  entry8.o ABSOLUTE
    ../../microlib/init/entry.s              0x00000000   Number         0  entry2.o ABSOLUTE
    ../../microlib/init/entry.s              0x00000000   Number         0  entry5.o ABSOLUTE
    ../../microlib/init/entry.s              0x00000000   Number         0  entry7a.o ABSOLUTE
    ../../microlib/init/entry.s              0x00000000   Number         0  entry.o ABSOLUTE
    ../../microlib/init/entry.s              0x00000000   Number         0  entry7b.o ABSOLUTE
    ../../microlib/longlong.c                0x00000000   Number         0  llsshr.o ABSOLUTE
    ../../microlib/longlong.c                0x00000000   Number         0  llushr.o ABSOLUTE
    ../../microlib/longlong.c                0x00000000   Number         0  llshl.o ABSOLUTE
    ../../microlib/printf/printf.c           0x00000000   Number         0  printf0.o ABSOLUTE
    ../../microlib/printf/printf.c           0x00000000   Number         0  printf3.o ABSOLUTE
    ../../microlib/printf/printf.c           0x00000000   Number         0  printf1.o ABSOLUTE
    ../../microlib/printf/printf.c           0x00000000   Number         0  printf2.o ABSOLUTE
    ../../microlib/printf/printf.c           0x00000000   Number         0  printf4.o ABSOLUTE
    ../../microlib/printf/printf.c           0x00000000   Number         0  printf5.o ABSOLUTE
    ../../microlib/printf/printf.c           0x00000000   Number         0  printf6.o ABSOLUTE
    ../../microlib/printf/printf.c           0x00000000   Number         0  printf7.o ABSOLUTE
    ../../microlib/printf/printf.c           0x00000000   Number         0  printf8.o ABSOLUTE
    ../../microlib/printf/printf.c           0x00000000   Number         0  printfa.o ABSOLUTE
    ../../microlib/printf/printf.c           0x00000000   Number         0  printfb.o ABSOLUTE
    ../../microlib/printf/stubs.s            0x00000000   Number         0  stubs.o ABSOLUTE
    ../../microlib/stdio/streams.c           0x00000000   Number         0  stdout.o ABSOLUTE
    ../../microlib/stubs.s                   0x00000000   Number         0  iusefp.o ABSOLUTE
    ..\CMSIS\core_cm3.c                      0x00000000   Number         0  core_cm3.o ABSOLUTE
    ..\CMSIS\startup\startup_stm32f10x_md.s  0x00000000   Number         0  startup_stm32f10x_md.o ABSOLUTE
    ..\CMSIS\system_stm32f10x.c              0x00000000   Number         0  system_stm32f10x.o ABSOLUTE
    ..\FWlib\src\misc.c                      0x00000000   Number         0  misc.o ABSOLUTE
    ..\FWlib\src\stm32f10x_adc.c             0x00000000   Number         0  stm32f10x_adc.o ABSOLUTE
    ..\FWlib\src\stm32f10x_dma.c             0x00000000   Number         0  stm32f10x_dma.o ABSOLUTE
    ..\FWlib\src\stm32f10x_exti.c            0x00000000   Number         0  stm32f10x_exti.o ABSOLUTE
    ..\FWlib\src\stm32f10x_gpio.c            0x00000000   Number         0  stm32f10x_gpio.o ABSOLUTE
    ..\FWlib\src\stm32f10x_i2c.c             0x00000000   Number         0  stm32f10x_i2c.o ABSOLUTE
    ..\FWlib\src\stm32f10x_rcc.c             0x00000000   Number         0  stm32f10x_rcc.o ABSOLUTE
    ..\FWlib\src\stm32f10x_spi.c             0x00000000   Number         0  stm32f10x_spi.o ABSOLUTE
    ..\FWlib\src\stm32f10x_tim.c             0x00000000   Number         0  stm32f10x_tim.o ABSOLUTE
    ..\FWlib\src\stm32f10x_usart.c           0x00000000   Number         0  stm32f10x_usart.o ABSOLUTE
    ..\\CMSIS\\core_cm3.c                    0x00000000   Number         0  core_cm3.o ABSOLUTE
    Tadc.c                                   0x00000000   Number         0  tadc.o ABSOLUTE
    Tgui.c                                   0x00000000   Number         0  tgui.o ABSOLUTE
    TguiDemo.c                               0x00000000   Number         0  tguidemo.o ABSOLUTE
    Tkey.c                                   0x00000000   Number         0  tkey.o ABSOLUTE
    Tlcd_drive.c                             0x00000000   Number         0  tlcd_drive.o ABSOLUTE
    Tled.c                                   0x00000000   Number         0  tled.o ABSOLUTE
    Tpwm.c                                   0x00000000   Number         0  tpwm.o ABSOLUTE
    Tsystick.c                               0x00000000   Number         0  tsystick.o ABSOLUTE
    Tuart.c                                  0x00000000   Number         0  tuart.o ABSOLUTE
    cdrcmple.s                               0x00000000   Number         0  cdrcmple.o ABSOLUTE
    dc.s                                     0x00000000   Number         0  dc.o ABSOLUTE
    handlers.s                               0x00000000   Number         0  handlers.o ABSOLUTE
    init.s                                   0x00000000   Number         0  init.o ABSOLUTE
    main.c                                   0x00000000   Number         0  main.o ABSOLUTE
    stm32f10x_it.c                           0x00000000   Number         0  stm32f10x_it.o ABSOLUTE
    task.c                                   0x00000000   Number         0  task.o ABSOLUTE
    RESET                                    0x08000000   Section      236  startup_stm32f10x_md.o(RESET)
    .ARM.Collect$$$$00000000                 0x080000ec   Section        0  entry.o(.ARM.Collect$$$$00000000)
    .ARM.Collect$$$$00000001                 0x080000ec   Section        4  entry2.o(.ARM.Collect$$$$00000001)
    .ARM.Collect$$$$00000004                 0x080000f0   Section        4  entry5.o(.ARM.Collect$$$$00000004)
    .ARM.Collect$$$$00000008                 0x080000f4   Section        0  entry7b.o(.ARM.Collect$$$$00000008)
    .ARM.Collect$$$$00000009                 0x080000f4   Section        8  entry8.o(.ARM.Collect$$$$00000009)
    .ARM.Collect$$$$00002712                 0x080000fc   Section        4  entry2.o(.ARM.Collect$$$$00002712)
    __lit__00000000                          0x080000fc   Data           4  entry2.o(.ARM.Collect$$$$00002712)
    .text                                    0x08000100   Section       36  startup_stm32f10x_md.o(.text)
    .text                                    0x08000124   Section        0  main.o(.text)
    .text                                    0x08000138   Section        0  stm32f10x_it.o(.text)
    .text                                    0x08000194   Section        0  task.o(.text)
    .text                                    0x08000250   Section        0  tled.o(.text)
    .text                                    0x08000318   Section        0  tsystick.o(.text)
    .text                                    0x080003c8   Section        0  tgui.o(.text)
    .text                                    0x08000cf0   Section        0  tguidemo.o(.text)
    .text                                    0x08000de8   Section        0  tlcd_drive.o(.text)
    DelayMs                                  0x08000fbd   Thumb Code    30  tlcd_drive.o(.text)
    .text                                    0x080012c0   Section        0  tpwm.o(.text)
    TIM3_GPIO_Config                         0x080012c1   Thumb Code    46  tpwm.o(.text)
    TIM3_Mode_Config                         0x080012ef   Thumb Code   130  tpwm.o(.text)
    .text                                    0x08001384   Section        0  tkey.o(.text)
    nvic_configuration                       0x08001385   Thumb Code    42  tkey.o(.text)
    .text                                    0x080013fc   Section        0  tuart.o(.text)
    itoa                                     0x08001513   Thumb Code    98  tuart.o(.text)
    .text                                    0x08001794   Section        0  tadc.o(.text)
    adc1_gpio_config                         0x08001795   Thumb Code    42  tadc.o(.text)
    adc1_mode_config                         0x080017bf   Thumb Code   210  tadc.o(.text)
    adc1_modeN_config                        0x08001891   Thumb Code   230  tadc.o(.text)
    .text                                    0x08001a68   Section        0  stm32f10x_rcc.o(.text)
    .text                                    0x08001e08   Section        0  stm32f10x_gpio.o(.text)
    .text                                    0x08002160   Section        0  misc.o(.text)
    .text                                    0x0800223c   Section        0  stm32f10x_exti.o(.text)
    .text                                    0x08002358   Section        0  stm32f10x_adc.o(.text)
    .text                                    0x08002794   Section        0  stm32f10x_dma.o(.text)
    .text                                    0x080029e4   Section        0  stm32f10x_usart.o(.text)
    .text                                    0x08002df0   Section        0  stm32f10x_spi.o(.text)
    .text                                    0x08003100   Section        0  stm32f10x_tim.o(.text)
    TI4_Config                               0x0800358b   Thumb Code   118  stm32f10x_tim.o(.text)
    TI3_Config                               0x08003613   Thumb Code   114  stm32f10x_tim.o(.text)
    TI2_Config                               0x0800369b   Thumb Code   118  stm32f10x_tim.o(.text)
    TI1_Config                               0x08003723   Thumb Code   106  stm32f10x_tim.o(.text)
    .text                                    0x08003eb0   Section        0  system_stm32f10x.o(.text)
    SetSysClockTo72                          0x08003eb1   Thumb Code   192  system_stm32f10x.o(.text)
    SetSysClock                              0x08003f71   Thumb Code     8  system_stm32f10x.o(.text)
    .text                                    0x08004078   Section        0  fdiv.o(.text)
    .text                                    0x080040f8   Section        0  dmul.o(.text)
    .text                                    0x080041d8   Section        0  ffltui.o(.text)
    .text                                    0x080041e2   Section        0  f2d.o(.text)
    .text                                    0x0800420e   Section        0  d2f.o(.text)
    .text                                    0x08004246   Section        0  uidiv.o(.text)
    .text                                    0x08004272   Section        0  uldiv.o(.text)
    .text                                    0x080042d4   Section        0  fepilogue.o(.text)
    .text                                    0x080042d4   Section        0  iusefp.o(.text)
    .text                                    0x08004340   Section        0  depilogue.o(.text)
    .text                                    0x080043fe   Section        0  dadd.o(.text)
    .text                                    0x0800454a   Section        0  ddiv.o(.text)
    .text                                    0x08004628   Section        0  dfixul.o(.text)
    .text                                    0x08004658   Section       40  cdrcmple.o(.text)
    .text                                    0x08004680   Section       36  init.o(.text)
    .text                                    0x080046a4   Section        0  llshl.o(.text)
    .text                                    0x080046c2   Section        0  llushr.o(.text)
    .text                                    0x080046e2   Section        0  llsshr.o(.text)
    i.__0printf                              0x08004708   Section        0  printfa.o(i.__0printf)
    i.__scatterload_copy                     0x08004728   Section       14  handlers.o(i.__scatterload_copy)
    i.__scatterload_null                     0x08004736   Section        2  handlers.o(i.__scatterload_null)
    i.__scatterload_zeroinit                 0x08004738   Section       14  handlers.o(i.__scatterload_zeroinit)
    i._fp_digits                             0x08004748   Section        0  printfa.o(i._fp_digits)
    _fp_digits                               0x08004749   Thumb Code   324  printfa.o(i._fp_digits)
    i._printf_core                           0x080048a0   Section        0  printfa.o(i._printf_core)
    _printf_core                             0x080048a1   Thumb Code  1782  printfa.o(i._printf_core)
    i._printf_post_padding                   0x08004fa4   Section        0  printfa.o(i._printf_post_padding)
    _printf_post_padding                     0x08004fa5   Thumb Code    38  printfa.o(i._printf_post_padding)
    i._printf_pre_padding                    0x08004fca   Section        0  printfa.o(i._printf_pre_padding)
    _printf_pre_padding                      0x08004fcb   Thumb Code    48  printfa.o(i._printf_pre_padding)
    .constdata                               0x08004ffa   Section     6841  tgui.o(.constdata)
    .data                                    0x20000000   Section       72  task.o(.data)
    .data                                    0x20000048   Section        5  tguidemo.o(.data)
    vertical                                 0x20000048   Data           2  tguidemo.o(.data)
    level                                    0x2000004a   Data           2  tguidemo.o(.data)
    i                                        0x2000004c   Data           1  tguidemo.o(.data)
    .data                                    0x2000004d   Section        5  tuart.o(.data)
    i                                        0x20000051   Data           1  tuart.o(.data)
    .data                                    0x20000054   Section       18  tadc.o(.data)
    V25                                      0x20000054   Data           2  tadc.o(.data)
    avg_slop                                 0x20000056   Data           2  tadc.o(.data)
    adc_conver                               0x20000058   Data           4  tadc.o(.data)
    i                                        0x2000005c   Data           1  tadc.o(.data)
    s_adc1_converted_value                   0x2000005e   Data           4  tadc.o(.data)
    s_adc_temp_value                         0x20000062   Data           2  tadc.o(.data)
    s_current_temp                           0x20000064   Data           2  tadc.o(.data)
    .data                                    0x20000066   Section       20  stm32f10x_rcc.o(.data)
    APBAHBPrescTable                         0x20000066   Data          16  stm32f10x_rcc.o(.data)
    ADCPrescTable                            0x20000076   Data           4  stm32f10x_rcc.o(.data)
    .data                                    0x2000007c   Section       20  system_stm32f10x.o(.data)
    .data                                    0x20000090   Section        4  stdout.o(.data)
    .bss                                     0x20000094   Section       30  tuart.o(.bss)
    STACK                                    0x200000b8   Section     1024  startup_stm32f10x_md.o(STACK)

    Global Symbols

    Symbol Name                              Value     Ov Type        Size  Object(Section)

    BuildAttributes$$THM_ISAv4$P$D$K$B$S$PE$A:L22UL41UL21$X:L11$S22US41US21$IEEE1$IW$USESV6$~STKCKD$USESV7$~SHL$OTIME$ROPI$EBA8$MICROLIB$REQ8$PRES8$EABIv2 0x00000000   Number         0  anon$$obj.o ABSOLUTE
    __ARM_use_no_argv                        0x00000000   Number         0  main.o ABSOLUTE
    _printf_a                                0x00000000   Number         0  stubs.o ABSOLUTE
    _printf_c                                0x00000000   Number         0  stubs.o ABSOLUTE
    _printf_charcount                        0x00000000   Number         0  stubs.o ABSOLUTE
    _printf_d                                0x00000000   Number         0  stubs.o ABSOLUTE
    _printf_e                                0x00000000   Number         0  stubs.o ABSOLUTE
    _printf_f                                0x00000000   Number         0  stubs.o ABSOLUTE
    _printf_flags                            0x00000000   Number         0  stubs.o ABSOLUTE
    _printf_fp_dec                           0x00000000   Number         0  stubs.o ABSOLUTE
    _printf_fp_hex                           0x00000000   Number         0  stubs.o ABSOLUTE
    _printf_g                                0x00000000   Number         0  stubs.o ABSOLUTE
    _printf_i                                0x00000000   Number         0  stubs.o ABSOLUTE
    _printf_int_dec                          0x00000000   Number         0  stubs.o ABSOLUTE
    _printf_l                                0x00000000   Number         0  stubs.o ABSOLUTE
    _printf_lc                               0x00000000   Number         0  stubs.o ABSOLUTE
    _printf_ll                               0x00000000   Number         0  stubs.o ABSOLUTE
    _printf_lld                              0x00000000   Number         0  stubs.o ABSOLUTE
    _printf_lli                              0x00000000   Number         0  stubs.o ABSOLUTE
    _printf_llo                              0x00000000   Number         0  stubs.o ABSOLUTE
    _printf_llu                              0x00000000   Number         0  stubs.o ABSOLUTE
    _printf_llx                              0x00000000   Number         0  stubs.o ABSOLUTE
    _printf_longlong_dec                     0x00000000   Number         0  stubs.o ABSOLUTE
    _printf_longlong_hex                     0x00000000   Number         0  stubs.o ABSOLUTE
    _printf_longlong_oct                     0x00000000   Number         0  stubs.o ABSOLUTE
    _printf_ls                               0x00000000   Number         0  stubs.o ABSOLUTE
    _printf_mbtowc                           0x00000000   Number         0  stubs.o ABSOLUTE
    _printf_n                                0x00000000   Number         0  stubs.o ABSOLUTE
    _printf_o                                0x00000000   Number         0  stubs.o ABSOLUTE
    _printf_p                                0x00000000   Number         0  stubs.o ABSOLUTE
    _printf_percent                          0x00000000   Number         0  stubs.o ABSOLUTE
    _printf_pre_padding                      0x00000000   Number         0  stubs.o ABSOLUTE
    _printf_return_value                     0x00000000   Number         0  stubs.o ABSOLUTE
    _printf_s                                0x00000000   Number         0  stubs.o ABSOLUTE
    _printf_sizespec                         0x00000000   Number         0  stubs.o ABSOLUTE
    _printf_str                              0x00000000   Number         0  stubs.o ABSOLUTE
    _printf_truncate_signed                  0x00000000   Number         0  stubs.o ABSOLUTE
    _printf_truncate_unsigned                0x00000000   Number         0  stubs.o ABSOLUTE
    _printf_u                                0x00000000   Number         0  stubs.o ABSOLUTE
    _printf_wc                               0x00000000   Number         0  stubs.o ABSOLUTE
    _printf_wctomb                           0x00000000   Number         0  stubs.o ABSOLUTE
    _printf_widthprec                        0x00000000   Number         0  stubs.o ABSOLUTE
    _printf_x                                0x00000000   Number         0  stubs.o ABSOLUTE
    __decompress                              - Undefined Weak Reference
    _clock_init                               - Undefined Weak Reference
    __Vectors_Size                           0x000000ec   Number         0  startup_stm32f10x_md.o ABSOLUTE
    __Vectors                                0x08000000   Data           4  startup_stm32f10x_md.o(RESET)
    __Vectors_End                            0x080000ec   Data           0  startup_stm32f10x_md.o(RESET)
    __main                                   0x080000ed   Thumb Code     0  entry.o(.ARM.Collect$$$$00000000)
    _main_stk                                0x080000ed   Thumb Code     0  entry2.o(.ARM.Collect$$$$00000001)
    _main_scatterload                        0x080000f1   Thumb Code     0  entry5.o(.ARM.Collect$$$$00000004)
    __main_after_scatterload                 0x080000f5   Thumb Code     0  entry5.o(.ARM.Collect$$$$00000004)
    _main_clock                              0x080000f5   Thumb Code     0  entry7b.o(.ARM.Collect$$$$00000008)
    _main_init                               0x080000f5   Thumb Code     0  entry8.o(.ARM.Collect$$$$00000009)
    Reset_Handler                            0x08000101   Thumb Code     8  startup_stm32f10x_md.o(.text)
    ADC1_2_IRQHandler                        0x0800011b   Thumb Code     0  startup_stm32f10x_md.o(.text)
    CAN1_RX1_IRQHandler                      0x0800011b   Thumb Code     0  startup_stm32f10x_md.o(.text)
    CAN1_SCE_IRQHandler                      0x0800011b   Thumb Code     0  startup_stm32f10x_md.o(.text)
    DMA1_Channel1_IRQHandler                 0x0800011b   Thumb Code     0  startup_stm32f10x_md.o(.text)
    DMA1_Channel2_IRQHandler                 0x0800011b   Thumb Code     0  startup_stm32f10x_md.o(.text)
    DMA1_Channel3_IRQHandler                 0x0800011b   Thumb Code     0  startup_stm32f10x_md.o(.text)
    DMA1_Channel4_IRQHandler                 0x0800011b   Thumb Code     0  startup_stm32f10x_md.o(.text)
    DMA1_Channel5_IRQHandler                 0x0800011b   Thumb Code     0  startup_stm32f10x_md.o(.text)
    DMA1_Channel6_IRQHandler                 0x0800011b   Thumb Code     0  startup_stm32f10x_md.o(.text)
    DMA1_Channel7_IRQHandler                 0x0800011b   Thumb Code     0  startup_stm32f10x_md.o(.text)
    EXTI0_IRQHandler                         0x0800011b   Thumb Code     0  startup_stm32f10x_md.o(.text)
    EXTI15_10_IRQHandler                     0x0800011b   Thumb Code     0  startup_stm32f10x_md.o(.text)
    EXTI1_IRQHandler                         0x0800011b   Thumb Code     0  startup_stm32f10x_md.o(.text)
    EXTI2_IRQHandler                         0x0800011b   Thumb Code     0  startup_stm32f10x_md.o(.text)
    EXTI3_IRQHandler                         0x0800011b   Thumb Code     0  startup_stm32f10x_md.o(.text)
    EXTI4_IRQHandler                         0x0800011b   Thumb Code     0  startup_stm32f10x_md.o(.text)
    FLASH_IRQHandler                         0x0800011b   Thumb Code     0  startup_stm32f10x_md.o(.text)
    I2C1_ER_IRQHandler                       0x0800011b   Thumb Code     0  startup_stm32f10x_md.o(.text)
    I2C1_EV_IRQHandler                       0x0800011b   Thumb Code     0  startup_stm32f10x_md.o(.text)
    I2C2_ER_IRQHandler                       0x0800011b   Thumb Code     0  startup_stm32f10x_md.o(.text)
    I2C2_EV_IRQHandler                       0x0800011b   Thumb Code     0  startup_stm32f10x_md.o(.text)
    PVD_IRQHandler                           0x0800011b   Thumb Code     0  startup_stm32f10x_md.o(.text)
    RCC_IRQHandler                           0x0800011b   Thumb Code     0  startup_stm32f10x_md.o(.text)
    RTCAlarm_IRQHandler                      0x0800011b   Thumb Code     0  startup_stm32f10x_md.o(.text)
    RTC_IRQHandler                           0x0800011b   Thumb Code     0  startup_stm32f10x_md.o(.text)
    SPI1_IRQHandler                          0x0800011b   Thumb Code     0  startup_stm32f10x_md.o(.text)
    SPI2_IRQHandler                          0x0800011b   Thumb Code     0  startup_stm32f10x_md.o(.text)
    TAMPER_IRQHandler                        0x0800011b   Thumb Code     0  startup_stm32f10x_md.o(.text)
    TIM1_BRK_IRQHandler                      0x0800011b   Thumb Code     0  startup_stm32f10x_md.o(.text)
    TIM1_CC_IRQHandler                       0x0800011b   Thumb Code     0  startup_stm32f10x_md.o(.text)
    TIM1_TRG_COM_IRQHandler                  0x0800011b   Thumb Code     0  startup_stm32f10x_md.o(.text)
    TIM1_UP_IRQHandler                       0x0800011b   Thumb Code     0  startup_stm32f10x_md.o(.text)
    TIM2_IRQHandler                          0x0800011b   Thumb Code     0  startup_stm32f10x_md.o(.text)
    TIM3_IRQHandler                          0x0800011b   Thumb Code     0  startup_stm32f10x_md.o(.text)
    TIM4_IRQHandler                          0x0800011b   Thumb Code     0  startup_stm32f10x_md.o(.text)
    USART2_IRQHandler                        0x0800011b   Thumb Code     0  startup_stm32f10x_md.o(.text)
    USART3_IRQHandler                        0x0800011b   Thumb Code     0  startup_stm32f10x_md.o(.text)
    USBWakeUp_IRQHandler                     0x0800011b   Thumb Code     0  startup_stm32f10x_md.o(.text)
    USB_HP_CAN1_TX_IRQHandler                0x0800011b   Thumb Code     0  startup_stm32f10x_md.o(.text)
    USB_LP_CAN1_RX0_IRQHandler               0x0800011b   Thumb Code     0  startup_stm32f10x_md.o(.text)
    WWDG_IRQHandler                          0x0800011b   Thumb Code     0  startup_stm32f10x_md.o(.text)
    main                                     0x08000125   Thumb Code    14  main.o(.text)
    NMI_Handler                              0x08000139   Thumb Code     2  stm32f10x_it.o(.text)
    HardFault_Handler                        0x0800013b   Thumb Code     4  stm32f10x_it.o(.text)
    MemManage_Handler                        0x0800013f   Thumb Code     4  stm32f10x_it.o(.text)
    BusFault_Handler                         0x08000143   Thumb Code     4  stm32f10x_it.o(.text)
    UsageFault_Handler                       0x08000147   Thumb Code     4  stm32f10x_it.o(.text)
    SVC_Handler                              0x0800014b   Thumb Code     2  stm32f10x_it.o(.text)
    DebugMon_Handler                         0x0800014d   Thumb Code     2  stm32f10x_it.o(.text)
    PendSV_Handler                           0x0800014f   Thumb Code     2  stm32f10x_it.o(.text)
    SysTick_Handler                          0x08000151   Thumb Code    10  stm32f10x_it.o(.text)
    EXTI9_5_IRQHandler                       0x0800015b   Thumb Code    42  stm32f10x_it.o(.text)
    USART1_IRQHandler                        0x08000185   Thumb Code     8  stm32f10x_it.o(.text)
    TaskInit                                 0x08000195   Thumb Code    40  task.o(.text)
    TPCRemarks                               0x080001bd   Thumb Code    94  task.o(.text)
    TPCProcess                               0x0800021b   Thumb Code    52  task.o(.text)
    LedGpioConfig                            0x08000251   Thumb Code    50  tled.o(.text)
    LEDdisplay                               0x08000283   Thumb Code   106  tled.o(.text)
    LED1on                                   0x080002ed   Thumb Code    40  tled.o(.text)
    TestExcuteTimeGpioConfig                 0x08000319   Thumb Code    38  tsystick.o(.text)
    SystickInit                              0x0800033f   Thumb Code    94  tsystick.o(.text)
    TestExcuteTime                           0x0800039d   Thumb Code    28  tsystick.o(.text)
    Gui_Circle                               0x080003c9   Thumb Code   300  tgui.o(.text)
    Gui_DrawLine                             0x080004f5   Thumb Code   186  tgui.o(.text)
    Gui_box                                  0x080005af   Thumb Code   148  tgui.o(.text)
    Gui_box2                                 0x08000643   Thumb Code   326  tgui.o(.text)
    DisplayButtonDown                        0x08000789   Thumb Code   130  tgui.o(.text)
    DisplayButtonUp                          0x0800080b   Thumb Code   128  tgui.o(.text)
    Gui_DrawFont_GBK16                       0x0800088b   Thumb Code   394  tgui.o(.text)
    Gui_DrawFont_GBK24                       0x08000a15   Thumb Code   486  tgui.o(.text)
    Gui_DrawFont_Num32                       0x08000bfb   Thumb Code   124  tgui.o(.text)
    Gui_DrawFont_Num16                       0x08000c77   Thumb Code   120  tgui.o(.text)
    Draw_Menu                                0x08000cf1   Thumb Code    50  tguidemo.o(.text)
    TaskLineLevel                            0x08000d23   Thumb Code   116  tguidemo.o(.text)
    TaskDrawNum                              0x08000d97   Thumb Code    60  tguidemo.o(.text)
    LCD_GPIO_Init                            0x08000de9   Thumb Code    40  tlcd_drive.o(.text)
    SPIv_WriteData                           0x08000e11   Thumb Code    60  tlcd_drive.o(.text)
    SPI_WriteByte                            0x08000e4d   Thumb Code    30  tlcd_drive.o(.text)
    SPI_SetSpeed                             0x08000e6b   Thumb Code    38  tlcd_drive.o(.text)
    SPI2_Init                                0x08000e91   Thumb Code   178  tlcd_drive.o(.text)
    Lcd_WriteIndex                           0x08000f43   Thumb Code    38  tlcd_drive.o(.text)
    Lcd_WriteData                            0x08000f69   Thumb Code    40  tlcd_drive.o(.text)
    Lcd_WriteReg                             0x08000f91   Thumb Code    26  tlcd_drive.o(.text)
    Lcd_WriteData_16Bit                      0x08000fab   Thumb Code    18  tlcd_drive.o(.text)
    Lcd_Reset                                0x08000fdb   Thumb Code    40  tlcd_drive.o(.text)
    Lcd_Init                                 0x08001003   Thumb Code   540  tlcd_drive.o(.text)
    Lcd_SetXY                                0x0800121f   Thumb Code    30  tlcd_drive.o(.text)
    Lcd_setRegion                            0x0800123d   Thumb Code    54  tlcd_drive.o(.text)
    Gui_DrawPoint                            0x08001273   Thumb Code    24  tlcd_drive.o(.text)
    Lcd_Clear                                0x0800128b   Thumb Code    52  tlcd_drive.o(.text)
    TIM3_PWM_init                            0x08001371   Thumb Code    12  tpwm.o(.text)
    KeyExit_pb7_config                       0x080013af   Thumb Code    72  tkey.o(.text)
    uart_init                                0x080013fd   Thumb Code   158  tuart.o(.text)
    USART1_SendByte                          0x0800149b   Thumb Code    28  tuart.o(.text)
    usart1_sendback                          0x080014b7   Thumb Code    62  tuart.o(.text)
    fputc                                    0x080014f5   Thumb Code    30  tuart.o(.text)
    USART1_printf                            0x08001575   Thumb Code   262  tuart.o(.text)
    UART1Receive                             0x0800167b   Thumb Code   188  tuart.o(.text)
    Usart1SendBackTest                       0x08001737   Thumb Code    52  tuart.o(.text)
    ADC1Init                                 0x08001977   Thumb Code    12  tadc.o(.text)
    adc1_value                               0x08001983   Thumb Code    58  tadc.o(.text)
    tempadc                                  0x080019bd   Thumb Code    36  tadc.o(.text)
    AdcValue                                 0x080019e1   Thumb Code    82  tadc.o(.text)
    RCC_DeInit                               0x08001a69   Thumb Code    64  stm32f10x_rcc.o(.text)
    RCC_HSEConfig                            0x08001aa9   Thumb Code    70  stm32f10x_rcc.o(.text)
    RCC_GetFlagStatus                        0x08001aef   Thumb Code    56  stm32f10x_rcc.o(.text)
    RCC_WaitForHSEStartUp                    0x08001b27   Thumb Code    48  stm32f10x_rcc.o(.text)
    RCC_AdjustHSICalibrationValue            0x08001b57   Thumb Code    20  stm32f10x_rcc.o(.text)
    RCC_HSICmd                               0x08001b6b   Thumb Code     6  stm32f10x_rcc.o(.text)
    RCC_PLLConfig                            0x08001b71   Thumb Code    24  stm32f10x_rcc.o(.text)
    RCC_PLLCmd                               0x08001b89   Thumb Code     6  stm32f10x_rcc.o(.text)
    RCC_SYSCLKConfig                         0x08001b8f   Thumb Code    18  stm32f10x_rcc.o(.text)
    RCC_GetSYSCLKSource                      0x08001ba1   Thumb Code    10  stm32f10x_rcc.o(.text)
    RCC_HCLKConfig                           0x08001bab   Thumb Code    18  stm32f10x_rcc.o(.text)
    RCC_PCLK1Config                          0x08001bbd   Thumb Code    18  stm32f10x_rcc.o(.text)
    RCC_PCLK2Config                          0x08001bcf   Thumb Code    20  stm32f10x_rcc.o(.text)
    RCC_ITConfig                             0x08001be3   Thumb Code    30  stm32f10x_rcc.o(.text)
    RCC_USBCLKConfig                         0x08001c01   Thumb Code     6  stm32f10x_rcc.o(.text)
    RCC_ADCCLKConfig                         0x08001c07   Thumb Code    18  stm32f10x_rcc.o(.text)
    RCC_LSEConfig                            0x08001c19   Thumb Code    44  stm32f10x_rcc.o(.text)
    RCC_LSICmd                               0x08001c45   Thumb Code     6  stm32f10x_rcc.o(.text)
    RCC_RTCCLKConfig                         0x08001c4b   Thumb Code    12  stm32f10x_rcc.o(.text)
    RCC_RTCCLKCmd                            0x08001c57   Thumb Code     8  stm32f10x_rcc.o(.text)
    RCC_GetClocksFreq                        0x08001c5f   Thumb Code   192  stm32f10x_rcc.o(.text)
    RCC_AHBPeriphClockCmd                    0x08001d1f   Thumb Code    26  stm32f10x_rcc.o(.text)
    RCC_APB2PeriphClockCmd                   0x08001d39   Thumb Code    26  stm32f10x_rcc.o(.text)
    RCC_APB1PeriphClockCmd                   0x08001d53   Thumb Code    26  stm32f10x_rcc.o(.text)
    RCC_APB2PeriphResetCmd                   0x08001d6d   Thumb Code    26  stm32f10x_rcc.o(.text)
    RCC_APB1PeriphResetCmd                   0x08001d87   Thumb Code    26  stm32f10x_rcc.o(.text)
    RCC_BackupResetCmd                       0x08001da1   Thumb Code     8  stm32f10x_rcc.o(.text)
    RCC_ClockSecuritySystemCmd               0x08001da9   Thumb Code     6  stm32f10x_rcc.o(.text)
    RCC_MCOConfig                            0x08001daf   Thumb Code     6  stm32f10x_rcc.o(.text)
    RCC_ClearFlag                            0x08001db5   Thumb Code    14  stm32f10x_rcc.o(.text)
    RCC_GetITStatus                          0x08001dc3   Thumb Code    20  stm32f10x_rcc.o(.text)
    RCC_ClearITPendingBit                    0x08001dd7   Thumb Code     6  stm32f10x_rcc.o(.text)
    GPIO_DeInit                              0x08001e09   Thumb Code   172  stm32f10x_gpio.o(.text)
    GPIO_AFIODeInit                          0x08001eb5   Thumb Code    20  stm32f10x_gpio.o(.text)
    GPIO_Init                                0x08001ec9   Thumb Code   274  stm32f10x_gpio.o(.text)
    GPIO_StructInit                          0x08001fdb   Thumb Code    16  stm32f10x_gpio.o(.text)
    GPIO_ReadInputDataBit                    0x08001feb   Thumb Code    18  stm32f10x_gpio.o(.text)
    GPIO_ReadInputData                       0x08001ffd   Thumb Code     8  stm32f10x_gpio.o(.text)
    GPIO_ReadOutputDataBit                   0x08002005   Thumb Code    18  stm32f10x_gpio.o(.text)
    GPIO_ReadOutputData                      0x08002017   Thumb Code     8  stm32f10x_gpio.o(.text)
    GPIO_SetBits                             0x0800201f   Thumb Code     4  stm32f10x_gpio.o(.text)
    GPIO_ResetBits                           0x08002023   Thumb Code     4  stm32f10x_gpio.o(.text)
    GPIO_WriteBit                            0x08002027   Thumb Code    10  stm32f10x_gpio.o(.text)
    GPIO_Write                               0x08002031   Thumb Code     4  stm32f10x_gpio.o(.text)
    GPIO_PinLockConfig                       0x08002035   Thumb Code    18  stm32f10x_gpio.o(.text)
    GPIO_EventOutputConfig                   0x08002047   Thumb Code    26  stm32f10x_gpio.o(.text)
    GPIO_EventOutputCmd                      0x08002061   Thumb Code     6  stm32f10x_gpio.o(.text)
    GPIO_PinRemapConfig                      0x08002067   Thumb Code   138  stm32f10x_gpio.o(.text)
    GPIO_EXTILineConfig                      0x080020f1   Thumb Code    66  stm32f10x_gpio.o(.text)
    GPIO_ETH_MediaInterfaceConfig            0x08002133   Thumb Code     6  stm32f10x_gpio.o(.text)
    NVIC_PriorityGroupConfig                 0x08002161   Thumb Code    10  misc.o(.text)
    NVIC_Init                                0x0800216b   Thumb Code   102  misc.o(.text)
    NVIC_SetVectorTable                      0x080021d1   Thumb Code    14  misc.o(.text)
    NVIC_SystemLPConfig                      0x080021df   Thumb Code    34  misc.o(.text)
    SysTick_CLKSourceConfig                  0x08002201   Thumb Code    40  misc.o(.text)
    EXTI_DeInit                              0x0800223d   Thumb Code    28  stm32f10x_exti.o(.text)
    EXTI_Init                                0x08002259   Thumb Code   142  stm32f10x_exti.o(.text)
    EXTI_StructInit                          0x080022e7   Thumb Code    16  stm32f10x_exti.o(.text)
    EXTI_GenerateSWInterrupt                 0x080022f7   Thumb Code    16  stm32f10x_exti.o(.text)
    EXTI_GetFlagStatus                       0x08002307   Thumb Code    22  stm32f10x_exti.o(.text)
    EXTI_ClearFlag                           0x0800231d   Thumb Code     8  stm32f10x_exti.o(.text)
    EXTI_GetITStatus                         0x08002325   Thumb Code    34  stm32f10x_exti.o(.text)
    EXTI_ClearITPendingBit                   0x08002347   Thumb Code     8  stm32f10x_exti.o(.text)
    ADC_DeInit                               0x08002359   Thumb Code    78  stm32f10x_adc.o(.text)
    ADC_Init                                 0x080023a7   Thumb Code    70  stm32f10x_adc.o(.text)
    ADC_StructInit                           0x080023ed   Thumb Code    18  stm32f10x_adc.o(.text)
    ADC_Cmd                                  0x080023ff   Thumb Code    22  stm32f10x_adc.o(.text)
    ADC_DMACmd                               0x08002415   Thumb Code    22  stm32f10x_adc.o(.text)
    ADC_ITConfig                             0x0800242b   Thumb Code    24  stm32f10x_adc.o(.text)
    ADC_ResetCalibration                     0x08002443   Thumb Code    10  stm32f10x_adc.o(.text)
    ADC_GetResetCalibrationStatus            0x0800244d   Thumb Code    20  stm32f10x_adc.o(.text)
    ADC_StartCalibration                     0x08002461   Thumb Code    10  stm32f10x_adc.o(.text)
    ADC_GetCalibrationStatus                 0x0800246b   Thumb Code    20  stm32f10x_adc.o(.text)
    ADC_SoftwareStartConvCmd                 0x0800247f   Thumb Code    22  stm32f10x_adc.o(.text)
    ADC_GetSoftwareStartConvStatus           0x08002495   Thumb Code    20  stm32f10x_adc.o(.text)
    ADC_DiscModeChannelCountConfig           0x080024a9   Thumb Code    24  stm32f10x_adc.o(.text)
    ADC_DiscModeCmd                          0x080024c1   Thumb Code    22  stm32f10x_adc.o(.text)
    ADC_RegularChannelConfig                 0x080024d7   Thumb Code   184  stm32f10x_adc.o(.text)
    ADC_ExternalTrigConvCmd                  0x0800258f   Thumb Code    22  stm32f10x_adc.o(.text)
    ADC_GetConversionValue                   0x080025a5   Thumb Code     8  stm32f10x_adc.o(.text)
    ADC_GetDualModeConversionValue           0x080025ad   Thumb Code     8  stm32f10x_adc.o(.text)
    ADC_AutoInjectedConvCmd                  0x080025b5   Thumb Code    22  stm32f10x_adc.o(.text)
    ADC_InjectedDiscModeCmd                  0x080025cb   Thumb Code    22  stm32f10x_adc.o(.text)
    ADC_ExternalTrigInjectedConvConfig       0x080025e1   Thumb Code    16  stm32f10x_adc.o(.text)
    ADC_ExternalTrigInjectedConvCmd          0x080025f1   Thumb Code    22  stm32f10x_adc.o(.text)
    ADC_SoftwareStartInjectedConvCmd         0x08002607   Thumb Code    22  stm32f10x_adc.o(.text)
    ADC_GetSoftwareStartInjectedConvCmdStatus 0x0800261d   Thumb Code    20  stm32f10x_adc.o(.text)
    ADC_InjectedChannelConfig                0x08002631   Thumb Code   130  stm32f10x_adc.o(.text)
    ADC_InjectedSequencerLengthConfig        0x080026b3   Thumb Code    24  stm32f10x_adc.o(.text)
    ADC_SetInjectedOffset                    0x080026cb   Thumb Code    12  stm32f10x_adc.o(.text)
    ADC_GetInjectedConversionValue           0x080026d7   Thumb Code    18  stm32f10x_adc.o(.text)
    ADC_AnalogWatchdogCmd                    0x080026e9   Thumb Code    16  stm32f10x_adc.o(.text)
    ADC_AnalogWatchdogThresholdsConfig       0x080026f9   Thumb Code     6  stm32f10x_adc.o(.text)
    ADC_AnalogWatchdogSingleChannelConfig    0x080026ff   Thumb Code    16  stm32f10x_adc.o(.text)
    ADC_TempSensorVrefintCmd                 0x0800270f   Thumb Code    38  stm32f10x_adc.o(.text)
    ADC_GetFlagStatus                        0x08002735   Thumb Code    44  stm32f10x_adc.o(.text)
    ADC_ClearFlag                            0x08002761   Thumb Code     6  stm32f10x_adc.o(.text)
    ADC_GetITStatus                          0x08002767   Thumb Code    36  stm32f10x_adc.o(.text)
    ADC_ClearITPendingBit                    0x0800278b   Thumb Code    10  stm32f10x_adc.o(.text)
    DMA_DeInit                               0x08002795   Thumb Code   324  stm32f10x_dma.o(.text)
    DMA_Init                                 0x080028d9   Thumb Code    60  stm32f10x_dma.o(.text)
    DMA_StructInit                           0x08002915   Thumb Code    26  stm32f10x_dma.o(.text)
    DMA_Cmd                                  0x0800292f   Thumb Code    24  stm32f10x_dma.o(.text)
    DMA_ITConfig                             0x08002947   Thumb Code    18  stm32f10x_dma.o(.text)
    DMA_SetCurrDataCounter                   0x08002959   Thumb Code     4  stm32f10x_dma.o(.text)
    DMA_GetCurrDataCounter                   0x0800295d   Thumb Code     8  stm32f10x_dma.o(.text)
    DMA_GetFlagStatus                        0x08002965   Thumb Code    38  stm32f10x_dma.o(.text)
    DMA_ClearFlag                            0x0800298b   Thumb Code    22  stm32f10x_dma.o(.text)
    DMA_GetITStatus                          0x080029a1   Thumb Code    38  stm32f10x_dma.o(.text)
    DMA_ClearITPendingBit                    0x080029c7   Thumb Code    22  stm32f10x_dma.o(.text)
    USART_DeInit                             0x080029e5   Thumb Code   134  stm32f10x_usart.o(.text)
    USART_Init                               0x08002a6b   Thumb Code   210  stm32f10x_usart.o(.text)
    USART_StructInit                         0x08002b3d   Thumb Code    24  stm32f10x_usart.o(.text)
    USART_ClockInit                          0x08002b55   Thumb Code    34  stm32f10x_usart.o(.text)
    USART_ClockStructInit                    0x08002b77   Thumb Code    12  stm32f10x_usart.o(.text)
    USART_Cmd                                0x08002b83   Thumb Code    24  stm32f10x_usart.o(.text)
    USART_ITConfig                           0x08002b9b   Thumb Code    74  stm32f10x_usart.o(.text)
    USART_DMACmd                             0x08002be5   Thumb Code    24  stm32f10x_usart.o(.text)
    USART_SetAddress                         0x08002bfd   Thumb Code    18  stm32f10x_usart.o(.text)
    USART_WakeUpConfig                       0x08002c0f   Thumb Code    18  stm32f10x_usart.o(.text)
    USART_ReceiverWakeUpCmd                  0x08002c21   Thumb Code    24  stm32f10x_usart.o(.text)
    USART_LINBreakDetectLengthConfig         0x08002c39   Thumb Code    18  stm32f10x_usart.o(.text)
    USART_LINCmd                             0x08002c4b   Thumb Code    24  stm32f10x_usart.o(.text)
    USART_SendData                           0x08002c63   Thumb Code     8  stm32f10x_usart.o(.text)
    USART_ReceiveData                        0x08002c6b   Thumb Code    10  stm32f10x_usart.o(.text)
    USART_SendBreak                          0x08002c75   Thumb Code    10  stm32f10x_usart.o(.text)
    USART_SetGuardTime                       0x08002c7f   Thumb Code    16  stm32f10x_usart.o(.text)
    USART_SetPrescaler                       0x08002c8f   Thumb Code    16  stm32f10x_usart.o(.text)
    USART_SmartCardCmd                       0x08002c9f   Thumb Code    24  stm32f10x_usart.o(.text)
    USART_SmartCardNACKCmd                   0x08002cb7   Thumb Code    24  stm32f10x_usart.o(.text)
    USART_HalfDuplexCmd                      0x08002ccf   Thumb Code    24  stm32f10x_usart.o(.text)
    USART_OverSampling8Cmd                   0x08002ce7   Thumb Code    22  stm32f10x_usart.o(.text)
    USART_OneBitMethodCmd                    0x08002cfd   Thumb Code    24  stm32f10x_usart.o(.text)
    USART_IrDAConfig                         0x08002d15   Thumb Code    18  stm32f10x_usart.o(.text)
    USART_IrDACmd                            0x08002d27   Thumb Code    24  stm32f10x_usart.o(.text)
    USART_GetFlagStatus                      0x08002d3f   Thumb Code    26  stm32f10x_usart.o(.text)
    USART_ClearFlag                          0x08002d59   Thumb Code    18  stm32f10x_usart.o(.text)
    USART_GetITStatus                        0x08002d6b   Thumb Code    84  stm32f10x_usart.o(.text)
    USART_ClearITPendingBit                  0x08002dbf   Thumb Code    50  stm32f10x_usart.o(.text)
    SPI_I2S_DeInit                           0x08002df1   Thumb Code    76  stm32f10x_spi.o(.text)
    SPI_Init                                 0x08002e3d   Thumb Code    60  stm32f10x_spi.o(.text)
    I2S_Init                                 0x08002e79   Thumb Code   222  stm32f10x_spi.o(.text)
    SPI_StructInit                           0x08002f57   Thumb Code    24  stm32f10x_spi.o(.text)
    I2S_StructInit                           0x08002f6f   Thumb Code    20  stm32f10x_spi.o(.text)
    SPI_Cmd                                  0x08002f83   Thumb Code    24  stm32f10x_spi.o(.text)
    I2S_Cmd                                  0x08002f9b   Thumb Code    24  stm32f10x_spi.o(.text)
    SPI_I2S_ITConfig                         0x08002fb3   Thumb Code    36  stm32f10x_spi.o(.text)
    SPI_I2S_DMACmd                           0x08002fd7   Thumb Code    24  stm32f10x_spi.o(.text)
    SPI_I2S_SendData                         0x08002fef   Thumb Code     4  stm32f10x_spi.o(.text)
    SPI_I2S_ReceiveData                      0x08002ff3   Thumb Code     6  stm32f10x_spi.o(.text)
    SPI_NSSInternalSoftwareConfig            0x08002ff9   Thumb Code    30  stm32f10x_spi.o(.text)
    SPI_SSOutputCmd                          0x08003017   Thumb Code    24  stm32f10x_spi.o(.text)
    SPI_DataSizeConfig                       0x0800302f   Thumb Code    18  stm32f10x_spi.o(.text)
    SPI_TransmitCRC                          0x08003041   Thumb Code    10  stm32f10x_spi.o(.text)
    SPI_CalculateCRC                         0x0800304b   Thumb Code    24  stm32f10x_spi.o(.text)
    SPI_GetCRC                               0x08003063   Thumb Code    16  stm32f10x_spi.o(.text)
    SPI_GetCRCPolynomial                     0x08003073   Thumb Code     6  stm32f10x_spi.o(.text)
    SPI_BiDirectionalLineConfig              0x08003079   Thumb Code    28  stm32f10x_spi.o(.text)
    SPI_I2S_GetFlagStatus                    0x08003095   Thumb Code    18  stm32f10x_spi.o(.text)
    SPI_I2S_ClearFlag                        0x080030a7   Thumb Code     6  stm32f10x_spi.o(.text)
    SPI_I2S_GetITStatus                      0x080030ad   Thumb Code    52  stm32f10x_spi.o(.text)
    SPI_I2S_ClearITPendingBit                0x080030e1   Thumb Code    20  stm32f10x_spi.o(.text)
    TIM_DeInit                               0x08003101   Thumb Code   424  stm32f10x_tim.o(.text)
    TIM_TimeBaseInit                         0x080032a9   Thumb Code   122  stm32f10x_tim.o(.text)
    TIM_OC1Init                              0x08003323   Thumb Code   132  stm32f10x_tim.o(.text)
    TIM_OC2Init                              0x080033a7   Thumb Code   146  stm32f10x_tim.o(.text)
    TIM_OC3Init                              0x08003439   Thumb Code   142  stm32f10x_tim.o(.text)
    TIM_OC4Init                              0x080034c7   Thumb Code   174  stm32f10x_tim.o(.text)
    TIM_SetIC4Prescaler                      0x08003575   Thumb Code    22  stm32f10x_tim.o(.text)
    TIM_SetIC3Prescaler                      0x08003601   Thumb Code    18  stm32f10x_tim.o(.text)
    TIM_SetIC2Prescaler                      0x08003685   Thumb Code    22  stm32f10x_tim.o(.text)
    TIM_SetIC1Prescaler                      0x08003711   Thumb Code    18  stm32f10x_tim.o(.text)
    TIM_ICInit                               0x0800378d   Thumb Code   150  stm32f10x_tim.o(.text)
    TIM_PWMIConfig                           0x08003823   Thumb Code   124  stm32f10x_tim.o(.text)
    TIM_BDTRConfig                           0x0800389f   Thumb Code    32  stm32f10x_tim.o(.text)
    TIM_TimeBaseStructInit                   0x080038bf   Thumb Code    18  stm32f10x_tim.o(.text)
    TIM_OCStructInit                         0x080038d1   Thumb Code    20  stm32f10x_tim.o(.text)
    TIM_ICStructInit                         0x080038e5   Thumb Code    18  stm32f10x_tim.o(.text)
    TIM_BDTRStructInit                       0x080038f7   Thumb Code    18  stm32f10x_tim.o(.text)
    TIM_Cmd                                  0x08003909   Thumb Code    24  stm32f10x_tim.o(.text)
    TIM_CtrlPWMOutputs                       0x08003921   Thumb Code    50  stm32f10x_tim.o(.text)
    TIM_ITConfig                             0x08003953   Thumb Code    24  stm32f10x_tim.o(.text)
    TIM_GenerateEvent                        0x0800396b   Thumb Code     4  stm32f10x_tim.o(.text)
    TIM_DMAConfig                            0x0800396f   Thumb Code    10  stm32f10x_tim.o(.text)
    TIM_DMACmd                               0x08003979   Thumb Code    24  stm32f10x_tim.o(.text)
    TIM_InternalClockConfig                  0x08003991   Thumb Code    12  stm32f10x_tim.o(.text)
    TIM_SelectInputTrigger                   0x0800399d   Thumb Code    18  stm32f10x_tim.o(.text)
    TIM_ITRxExternalClockConfig              0x080039af   Thumb Code    24  stm32f10x_tim.o(.text)
    TIM_TIxExternalClockConfig               0x080039c7   Thumb Code    62  stm32f10x_tim.o(.text)
    TIM_ETRConfig                            0x08003a05   Thumb Code    24  stm32f10x_tim.o(.text)
    TIM_ETRClockMode1Config                  0x08003a1d   Thumb Code    54  stm32f10x_tim.o(.text)
    TIM_ETRClockMode2Config                  0x08003a53   Thumb Code    32  stm32f10x_tim.o(.text)
    TIM_PrescalerConfig                      0x08003a73   Thumb Code     6  stm32f10x_tim.o(.text)
    TIM_CounterModeConfig                    0x08003a79   Thumb Code    18  stm32f10x_tim.o(.text)
    TIM_EncoderInterfaceConfig               0x08003a8b   Thumb Code    62  stm32f10x_tim.o(.text)
    TIM_ForcedOC1Config                      0x08003ac9   Thumb Code    18  stm32f10x_tim.o(.text)
    TIM_ForcedOC2Config                      0x08003adb   Thumb Code    22  stm32f10x_tim.o(.text)
    TIM_ForcedOC3Config                      0x08003af1   Thumb Code    18  stm32f10x_tim.o(.text)
    TIM_ForcedOC4Config                      0x08003b03   Thumb Code    22  stm32f10x_tim.o(.text)
    TIM_ARRPreloadConfig                     0x08003b19   Thumb Code    24  stm32f10x_tim.o(.text)
    TIM_SelectCOM                            0x08003b31   Thumb Code    24  stm32f10x_tim.o(.text)
    TIM_SelectCCDMA                          0x08003b49   Thumb Code    24  stm32f10x_tim.o(.text)
    TIM_CCPreloadControl                     0x08003b61   Thumb Code    24  stm32f10x_tim.o(.text)
    TIM_OC1PreloadConfig                     0x08003b79   Thumb Code    18  stm32f10x_tim.o(.text)
    TIM_OC2PreloadConfig                     0x08003b8b   Thumb Code    22  stm32f10x_tim.o(.text)
    TIM_OC3PreloadConfig                     0x08003ba1   Thumb Code    18  stm32f10x_tim.o(.text)
    TIM_OC4PreloadConfig                     0x08003bb3   Thumb Code    22  stm32f10x_tim.o(.text)
    TIM_OC1FastConfig                        0x08003bc9   Thumb Code    18  stm32f10x_tim.o(.text)
    TIM_OC2FastConfig                        0x08003bdb   Thumb Code    22  stm32f10x_tim.o(.text)
    TIM_OC3FastConfig                        0x08003bf1   Thumb Code    18  stm32f10x_tim.o(.text)
    TIM_OC4FastConfig                        0x08003c03   Thumb Code    22  stm32f10x_tim.o(.text)
    TIM_ClearOC1Ref                          0x08003c19   Thumb Code    18  stm32f10x_tim.o(.text)
    TIM_ClearOC2Ref                          0x08003c2b   Thumb Code    20  stm32f10x_tim.o(.text)
    TIM_ClearOC3Ref                          0x08003c3f   Thumb Code    18  stm32f10x_tim.o(.text)
    TIM_ClearOC4Ref                          0x08003c51   Thumb Code    20  stm32f10x_tim.o(.text)
    TIM_OC1PolarityConfig                    0x08003c65   Thumb Code    18  stm32f10x_tim.o(.text)
    TIM_OC1NPolarityConfig                   0x08003c77   Thumb Code    18  stm32f10x_tim.o(.text)
    TIM_OC2PolarityConfig                    0x08003c89   Thumb Code    22  stm32f10x_tim.o(.text)
    TIM_OC2NPolarityConfig                   0x08003c9f   Thumb Code    22  stm32f10x_tim.o(.text)
    TIM_OC3PolarityConfig                    0x08003cb5   Thumb Code    22  stm32f10x_tim.o(.text)
    TIM_OC3NPolarityConfig                   0x08003ccb   Thumb Code    22  stm32f10x_tim.o(.text)
    TIM_OC4PolarityConfig                    0x08003ce1   Thumb Code    22  stm32f10x_tim.o(.text)
    TIM_CCxCmd                               0x08003cf7   Thumb Code    34  stm32f10x_tim.o(.text)
    TIM_CCxNCmd                              0x08003d19   Thumb Code    34  stm32f10x_tim.o(.text)
    TIM_SelectOCxM                           0x08003d3b   Thumb Code    82  stm32f10x_tim.o(.text)
    TIM_UpdateDisableConfig                  0x08003d8d   Thumb Code    24  stm32f10x_tim.o(.text)
    TIM_UpdateRequestConfig                  0x08003da5   Thumb Code    24  stm32f10x_tim.o(.text)
    TIM_SelectHallSensor                     0x08003dbd   Thumb Code    24  stm32f10x_tim.o(.text)
    TIM_SelectOnePulseMode                   0x08003dd5   Thumb Code    18  stm32f10x_tim.o(.text)
    TIM_SelectOutputTrigger                  0x08003de7   Thumb Code    18  stm32f10x_tim.o(.text)
    TIM_SelectSlaveMode                      0x08003df9   Thumb Code    18  stm32f10x_tim.o(.text)
    TIM_SelectMasterSlaveMode                0x08003e0b   Thumb Code    18  stm32f10x_tim.o(.text)
    TIM_SetCounter                           0x08003e1d   Thumb Code     4  stm32f10x_tim.o(.text)
    TIM_SetAutoreload                        0x08003e21   Thumb Code     4  stm32f10x_tim.o(.text)
    TIM_SetCompare1                          0x08003e25   Thumb Code     4  stm32f10x_tim.o(.text)
    TIM_SetCompare2                          0x08003e29   Thumb Code     4  stm32f10x_tim.o(.text)
    TIM_SetCompare3                          0x08003e2d   Thumb Code     4  stm32f10x_tim.o(.text)
    TIM_SetCompare4                          0x08003e31   Thumb Code     6  stm32f10x_tim.o(.text)
    TIM_SetClockDivision                     0x08003e37   Thumb Code    18  stm32f10x_tim.o(.text)
    TIM_GetCapture1                          0x08003e49   Thumb Code     6  stm32f10x_tim.o(.text)
    TIM_GetCapture2                          0x08003e4f   Thumb Code     6  stm32f10x_tim.o(.text)
    TIM_GetCapture3                          0x08003e55   Thumb Code     6  stm32f10x_tim.o(.text)
    TIM_GetCapture4                          0x08003e5b   Thumb Code     8  stm32f10x_tim.o(.text)
    TIM_GetCounter                           0x08003e63   Thumb Code     6  stm32f10x_tim.o(.text)
    TIM_GetPrescaler                         0x08003e69   Thumb Code     6  stm32f10x_tim.o(.text)
    TIM_GetFlagStatus                        0x08003e6f   Thumb Code    18  stm32f10x_tim.o(.text)
    TIM_ClearFlag                            0x08003e81   Thumb Code     6  stm32f10x_tim.o(.text)
    TIM_GetITStatus                          0x08003e87   Thumb Code    34  stm32f10x_tim.o(.text)
    TIM_ClearITPendingBit                    0x08003ea9   Thumb Code     6  stm32f10x_tim.o(.text)
    SystemInit                               0x08003f79   Thumb Code    78  system_stm32f10x.o(.text)
    SystemCoreClockUpdate                    0x08003fc7   Thumb Code   142  system_stm32f10x.o(.text)
    __aeabi_fdiv                             0x08004079   Thumb Code   128  fdiv.o(.text)
    __aeabi_dmul                             0x080040f9   Thumb Code   224  dmul.o(.text)
    __aeabi_ui2f                             0x080041d9   Thumb Code    10  ffltui.o(.text)
    __aeabi_f2d                              0x080041e3   Thumb Code    44  f2d.o(.text)
    __aeabi_d2f                              0x0800420f   Thumb Code    56  d2f.o(.text)
    __aeabi_uidiv                            0x08004247   Thumb Code     0  uidiv.o(.text)
    __aeabi_uidivmod                         0x08004247   Thumb Code    44  uidiv.o(.text)
    __aeabi_uldivmod                         0x08004273   Thumb Code    98  uldiv.o(.text)
    __I$use$fp                               0x080042d5   Thumb Code     0  iusefp.o(.text)
    _float_round                             0x080042d5   Thumb Code    18  fepilogue.o(.text)
    _float_epilogue                          0x080042e7   Thumb Code    90  fepilogue.o(.text)
    _double_round                            0x08004341   Thumb Code    26  depilogue.o(.text)
    _double_epilogue                         0x0800435b   Thumb Code   164  depilogue.o(.text)
    __aeabi_dadd                             0x080043ff   Thumb Code   320  dadd.o(.text)
    __aeabi_dsub                             0x0800453f   Thumb Code     6  dadd.o(.text)
    __aeabi_drsub                            0x08004545   Thumb Code     6  dadd.o(.text)
    __aeabi_ddiv                             0x0800454b   Thumb Code   222  ddiv.o(.text)
    __aeabi_d2ulz                            0x08004629   Thumb Code    48  dfixul.o(.text)
    __aeabi_cdrcmple                         0x08004659   Thumb Code    38  cdrcmple.o(.text)
    __scatterload                            0x08004681   Thumb Code    28  init.o(.text)
    __scatterload_rt2                        0x08004681   Thumb Code     0  init.o(.text)
    __aeabi_llsl                             0x080046a5   Thumb Code    30  llshl.o(.text)
    _ll_shift_l                              0x080046a5   Thumb Code     0  llshl.o(.text)
    __aeabi_llsr                             0x080046c3   Thumb Code    32  llushr.o(.text)
    _ll_ushift_r                             0x080046c3   Thumb Code     0  llushr.o(.text)
    __aeabi_lasr                             0x080046e3   Thumb Code    36  llsshr.o(.text)
    _ll_sshift_r                             0x080046e3   Thumb Code     0  llsshr.o(.text)
    __0printf                                0x08004709   Thumb Code    22  printfa.o(i.__0printf)
    __1printf                                0x08004709   Thumb Code     0  printfa.o(i.__0printf)
    __2printf                                0x08004709   Thumb Code     0  printfa.o(i.__0printf)
    __c89printf                              0x08004709   Thumb Code     0  printfa.o(i.__0printf)
    printf                                   0x08004709   Thumb Code     0  printfa.o(i.__0printf)
    __scatterload_copy                       0x08004729   Thumb Code    14  handlers.o(i.__scatterload_copy)
    __scatterload_null                       0x08004737   Thumb Code     2  handlers.o(i.__scatterload_null)
    __scatterload_zeroinit                   0x08004739   Thumb Code    14  handlers.o(i.__scatterload_zeroinit)
    asc16                                    0x08004ffa   Data        1521  tgui.o(.constdata)
    sz16                                     0x080055eb   Data         225  tgui.o(.constdata)
    sz32                                     0x080056cc   Data        1921  tgui.o(.constdata)
    hz16                                     0x08005e4d   Data        1768  tgui.o(.constdata)
    hz24                                     0x08006535   Data        1406  tgui.o(.constdata)
    Region$$Table$$Base                      0x08006ab4   Number         0  anon$$obj.o(Region$$Table)
    Region$$Table$$Limit                     0x08006ad4   Number         0  anon$$obj.o(Region$$Table)
    TaskComps                                0x20000000   Data          72  task.o(.data)
    usart1_rx                                0x2000004d   Data           1  tuart.o(.data)
    usart1_tx                                0x2000004e   Data           1  tuart.o(.data)
    usart1_len                               0x2000004f   Data           1  tuart.o(.data)
    usart1_sta                               0x20000050   Data           1  tuart.o(.data)
    SystemCoreClock                          0x2000007c   Data           4  system_stm32f10x.o(.data)
    AHBPrescTable                            0x20000080   Data          16  system_stm32f10x.o(.data)
    __stdout                                 0x20000090   Data           4  stdout.o(.data)
    usart1_buf                               0x20000094   Data          15  tuart.o(.bss)
    usart1_recdata                           0x200000a3   Data          15  tuart.o(.bss)
    __initial_sp                             0x200004b8   Data           0  startup_stm32f10x_md.o(STACK)



==============================================================================

Memory Map of the image

  Image Entry point : 0x080000ed

  Load Region LR_IROM1 (Base: 0x08000000, Size: 0x00006b68, Max: 0x00020000, ABSOLUTE)

    Execution Region ER_IROM1 (Base: 0x08000000, Size: 0x00006ad4, Max: 0x00020000, ABSOLUTE)

    Base Addr    Size         Type   Attr      Idx    E Section Name        Object

    0x08000000   0x000000ec   Data   RO            3    RESET               startup_stm32f10x_md.o
    0x080000ec   0x00000000   Code   RO          430  * .ARM.Collect$$$$00000000  mc_w.l(entry.o)
    0x080000ec   0x00000004   Code   RO          704    .ARM.Collect$$$$00000001  mc_w.l(entry2.o)
    0x080000f0   0x00000004   Code   RO          707    .ARM.Collect$$$$00000004  mc_w.l(entry5.o)
    0x080000f4   0x00000000   Code   RO          709    .ARM.Collect$$$$00000008  mc_w.l(entry7b.o)
    0x080000f4   0x00000008   Code   RO          710    .ARM.Collect$$$$00000009  mc_w.l(entry8.o)
    0x080000fc   0x00000004   Code   RO          705    .ARM.Collect$$$$00002712  mc_w.l(entry2.o)
    0x08000100   0x00000024   Code   RO            4    .text               startup_stm32f10x_md.o
    0x08000124   0x00000014   Code   RO           10    .text               main.o
    0x08000138   0x0000005c   Code   RO          112    .text               stm32f10x_it.o
    0x08000194   0x000000ba   Code   RO          124    .text               task.o
    0x0800024e   0x00000002   PAD
    0x08000250   0x000000c8   Code   RO          142    .text               tled.o
    0x08000318   0x000000b0   Code   RO          154    .text               tsystick.o
    0x080003c8   0x00000926   Code   RO          170    .text               tgui.o
    0x08000cee   0x00000002   PAD
    0x08000cf0   0x000000f8   Code   RO          188    .text               tguidemo.o
    0x08000de8   0x000004d6   Code   RO          201    .text               tlcd_drive.o
    0x080012be   0x00000002   PAD
    0x080012c0   0x000000c4   Code   RO          213    .text               tpwm.o
    0x08001384   0x00000078   Code   RO          225    .text               tkey.o
    0x080013fc   0x00000398   Code   RO          237    .text               tuart.o
    0x08001794   0x000002d4   Code   RO          263    .text               tadc.o
    0x08001a68   0x000003a0   Code   RO          277    .text               stm32f10x_rcc.o
    0x08001e08   0x00000358   Code   RO          294    .text               stm32f10x_gpio.o
    0x08002160   0x000000dc   Code   RO          306    .text               misc.o
    0x0800223c   0x0000011c   Code   RO          318    .text               stm32f10x_exti.o
    0x08002358   0x0000043c   Code   RO          330    .text               stm32f10x_adc.o
    0x08002794   0x00000250   Code   RO          342    .text               stm32f10x_dma.o
    0x080029e4   0x0000040c   Code   RO          354    .text               stm32f10x_usart.o
    0x08002df0   0x00000310   Code   RO          378    .text               stm32f10x_spi.o
    0x08003100   0x00000dae   Code   RO          390    .text               stm32f10x_tim.o
    0x08003eae   0x00000002   PAD
    0x08003eb0   0x000001c8   Code   RO          412    .text               system_stm32f10x.o
    0x08004078   0x00000080   Code   RO          694    .text               mf_w.l(fdiv.o)
    0x080040f8   0x000000e0   Code   RO          696    .text               mf_w.l(dmul.o)
    0x080041d8   0x0000000a   Code   RO          698    .text               mf_w.l(ffltui.o)
    0x080041e2   0x0000002c   Code   RO          700    .text               mf_w.l(f2d.o)
    0x0800420e   0x00000038   Code   RO          702    .text               mf_w.l(d2f.o)
    0x08004246   0x0000002c   Code   RO          712    .text               mc_w.l(uidiv.o)
    0x08004272   0x00000062   Code   RO          714    .text               mc_w.l(uldiv.o)
    0x080042d4   0x00000000   Code   RO          716    .text               mc_w.l(iusefp.o)
    0x080042d4   0x0000006c   Code   RO          717    .text               mf_w.l(fepilogue.o)
    0x08004340   0x000000be   Code   RO          719    .text               mf_w.l(depilogue.o)
    0x080043fe   0x0000014c   Code   RO          721    .text               mf_w.l(dadd.o)
    0x0800454a   0x000000de   Code   RO          723    .text               mf_w.l(ddiv.o)
    0x08004628   0x00000030   Code   RO          725    .text               mf_w.l(dfixul.o)
    0x08004658   0x00000028   Code   RO          727    .text               mf_w.l(cdrcmple.o)
    0x08004680   0x00000024   Code   RO          729    .text               mc_w.l(init.o)
    0x080046a4   0x0000001e   Code   RO          731    .text               mc_w.l(llshl.o)
    0x080046c2   0x00000020   Code   RO          733    .text               mc_w.l(llushr.o)
    0x080046e2   0x00000024   Code   RO          735    .text               mc_w.l(llsshr.o)
    0x08004706   0x00000002   PAD
    0x08004708   0x00000020   Code   RO          666    i.__0printf         mc_w.l(printfa.o)
    0x08004728   0x0000000e   Code   RO          739    i.__scatterload_copy  mc_w.l(handlers.o)
    0x08004736   0x00000002   Code   RO          740    i.__scatterload_null  mc_w.l(handlers.o)
    0x08004738   0x0000000e   Code   RO          741    i.__scatterload_zeroinit  mc_w.l(handlers.o)
    0x08004746   0x00000002   PAD
    0x08004748   0x00000158   Code   RO          673    i._fp_digits        mc_w.l(printfa.o)
    0x080048a0   0x00000704   Code   RO          674    i._printf_core      mc_w.l(printfa.o)
    0x08004fa4   0x00000026   Code   RO          675    i._printf_post_padding  mc_w.l(printfa.o)
    0x08004fca   0x00000030   Code   RO          676    i._printf_pre_padding  mc_w.l(printfa.o)
    0x08004ffa   0x00001ab9   Data   RO          171    .constdata          tgui.o
    0x08006ab3   0x00000001   PAD
    0x08006ab4   0x00000020   Data   RO          737    Region$$Table       anon$$obj.o


    Execution Region RW_IRAM1 (Base: 0x20000000, Size: 0x000004b8, Max: 0x00005000, ABSOLUTE)

    Base Addr    Size         Type   Attr      Idx    E Section Name        Object

    0x20000000   0x00000048   Data   RW          125    .data               task.o
    0x20000048   0x00000005   Data   RW          189    .data               tguidemo.o
    0x2000004d   0x00000005   Data   RW          239    .data               tuart.o
    0x20000052   0x00000002   PAD
    0x20000054   0x00000012   Data   RW          264    .data               tadc.o
    0x20000066   0x00000014   Data   RW          278    .data               stm32f10x_rcc.o
    0x2000007a   0x00000002   PAD
    0x2000007c   0x00000014   Data   RW          413    .data               system_stm32f10x.o
    0x20000090   0x00000004   Data   RW          711    .data               mc_w.l(stdout.o)
    0x20000094   0x0000001e   Zero   RW          238    .bss                tuart.o
    0x200000b2   0x00000006   PAD
    0x200000b8   0x00000400   Zero   RW            1    STACK               startup_stm32f10x_md.o


==============================================================================

Image component sizes


      Code (inc. data)   RO Data    RW Data    ZI Data      Debug   Object Name

        20          6          0          0          0     278579   main.o
       220         20          0          0          0       1625   misc.o
        36          8        236          0       1024        776   startup_stm32f10x_md.o
      1084         26          0          0          0      10845   stm32f10x_adc.o
       592          8          0          0          0       4190   stm32f10x_dma.o
       284         10          0          0          0       2083   stm32f10x_exti.o
       856         40          0          0          0       5561   stm32f10x_gpio.o
        92          8          0          0          0       1479   stm32f10x_it.o
       928         44          0         20          0       8656   stm32f10x_rcc.o
       784         12          0          0          0       6462   stm32f10x_spi.o
      3502         86          0          0          0      22728   stm32f10x_tim.o
      1036         20          0          0          0       8304   stm32f10x_usart.o
       456         36          0         20          0       1611   system_stm32f10x.o
       724         54          0         18          0       2083   tadc.o
       186          0          0         72          0       1593   task.o
      2342         22       6841          0          0       6141   tgui.o
       248         22          0          5          0        746   tguidemo.o
       120          6          0          0          0        617   tkey.o
      1238         10          0          0          0       4089   tlcd_drive.o
       200          4          0          0          0        722   tled.o
       196          8          0          0          0        816   tpwm.o
       176         16          0          0          0      15949   tsystick.o
       920         42          0          5         30       4966   tuart.o

    ----------------------------------------------------------------------
     16248        508       7110        144       1060     390621   Object Totals
         0          0         32          0          0          0   (incl. Generated)
         8          0          1          4          6          0   (incl. Padding)

    ----------------------------------------------------------------------

      Code (inc. data)   RO Data    RW Data    ZI Data      Debug   Library Member Name

         0          0          0          0          0          0   entry.o
         8          4          0          0          0          0   entry2.o
         4          0          0          0          0          0   entry5.o
         0          0          0          0          0          0   entry7b.o
         8          4          0          0          0          0   entry8.o
        30          0          0          0          0          0   handlers.o
        36          8          0          0          0         68   init.o
         0          0          0          0          0          0   iusefp.o
        30          0          0          0          0         68   llshl.o
        36          0          0          0          0         68   llsshr.o
        32          0          0          0          0         68   llushr.o
      2258         88          0          0          0        444   printfa.o
         0          0          0          4          0          0   stdout.o
        44          0          0          0          0         80   uidiv.o
        98          0          0          0          0         92   uldiv.o
        40          2          0          0          0         68   cdrcmple.o
        56          0          0          0          0         88   d2f.o
       332          0          0          0          0        148   dadd.o
       222          0          0          0          0        100   ddiv.o
       190          0          0          0          0        176   depilogue.o
        48          0          0          0          0         68   dfixul.o
       224          0          0          0          0         96   dmul.o
        44          0          0          0          0         68   f2d.o
       128          0          0          0          0         88   fdiv.o
       108          0          0          0          0        168   fepilogue.o
        10          0          0          0          0         68   ffltui.o

    ----------------------------------------------------------------------
      3990        106          0          4          0       2024   Library Totals
         4          0          0          0          0          0   (incl. Padding)

    ----------------------------------------------------------------------

      Code (inc. data)   RO Data    RW Data    ZI Data      Debug   Library Name

      2584        104          0          4          0        888   mc_w.l
      1402          2          0          0          0       1136   mf_w.l

    ----------------------------------------------------------------------
      3990        106          0          4          0       2024   Library Totals

    ----------------------------------------------------------------------

==============================================================================


      Code (inc. data)   RO Data    RW Data    ZI Data      Debug   

     20238        614       7110        148       1060     389473   Grand Totals
     20238        614       7110        148       1060     389473   ELF Image Totals
     20238        614       7110        148          0          0   ROM Totals

==============================================================================

    Total RO  Size (Code + RO Data)                27348 (  26.71kB)
    Total RW  Size (RW Data + ZI Data)              1208 (   1.18kB)
    Total ROM Size (Code + RO Data + RW Data)      27496 (  26.85kB)

==============================================================================

