ARM Linker, 4.1 [Build 894] [Lite256]

==============================================================================

Section Cross References

    startup_stm32f10x_md.o(RESET) refers to startup_stm32f10x_md.o(STACK) for __initial_sp
    startup_stm32f10x_md.o(RESET) refers to startup_stm32f10x_md.o(.text) for Reset_Handler
    startup_stm32f10x_md.o(RESET) refers to stm32f10x_it.o(.text) for NMI_Handler
    startup_stm32f10x_md.o(.text) refers to system_stm32f10x.o(.text) for SystemInit
    startup_stm32f10x_md.o(.text) refers to entry.o(.ARM.Collect$$$$00000000) for __main
    main.o(.text) refers to task.o(.text) for TaskInit
    main.o(.text) refers to task.o(.data) for TaskComps
    stm32f10x_it.o(.text) refers to task.o(.text) for TPCRemarks
    stm32f10x_it.o(.text) refers to stm32f10x_exti.o(.text) for EXTI_GetITStatus
    stm32f10x_it.o(.text) refers to stm32f10x_gpio.o(.text) for GPIO_ReadOutputDataBit
    stm32f10x_it.o(.text) refers to task.o(.data) for TaskComps
    task.o(.text) refers to tled.o(.text) for LedGpioConfig
    task.o(.text) refers to tsystick.o(.text) for SystickInit
    task.o(.text) refers to tlcd_drive.o(.text) for Lcd_Init
    task.o(.text) refers to tguidemo.o(.text) for Draw_Menu
    task.o(.text) refers to tpwm.o(.text) for TIM3_PWM_init
    task.o(.data) refers to tled.o(.text) for LED1on
    task.o(.data) refers to tguidemo.o(.text) for TaskLineLevel
    tled.o(.text) refers to stm32f10x_rcc.o(.text) for RCC_APB2PeriphClockCmd
    tled.o(.text) refers to stm32f10x_gpio.o(.text) for GPIO_Init
    tsystick.o(.text) refers to system_stm32f10x.o(.data) for SystemCoreClock
    tgui.o(.text) refers to tlcd_drive.o(.text) for Gui_DrawPoint
    tgui.o(.text) refers to tgui.o(.constdata) for asc16
    tguidemo.o(.text) refers to tgui.o(.text) for Gui_Circle
    tguidemo.o(.text) refers to tlcd_drive.o(.text) for Lcd_Clear
    tguidemo.o(.text) refers to tguidemo.o(.data) for level
    tlcd_drive.o(.text) refers to stm32f10x_rcc.o(.text) for RCC_APB2PeriphClockCmd
    tlcd_drive.o(.text) refers to stm32f10x_gpio.o(.text) for GPIO_Init
    tlcd_drive.o(.text) refers to stm32f10x_spi.o(.text) for SPI_Init
    tpwm.o(.text) refers to stm32f10x_rcc.o(.text) for RCC_APB1PeriphClockCmd
    tpwm.o(.text) refers to stm32f10x_gpio.o(.text) for GPIO_Init
    tpwm.o(.text) refers to stm32f10x_tim.o(.text) for TIM_TimeBaseInit
    stm32f10x_rcc.o(.text) refers to stm32f10x_rcc.o(.data) for APBAHBPrescTable
    stm32f10x_gpio.o(.text) refers to stm32f10x_rcc.o(.text) for RCC_APB2PeriphResetCmd
    stm32f10x_adc.o(.text) refers to stm32f10x_rcc.o(.text) for RCC_APB2PeriphResetCmd
    stm32f10x_usart.o(.text) refers to stm32f10x_rcc.o(.text) for RCC_APB2PeriphResetCmd
    stm32f10x_i2c.o(.text) refers to stm32f10x_rcc.o(.text) for RCC_APB1PeriphResetCmd
    stm32f10x_spi.o(.text) refers to stm32f10x_rcc.o(.text) for RCC_APB2PeriphResetCmd
    stm32f10x_tim.o(.text) refers to stm32f10x_rcc.o(.text) for RCC_APB2PeriphResetCmd
    system_stm32f10x.o(.text) refers to system_stm32f10x.o(.data) for SystemCoreClock
    entry.o(.ARM.Collect$$$$00000000) refers (Special) to entry7b.o(.ARM.Collect$$$$00000008) for _main_clock
    entry.o(.ARM.Collect$$$$00000000) refers (Special) to entry8.o(.ARM.Collect$$$$00000009) for _main_init
    entry.o(.ARM.Collect$$$$00000000) refers (Special) to entry5.o(.ARM.Collect$$$$00000004) for _main_scatterload
    entry.o(.ARM.Collect$$$$00000000) refers (Special) to entry2.o(.ARM.Collect$$$$00000001) for _main_stk
    entry2.o(.ARM.Collect$$$$00000001) refers to entry2.o(.ARM.Collect$$$$00002712) for __lit__00000000
    entry2.o(.ARM.Collect$$$$00002712) refers to startup_stm32f10x_md.o(STACK) for __initial_sp
    entry2.o(__vectab_stack_and_reset_area) refers to startup_stm32f10x_md.o(STACK) for __initial_sp
    entry2.o(__vectab_stack_and_reset_area) refers to entry.o(.ARM.Collect$$$$00000000) for __main
    entry5.o(.ARM.Collect$$$$00000004) refers to init.o(.text) for __scatterload
    entry8.o(.ARM.Collect$$$$00000009) refers to main.o(.text) for main
    init.o(.text) refers to entry5.o(.ARM.Collect$$$$00000004) for __main_after_scatterload


==============================================================================

Removing Unused input sections from the image.

    Removing startup_stm32f10x_md.o(HEAP), (512 bytes).
    Removing misc.o(.text), (220 bytes).
    Removing stm32f10x_adc.o(.text), (1084 bytes).
    Removing stm32f10x_dma.o(.text), (592 bytes).
    Removing stm32f10x_usart.o(.text), (1036 bytes).
    Removing stm32f10x_i2c.o(.text), (1008 bytes).
    Removing core_cm3.o(.emb_text), (32 bytes).

7 unused section(s) (total 4484 bytes) removed from the image.

==============================================================================

Image Symbol Table

    Local Symbols

    Symbol Name                              Value     Ov Type        Size  Object(Section)

    ../../microlib/init/entry.s              0x00000000   Number         0  entry.o ABSOLUTE
    ../../microlib/init/entry.s              0x00000000   Number         0  entry8.o ABSOLUTE
    ../../microlib/init/entry.s              0x00000000   Number         0  entry5.o ABSOLUTE
    ../../microlib/init/entry.s              0x00000000   Number         0  entry2.o ABSOLUTE
    ../../microlib/init/entry.s              0x00000000   Number         0  entry7b.o ABSOLUTE
    ../../microlib/init/entry.s              0x00000000   Number         0  entry7a.o ABSOLUTE
    ..\CMSIS\core_cm3.c                      0x00000000   Number         0  core_cm3.o ABSOLUTE
    ..\CMSIS\startup\startup_stm32f10x_md.s  0x00000000   Number         0  startup_stm32f10x_md.o ABSOLUTE
    ..\CMSIS\system_stm32f10x.c              0x00000000   Number         0  system_stm32f10x.o ABSOLUTE
    ..\FWlib\src\misc.c                      0x00000000   Number         0  misc.o ABSOLUTE
    ..\FWlib\src\stm32f10x_adc.c             0x00000000   Number         0  stm32f10x_adc.o ABSOLUTE
    ..\FWlib\src\stm32f10x_dma.c             0x00000000   Number         0  stm32f10x_dma.o ABSOLUTE
    ..\FWlib\src\stm32f10x_exti.c            0x00000000   Number         0  stm32f10x_exti.o ABSOLUTE
    ..\FWlib\src\stm32f10x_gpio.c            0x00000000   Number         0  stm32f10x_gpio.o ABSOLUTE
    ..\FWlib\src\stm32f10x_i2c.c             0x00000000   Number         0  stm32f10x_i2c.o ABSOLUTE
    ..\FWlib\src\stm32f10x_rcc.c             0x00000000   Number         0  stm32f10x_rcc.o ABSOLUTE
    ..\FWlib\src\stm32f10x_spi.c             0x00000000   Number         0  stm32f10x_spi.o ABSOLUTE
    ..\FWlib\src\stm32f10x_tim.c             0x00000000   Number         0  stm32f10x_tim.o ABSOLUTE
    ..\FWlib\src\stm32f10x_usart.c           0x00000000   Number         0  stm32f10x_usart.o ABSOLUTE
    ..\\CMSIS\\core_cm3.c                    0x00000000   Number         0  core_cm3.o ABSOLUTE
    Tgui.c                                   0x00000000   Number         0  tgui.o ABSOLUTE
    TguiDemo.c                               0x00000000   Number         0  tguidemo.o ABSOLUTE
    Tlcd_drive.c                             0x00000000   Number         0  tlcd_drive.o ABSOLUTE
    Tled.c                                   0x00000000   Number         0  tled.o ABSOLUTE
    Tpwm.c                                   0x00000000   Number         0  tpwm.o ABSOLUTE
    Tsystick.c                               0x00000000   Number         0  tsystick.o ABSOLUTE
    dc.s                                     0x00000000   Number         0  dc.o ABSOLUTE
    handlers.s                               0x00000000   Number         0  handlers.o ABSOLUTE
    init.s                                   0x00000000   Number         0  init.o ABSOLUTE
    main.c                                   0x00000000   Number         0  main.o ABSOLUTE
    stm32f10x_it.c                           0x00000000   Number         0  stm32f10x_it.o ABSOLUTE
    task.c                                   0x00000000   Number         0  task.o ABSOLUTE
    RESET                                    0x08000000   Section      236  startup_stm32f10x_md.o(RESET)
    .ARM.Collect$$$$00000000                 0x080000ec   Section        0  entry.o(.ARM.Collect$$$$00000000)
    .ARM.Collect$$$$00000001                 0x080000ec   Section        4  entry2.o(.ARM.Collect$$$$00000001)
    .ARM.Collect$$$$00000004                 0x080000f0   Section        4  entry5.o(.ARM.Collect$$$$00000004)
    .ARM.Collect$$$$00000008                 0x080000f4   Section        0  entry7b.o(.ARM.Collect$$$$00000008)
    .ARM.Collect$$$$00000009                 0x080000f4   Section        8  entry8.o(.ARM.Collect$$$$00000009)
    .ARM.Collect$$$$00002712                 0x080000fc   Section        4  entry2.o(.ARM.Collect$$$$00002712)
    __lit__00000000                          0x080000fc   Data           4  entry2.o(.ARM.Collect$$$$00002712)
    .text                                    0x08000100   Section       36  startup_stm32f10x_md.o(.text)
    .text                                    0x08000124   Section        0  main.o(.text)
    .text                                    0x08000138   Section        0  stm32f10x_it.o(.text)
    .text                                    0x08000190   Section        0  task.o(.text)
    .text                                    0x0800023c   Section        0  tled.o(.text)
    .text                                    0x080002f8   Section        0  tsystick.o(.text)
    .text                                    0x08000360   Section        0  tgui.o(.text)
    .text                                    0x08000c88   Section        0  tguidemo.o(.text)
    .text                                    0x08000d5c   Section        0  tlcd_drive.o(.text)
    DelayMs                                  0x08000f31   Thumb Code    30  tlcd_drive.o(.text)
    .text                                    0x08001234   Section        0  tpwm.o(.text)
    TIM3_GPIO_Config                         0x08001235   Thumb Code    60  tpwm.o(.text)
    TIM3_Mode_Config                         0x08001271   Thumb Code   188  tpwm.o(.text)
    .text                                    0x08001344   Section        0  stm32f10x_rcc.o(.text)
    .text                                    0x080016e4   Section        0  stm32f10x_gpio.o(.text)
    .text                                    0x08001a3c   Section        0  stm32f10x_exti.o(.text)
    .text                                    0x08001b58   Section        0  stm32f10x_spi.o(.text)
    .text                                    0x08001e68   Section        0  stm32f10x_tim.o(.text)
    TI4_Config                               0x080022f3   Thumb Code   118  stm32f10x_tim.o(.text)
    TI3_Config                               0x0800237b   Thumb Code   114  stm32f10x_tim.o(.text)
    TI2_Config                               0x08002403   Thumb Code   118  stm32f10x_tim.o(.text)
    TI1_Config                               0x0800248b   Thumb Code   106  stm32f10x_tim.o(.text)
    .text                                    0x08002c18   Section        0  system_stm32f10x.o(.text)
    SetSysClockTo72                          0x08002c19   Thumb Code   192  system_stm32f10x.o(.text)
    SetSysClock                              0x08002cd9   Thumb Code     8  system_stm32f10x.o(.text)
    .text                                    0x08002de0   Section       36  init.o(.text)
    i.__scatterload_copy                     0x08002e04   Section       14  handlers.o(i.__scatterload_copy)
    i.__scatterload_null                     0x08002e12   Section        2  handlers.o(i.__scatterload_null)
    i.__scatterload_zeroinit                 0x08002e14   Section       14  handlers.o(i.__scatterload_zeroinit)
    .constdata                               0x08002e22   Section     6841  tgui.o(.constdata)
    .data                                    0x20000000   Section       48  task.o(.data)
    .data                                    0x20000030   Section        5  tguidemo.o(.data)
    vertical                                 0x20000030   Data           2  tguidemo.o(.data)
    level                                    0x20000032   Data           2  tguidemo.o(.data)
    i                                        0x20000034   Data           1  tguidemo.o(.data)
    .data                                    0x20000035   Section       20  stm32f10x_rcc.o(.data)
    APBAHBPrescTable                         0x20000035   Data          16  stm32f10x_rcc.o(.data)
    ADCPrescTable                            0x20000045   Data           4  stm32f10x_rcc.o(.data)
    .data                                    0x2000004c   Section       20  system_stm32f10x.o(.data)
    STACK                                    0x20000060   Section     1024  startup_stm32f10x_md.o(STACK)

    Global Symbols

    Symbol Name                              Value     Ov Type        Size  Object(Section)

    BuildAttributes$$THM_ISAv4$P$D$K$B$S$PE$A:L22UL41UL21$X:L11$S22US41US21$IEEE1$IW$USESV6$~STKCKD$USESV7$~SHL$OSPACE$EBA8$MICROLIB$REQ8$PRES8$EABIv2 0x00000000   Number         0  anon$$obj.o ABSOLUTE
    __ARM_use_no_argv                        0x00000000   Number         0  main.o ABSOLUTE
    __decompress                              - Undefined Weak Reference
    _clock_init                               - Undefined Weak Reference
    __Vectors_Size                           0x000000ec   Number         0  startup_stm32f10x_md.o ABSOLUTE
    __Vectors                                0x08000000   Data           4  startup_stm32f10x_md.o(RESET)
    __Vectors_End                            0x080000ec   Data           0  startup_stm32f10x_md.o(RESET)
    __main                                   0x080000ed   Thumb Code     0  entry.o(.ARM.Collect$$$$00000000)
    _main_stk                                0x080000ed   Thumb Code     0  entry2.o(.ARM.Collect$$$$00000001)
    _main_scatterload                        0x080000f1   Thumb Code     0  entry5.o(.ARM.Collect$$$$00000004)
    __main_after_scatterload                 0x080000f5   Thumb Code     0  entry5.o(.ARM.Collect$$$$00000004)
    _main_clock                              0x080000f5   Thumb Code     0  entry7b.o(.ARM.Collect$$$$00000008)
    _main_init                               0x080000f5   Thumb Code     0  entry8.o(.ARM.Collect$$$$00000009)
    Reset_Handler                            0x08000101   Thumb Code     8  startup_stm32f10x_md.o(.text)
    ADC1_2_IRQHandler                        0x0800011b   Thumb Code     0  startup_stm32f10x_md.o(.text)
    CAN1_RX1_IRQHandler                      0x0800011b   Thumb Code     0  startup_stm32f10x_md.o(.text)
    CAN1_SCE_IRQHandler                      0x0800011b   Thumb Code     0  startup_stm32f10x_md.o(.text)
    DMA1_Channel1_IRQHandler                 0x0800011b   Thumb Code     0  startup_stm32f10x_md.o(.text)
    DMA1_Channel2_IRQHandler                 0x0800011b   Thumb Code     0  startup_stm32f10x_md.o(.text)
    DMA1_Channel3_IRQHandler                 0x0800011b   Thumb Code     0  startup_stm32f10x_md.o(.text)
    DMA1_Channel4_IRQHandler                 0x0800011b   Thumb Code     0  startup_stm32f10x_md.o(.text)
    DMA1_Channel5_IRQHandler                 0x0800011b   Thumb Code     0  startup_stm32f10x_md.o(.text)
    DMA1_Channel6_IRQHandler                 0x0800011b   Thumb Code     0  startup_stm32f10x_md.o(.text)
    DMA1_Channel7_IRQHandler                 0x0800011b   Thumb Code     0  startup_stm32f10x_md.o(.text)
    EXTI0_IRQHandler                         0x0800011b   Thumb Code     0  startup_stm32f10x_md.o(.text)
    EXTI15_10_IRQHandler                     0x0800011b   Thumb Code     0  startup_stm32f10x_md.o(.text)
    EXTI1_IRQHandler                         0x0800011b   Thumb Code     0  startup_stm32f10x_md.o(.text)
    EXTI2_IRQHandler                         0x0800011b   Thumb Code     0  startup_stm32f10x_md.o(.text)
    EXTI3_IRQHandler                         0x0800011b   Thumb Code     0  startup_stm32f10x_md.o(.text)
    EXTI4_IRQHandler                         0x0800011b   Thumb Code     0  startup_stm32f10x_md.o(.text)
    FLASH_IRQHandler                         0x0800011b   Thumb Code     0  startup_stm32f10x_md.o(.text)
    I2C1_ER_IRQHandler                       0x0800011b   Thumb Code     0  startup_stm32f10x_md.o(.text)
    I2C1_EV_IRQHandler                       0x0800011b   Thumb Code     0  startup_stm32f10x_md.o(.text)
    I2C2_ER_IRQHandler                       0x0800011b   Thumb Code     0  startup_stm32f10x_md.o(.text)
    I2C2_EV_IRQHandler                       0x0800011b   Thumb Code     0  startup_stm32f10x_md.o(.text)
    PVD_IRQHandler                           0x0800011b   Thumb Code     0  startup_stm32f10x_md.o(.text)
    RCC_IRQHandler                           0x0800011b   Thumb Code     0  startup_stm32f10x_md.o(.text)
    RTCAlarm_IRQHandler                      0x0800011b   Thumb Code     0  startup_stm32f10x_md.o(.text)
    RTC_IRQHandler                           0x0800011b   Thumb Code     0  startup_stm32f10x_md.o(.text)
    SPI1_IRQHandler                          0x0800011b   Thumb Code     0  startup_stm32f10x_md.o(.text)
    SPI2_IRQHandler                          0x0800011b   Thumb Code     0  startup_stm32f10x_md.o(.text)
    TAMPER_IRQHandler                        0x0800011b   Thumb Code     0  startup_stm32f10x_md.o(.text)
    TIM1_BRK_IRQHandler                      0x0800011b   Thumb Code     0  startup_stm32f10x_md.o(.text)
    TIM1_CC_IRQHandler                       0x0800011b   Thumb Code     0  startup_stm32f10x_md.o(.text)
    TIM1_TRG_COM_IRQHandler                  0x0800011b   Thumb Code     0  startup_stm32f10x_md.o(.text)
    TIM1_UP_IRQHandler                       0x0800011b   Thumb Code     0  startup_stm32f10x_md.o(.text)
    TIM2_IRQHandler                          0x0800011b   Thumb Code     0  startup_stm32f10x_md.o(.text)
    TIM3_IRQHandler                          0x0800011b   Thumb Code     0  startup_stm32f10x_md.o(.text)
    TIM4_IRQHandler                          0x0800011b   Thumb Code     0  startup_stm32f10x_md.o(.text)
    USART2_IRQHandler                        0x0800011b   Thumb Code     0  startup_stm32f10x_md.o(.text)
    USART3_IRQHandler                        0x0800011b   Thumb Code     0  startup_stm32f10x_md.o(.text)
    USBWakeUp_IRQHandler                     0x0800011b   Thumb Code     0  startup_stm32f10x_md.o(.text)
    USB_HP_CAN1_TX_IRQHandler                0x0800011b   Thumb Code     0  startup_stm32f10x_md.o(.text)
    USB_LP_CAN1_RX0_IRQHandler               0x0800011b   Thumb Code     0  startup_stm32f10x_md.o(.text)
    WWDG_IRQHandler                          0x0800011b   Thumb Code     0  startup_stm32f10x_md.o(.text)
    main                                     0x08000125   Thumb Code    14  main.o(.text)
    NMI_Handler                              0x08000139   Thumb Code     2  stm32f10x_it.o(.text)
    HardFault_Handler                        0x0800013b   Thumb Code     4  stm32f10x_it.o(.text)
    MemManage_Handler                        0x0800013f   Thumb Code     4  stm32f10x_it.o(.text)
    BusFault_Handler                         0x08000143   Thumb Code     4  stm32f10x_it.o(.text)
    UsageFault_Handler                       0x08000147   Thumb Code     4  stm32f10x_it.o(.text)
    SVC_Handler                              0x0800014b   Thumb Code     2  stm32f10x_it.o(.text)
    DebugMon_Handler                         0x0800014d   Thumb Code     2  stm32f10x_it.o(.text)
    PendSV_Handler                           0x0800014f   Thumb Code     2  stm32f10x_it.o(.text)
    SysTick_Handler                          0x08000151   Thumb Code    10  stm32f10x_it.o(.text)
    EXTI9_5_IRQHandler                       0x0800015b   Thumb Code    42  stm32f10x_it.o(.text)
    USART1_IRQHandler                        0x08000185   Thumb Code     2  stm32f10x_it.o(.text)
    TaskInit                                 0x08000191   Thumb Code    24  task.o(.text)
    TPCRemarks                               0x080001a9   Thumb Code    94  task.o(.text)
    TPCProcess                               0x08000207   Thumb Code    52  task.o(.text)
    LedGpioConfig                            0x0800023d   Thumb Code    50  tled.o(.text)
    LEDdisplay                               0x0800026f   Thumb Code   106  tled.o(.text)
    LED1on                                   0x080002d9   Thumb Code    28  tled.o(.text)
    SystickInit                              0x080002f9   Thumb Code    92  tsystick.o(.text)
    Gui_Circle                               0x08000361   Thumb Code   300  tgui.o(.text)
    Gui_DrawLine                             0x0800048d   Thumb Code   186  tgui.o(.text)
    Gui_box                                  0x08000547   Thumb Code   148  tgui.o(.text)
    Gui_box2                                 0x080005db   Thumb Code   326  tgui.o(.text)
    DisplayButtonDown                        0x08000721   Thumb Code   130  tgui.o(.text)
    DisplayButtonUp                          0x080007a3   Thumb Code   128  tgui.o(.text)
    Gui_DrawFont_GBK16                       0x08000823   Thumb Code   394  tgui.o(.text)
    Gui_DrawFont_GBK24                       0x080009ad   Thumb Code   486  tgui.o(.text)
    Gui_DrawFont_Num32                       0x08000b93   Thumb Code   124  tgui.o(.text)
    Gui_DrawFont_Num16                       0x08000c0f   Thumb Code   120  tgui.o(.text)
    Draw_Menu                                0x08000c89   Thumb Code    38  tguidemo.o(.text)
    TaskLineLevel                            0x08000caf   Thumb Code   104  tguidemo.o(.text)
    TaskDrawNum                              0x08000d17   Thumb Code    48  tguidemo.o(.text)
    LCD_GPIO_Init                            0x08000d5d   Thumb Code    40  tlcd_drive.o(.text)
    SPIv_WriteData                           0x08000d85   Thumb Code    60  tlcd_drive.o(.text)
    SPI_WriteByte                            0x08000dc1   Thumb Code    30  tlcd_drive.o(.text)
    SPI_SetSpeed                             0x08000ddf   Thumb Code    38  tlcd_drive.o(.text)
    SPI2_Init                                0x08000e05   Thumb Code   178  tlcd_drive.o(.text)
    Lcd_WriteIndex                           0x08000eb7   Thumb Code    38  tlcd_drive.o(.text)
    Lcd_WriteData                            0x08000edd   Thumb Code    40  tlcd_drive.o(.text)
    Lcd_WriteReg                             0x08000f05   Thumb Code    26  tlcd_drive.o(.text)
    Lcd_WriteData_16Bit                      0x08000f1f   Thumb Code    18  tlcd_drive.o(.text)
    Lcd_Reset                                0x08000f4f   Thumb Code    40  tlcd_drive.o(.text)
    Lcd_Init                                 0x08000f77   Thumb Code   540  tlcd_drive.o(.text)
    Lcd_SetXY                                0x08001193   Thumb Code    30  tlcd_drive.o(.text)
    Lcd_setRegion                            0x080011b1   Thumb Code    54  tlcd_drive.o(.text)
    Gui_DrawPoint                            0x080011e7   Thumb Code    24  tlcd_drive.o(.text)
    Lcd_Clear                                0x080011ff   Thumb Code    52  tlcd_drive.o(.text)
    TIM3_PWM_init                            0x0800132d   Thumb Code    12  tpwm.o(.text)
    RCC_DeInit                               0x08001345   Thumb Code    64  stm32f10x_rcc.o(.text)
    RCC_HSEConfig                            0x08001385   Thumb Code    70  stm32f10x_rcc.o(.text)
    RCC_GetFlagStatus                        0x080013cb   Thumb Code    56  stm32f10x_rcc.o(.text)
    RCC_WaitForHSEStartUp                    0x08001403   Thumb Code    48  stm32f10x_rcc.o(.text)
    RCC_AdjustHSICalibrationValue            0x08001433   Thumb Code    20  stm32f10x_rcc.o(.text)
    RCC_HSICmd                               0x08001447   Thumb Code     6  stm32f10x_rcc.o(.text)
    RCC_PLLConfig                            0x0800144d   Thumb Code    24  stm32f10x_rcc.o(.text)
    RCC_PLLCmd                               0x08001465   Thumb Code     6  stm32f10x_rcc.o(.text)
    RCC_SYSCLKConfig                         0x0800146b   Thumb Code    18  stm32f10x_rcc.o(.text)
    RCC_GetSYSCLKSource                      0x0800147d   Thumb Code    10  stm32f10x_rcc.o(.text)
    RCC_HCLKConfig                           0x08001487   Thumb Code    18  stm32f10x_rcc.o(.text)
    RCC_PCLK1Config                          0x08001499   Thumb Code    18  stm32f10x_rcc.o(.text)
    RCC_PCLK2Config                          0x080014ab   Thumb Code    20  stm32f10x_rcc.o(.text)
    RCC_ITConfig                             0x080014bf   Thumb Code    30  stm32f10x_rcc.o(.text)
    RCC_USBCLKConfig                         0x080014dd   Thumb Code     6  stm32f10x_rcc.o(.text)
    RCC_ADCCLKConfig                         0x080014e3   Thumb Code    18  stm32f10x_rcc.o(.text)
    RCC_LSEConfig                            0x080014f5   Thumb Code    44  stm32f10x_rcc.o(.text)
    RCC_LSICmd                               0x08001521   Thumb Code     6  stm32f10x_rcc.o(.text)
    RCC_RTCCLKConfig                         0x08001527   Thumb Code    12  stm32f10x_rcc.o(.text)
    RCC_RTCCLKCmd                            0x08001533   Thumb Code     8  stm32f10x_rcc.o(.text)
    RCC_GetClocksFreq                        0x0800153b   Thumb Code   192  stm32f10x_rcc.o(.text)
    RCC_AHBPeriphClockCmd                    0x080015fb   Thumb Code    26  stm32f10x_rcc.o(.text)
    RCC_APB2PeriphClockCmd                   0x08001615   Thumb Code    26  stm32f10x_rcc.o(.text)
    RCC_APB1PeriphClockCmd                   0x0800162f   Thumb Code    26  stm32f10x_rcc.o(.text)
    RCC_APB2PeriphResetCmd                   0x08001649   Thumb Code    26  stm32f10x_rcc.o(.text)
    RCC_APB1PeriphResetCmd                   0x08001663   Thumb Code    26  stm32f10x_rcc.o(.text)
    RCC_BackupResetCmd                       0x0800167d   Thumb Code     8  stm32f10x_rcc.o(.text)
    RCC_ClockSecuritySystemCmd               0x08001685   Thumb Code     6  stm32f10x_rcc.o(.text)
    RCC_MCOConfig                            0x0800168b   Thumb Code     6  stm32f10x_rcc.o(.text)
    RCC_ClearFlag                            0x08001691   Thumb Code    14  stm32f10x_rcc.o(.text)
    RCC_GetITStatus                          0x0800169f   Thumb Code    20  stm32f10x_rcc.o(.text)
    RCC_ClearITPendingBit                    0x080016b3   Thumb Code     6  stm32f10x_rcc.o(.text)
    GPIO_DeInit                              0x080016e5   Thumb Code   172  stm32f10x_gpio.o(.text)
    GPIO_AFIODeInit                          0x08001791   Thumb Code    20  stm32f10x_gpio.o(.text)
    GPIO_Init                                0x080017a5   Thumb Code   274  stm32f10x_gpio.o(.text)
    GPIO_StructInit                          0x080018b7   Thumb Code    16  stm32f10x_gpio.o(.text)
    GPIO_ReadInputDataBit                    0x080018c7   Thumb Code    18  stm32f10x_gpio.o(.text)
    GPIO_ReadInputData                       0x080018d9   Thumb Code     8  stm32f10x_gpio.o(.text)
    GPIO_ReadOutputDataBit                   0x080018e1   Thumb Code    18  stm32f10x_gpio.o(.text)
    GPIO_ReadOutputData                      0x080018f3   Thumb Code     8  stm32f10x_gpio.o(.text)
    GPIO_SetBits                             0x080018fb   Thumb Code     4  stm32f10x_gpio.o(.text)
    GPIO_ResetBits                           0x080018ff   Thumb Code     4  stm32f10x_gpio.o(.text)
    GPIO_WriteBit                            0x08001903   Thumb Code    10  stm32f10x_gpio.o(.text)
    GPIO_Write                               0x0800190d   Thumb Code     4  stm32f10x_gpio.o(.text)
    GPIO_PinLockConfig                       0x08001911   Thumb Code    18  stm32f10x_gpio.o(.text)
    GPIO_EventOutputConfig                   0x08001923   Thumb Code    26  stm32f10x_gpio.o(.text)
    GPIO_EventOutputCmd                      0x0800193d   Thumb Code     6  stm32f10x_gpio.o(.text)
    GPIO_PinRemapConfig                      0x08001943   Thumb Code   138  stm32f10x_gpio.o(.text)
    GPIO_EXTILineConfig                      0x080019cd   Thumb Code    66  stm32f10x_gpio.o(.text)
    GPIO_ETH_MediaInterfaceConfig            0x08001a0f   Thumb Code     6  stm32f10x_gpio.o(.text)
    EXTI_DeInit                              0x08001a3d   Thumb Code    28  stm32f10x_exti.o(.text)
    EXTI_Init                                0x08001a59   Thumb Code   142  stm32f10x_exti.o(.text)
    EXTI_StructInit                          0x08001ae7   Thumb Code    16  stm32f10x_exti.o(.text)
    EXTI_GenerateSWInterrupt                 0x08001af7   Thumb Code    16  stm32f10x_exti.o(.text)
    EXTI_GetFlagStatus                       0x08001b07   Thumb Code    22  stm32f10x_exti.o(.text)
    EXTI_ClearFlag                           0x08001b1d   Thumb Code     8  stm32f10x_exti.o(.text)
    EXTI_GetITStatus                         0x08001b25   Thumb Code    34  stm32f10x_exti.o(.text)
    EXTI_ClearITPendingBit                   0x08001b47   Thumb Code     8  stm32f10x_exti.o(.text)
    SPI_I2S_DeInit                           0x08001b59   Thumb Code    76  stm32f10x_spi.o(.text)
    SPI_Init                                 0x08001ba5   Thumb Code    60  stm32f10x_spi.o(.text)
    I2S_Init                                 0x08001be1   Thumb Code   222  stm32f10x_spi.o(.text)
    SPI_StructInit                           0x08001cbf   Thumb Code    24  stm32f10x_spi.o(.text)
    I2S_StructInit                           0x08001cd7   Thumb Code    20  stm32f10x_spi.o(.text)
    SPI_Cmd                                  0x08001ceb   Thumb Code    24  stm32f10x_spi.o(.text)
    I2S_Cmd                                  0x08001d03   Thumb Code    24  stm32f10x_spi.o(.text)
    SPI_I2S_ITConfig                         0x08001d1b   Thumb Code    36  stm32f10x_spi.o(.text)
    SPI_I2S_DMACmd                           0x08001d3f   Thumb Code    24  stm32f10x_spi.o(.text)
    SPI_I2S_SendData                         0x08001d57   Thumb Code     4  stm32f10x_spi.o(.text)
    SPI_I2S_ReceiveData                      0x08001d5b   Thumb Code     6  stm32f10x_spi.o(.text)
    SPI_NSSInternalSoftwareConfig            0x08001d61   Thumb Code    30  stm32f10x_spi.o(.text)
    SPI_SSOutputCmd                          0x08001d7f   Thumb Code    24  stm32f10x_spi.o(.text)
    SPI_DataSizeConfig                       0x08001d97   Thumb Code    18  stm32f10x_spi.o(.text)
    SPI_TransmitCRC                          0x08001da9   Thumb Code    10  stm32f10x_spi.o(.text)
    SPI_CalculateCRC                         0x08001db3   Thumb Code    24  stm32f10x_spi.o(.text)
    SPI_GetCRC                               0x08001dcb   Thumb Code    16  stm32f10x_spi.o(.text)
    SPI_GetCRCPolynomial                     0x08001ddb   Thumb Code     6  stm32f10x_spi.o(.text)
    SPI_BiDirectionalLineConfig              0x08001de1   Thumb Code    28  stm32f10x_spi.o(.text)
    SPI_I2S_GetFlagStatus                    0x08001dfd   Thumb Code    18  stm32f10x_spi.o(.text)
    SPI_I2S_ClearFlag                        0x08001e0f   Thumb Code     6  stm32f10x_spi.o(.text)
    SPI_I2S_GetITStatus                      0x08001e15   Thumb Code    52  stm32f10x_spi.o(.text)
    SPI_I2S_ClearITPendingBit                0x08001e49   Thumb Code    20  stm32f10x_spi.o(.text)
    TIM_DeInit                               0x08001e69   Thumb Code   424  stm32f10x_tim.o(.text)
    TIM_TimeBaseInit                         0x08002011   Thumb Code   122  stm32f10x_tim.o(.text)
    TIM_OC1Init                              0x0800208b   Thumb Code   132  stm32f10x_tim.o(.text)
    TIM_OC2Init                              0x0800210f   Thumb Code   146  stm32f10x_tim.o(.text)
    TIM_OC3Init                              0x080021a1   Thumb Code   142  stm32f10x_tim.o(.text)
    TIM_OC4Init                              0x0800222f   Thumb Code   174  stm32f10x_tim.o(.text)
    TIM_SetIC4Prescaler                      0x080022dd   Thumb Code    22  stm32f10x_tim.o(.text)
    TIM_SetIC3Prescaler                      0x08002369   Thumb Code    18  stm32f10x_tim.o(.text)
    TIM_SetIC2Prescaler                      0x080023ed   Thumb Code    22  stm32f10x_tim.o(.text)
    TIM_SetIC1Prescaler                      0x08002479   Thumb Code    18  stm32f10x_tim.o(.text)
    TIM_ICInit                               0x080024f5   Thumb Code   150  stm32f10x_tim.o(.text)
    TIM_PWMIConfig                           0x0800258b   Thumb Code   124  stm32f10x_tim.o(.text)
    TIM_BDTRConfig                           0x08002607   Thumb Code    32  stm32f10x_tim.o(.text)
    TIM_TimeBaseStructInit                   0x08002627   Thumb Code    18  stm32f10x_tim.o(.text)
    TIM_OCStructInit                         0x08002639   Thumb Code    20  stm32f10x_tim.o(.text)
    TIM_ICStructInit                         0x0800264d   Thumb Code    18  stm32f10x_tim.o(.text)
    TIM_BDTRStructInit                       0x0800265f   Thumb Code    18  stm32f10x_tim.o(.text)
    TIM_Cmd                                  0x08002671   Thumb Code    24  stm32f10x_tim.o(.text)
    TIM_CtrlPWMOutputs                       0x08002689   Thumb Code    50  stm32f10x_tim.o(.text)
    TIM_ITConfig                             0x080026bb   Thumb Code    24  stm32f10x_tim.o(.text)
    TIM_GenerateEvent                        0x080026d3   Thumb Code     4  stm32f10x_tim.o(.text)
    TIM_DMAConfig                            0x080026d7   Thumb Code    10  stm32f10x_tim.o(.text)
    TIM_DMACmd                               0x080026e1   Thumb Code    24  stm32f10x_tim.o(.text)
    TIM_InternalClockConfig                  0x080026f9   Thumb Code    12  stm32f10x_tim.o(.text)
    TIM_SelectInputTrigger                   0x08002705   Thumb Code    18  stm32f10x_tim.o(.text)
    TIM_ITRxExternalClockConfig              0x08002717   Thumb Code    24  stm32f10x_tim.o(.text)
    TIM_TIxExternalClockConfig               0x0800272f   Thumb Code    62  stm32f10x_tim.o(.text)
    TIM_ETRConfig                            0x0800276d   Thumb Code    24  stm32f10x_tim.o(.text)
    TIM_ETRClockMode1Config                  0x08002785   Thumb Code    54  stm32f10x_tim.o(.text)
    TIM_ETRClockMode2Config                  0x080027bb   Thumb Code    32  stm32f10x_tim.o(.text)
    TIM_PrescalerConfig                      0x080027db   Thumb Code     6  stm32f10x_tim.o(.text)
    TIM_CounterModeConfig                    0x080027e1   Thumb Code    18  stm32f10x_tim.o(.text)
    TIM_EncoderInterfaceConfig               0x080027f3   Thumb Code    62  stm32f10x_tim.o(.text)
    TIM_ForcedOC1Config                      0x08002831   Thumb Code    18  stm32f10x_tim.o(.text)
    TIM_ForcedOC2Config                      0x08002843   Thumb Code    22  stm32f10x_tim.o(.text)
    TIM_ForcedOC3Config                      0x08002859   Thumb Code    18  stm32f10x_tim.o(.text)
    TIM_ForcedOC4Config                      0x0800286b   Thumb Code    22  stm32f10x_tim.o(.text)
    TIM_ARRPreloadConfig                     0x08002881   Thumb Code    24  stm32f10x_tim.o(.text)
    TIM_SelectCOM                            0x08002899   Thumb Code    24  stm32f10x_tim.o(.text)
    TIM_SelectCCDMA                          0x080028b1   Thumb Code    24  stm32f10x_tim.o(.text)
    TIM_CCPreloadControl                     0x080028c9   Thumb Code    24  stm32f10x_tim.o(.text)
    TIM_OC1PreloadConfig                     0x080028e1   Thumb Code    18  stm32f10x_tim.o(.text)
    TIM_OC2PreloadConfig                     0x080028f3   Thumb Code    22  stm32f10x_tim.o(.text)
    TIM_OC3PreloadConfig                     0x08002909   Thumb Code    18  stm32f10x_tim.o(.text)
    TIM_OC4PreloadConfig                     0x0800291b   Thumb Code    22  stm32f10x_tim.o(.text)
    TIM_OC1FastConfig                        0x08002931   Thumb Code    18  stm32f10x_tim.o(.text)
    TIM_OC2FastConfig                        0x08002943   Thumb Code    22  stm32f10x_tim.o(.text)
    TIM_OC3FastConfig                        0x08002959   Thumb Code    18  stm32f10x_tim.o(.text)
    TIM_OC4FastConfig                        0x0800296b   Thumb Code    22  stm32f10x_tim.o(.text)
    TIM_ClearOC1Ref                          0x08002981   Thumb Code    18  stm32f10x_tim.o(.text)
    TIM_ClearOC2Ref                          0x08002993   Thumb Code    20  stm32f10x_tim.o(.text)
    TIM_ClearOC3Ref                          0x080029a7   Thumb Code    18  stm32f10x_tim.o(.text)
    TIM_ClearOC4Ref                          0x080029b9   Thumb Code    20  stm32f10x_tim.o(.text)
    TIM_OC1PolarityConfig                    0x080029cd   Thumb Code    18  stm32f10x_tim.o(.text)
    TIM_OC1NPolarityConfig                   0x080029df   Thumb Code    18  stm32f10x_tim.o(.text)
    TIM_OC2PolarityConfig                    0x080029f1   Thumb Code    22  stm32f10x_tim.o(.text)
    TIM_OC2NPolarityConfig                   0x08002a07   Thumb Code    22  stm32f10x_tim.o(.text)
    TIM_OC3PolarityConfig                    0x08002a1d   Thumb Code    22  stm32f10x_tim.o(.text)
    TIM_OC3NPolarityConfig                   0x08002a33   Thumb Code    22  stm32f10x_tim.o(.text)
    TIM_OC4PolarityConfig                    0x08002a49   Thumb Code    22  stm32f10x_tim.o(.text)
    TIM_CCxCmd                               0x08002a5f   Thumb Code    34  stm32f10x_tim.o(.text)
    TIM_CCxNCmd                              0x08002a81   Thumb Code    34  stm32f10x_tim.o(.text)
    TIM_SelectOCxM                           0x08002aa3   Thumb Code    82  stm32f10x_tim.o(.text)
    TIM_UpdateDisableConfig                  0x08002af5   Thumb Code    24  stm32f10x_tim.o(.text)
    TIM_UpdateRequestConfig                  0x08002b0d   Thumb Code    24  stm32f10x_tim.o(.text)
    TIM_SelectHallSensor                     0x08002b25   Thumb Code    24  stm32f10x_tim.o(.text)
    TIM_SelectOnePulseMode                   0x08002b3d   Thumb Code    18  stm32f10x_tim.o(.text)
    TIM_SelectOutputTrigger                  0x08002b4f   Thumb Code    18  stm32f10x_tim.o(.text)
    TIM_SelectSlaveMode                      0x08002b61   Thumb Code    18  stm32f10x_tim.o(.text)
    TIM_SelectMasterSlaveMode                0x08002b73   Thumb Code    18  stm32f10x_tim.o(.text)
    TIM_SetCounter                           0x08002b85   Thumb Code     4  stm32f10x_tim.o(.text)
    TIM_SetAutoreload                        0x08002b89   Thumb Code     4  stm32f10x_tim.o(.text)
    TIM_SetCompare1                          0x08002b8d   Thumb Code     4  stm32f10x_tim.o(.text)
    TIM_SetCompare2                          0x08002b91   Thumb Code     4  stm32f10x_tim.o(.text)
    TIM_SetCompare3                          0x08002b95   Thumb Code     4  stm32f10x_tim.o(.text)
    TIM_SetCompare4                          0x08002b99   Thumb Code     6  stm32f10x_tim.o(.text)
    TIM_SetClockDivision                     0x08002b9f   Thumb Code    18  stm32f10x_tim.o(.text)
    TIM_GetCapture1                          0x08002bb1   Thumb Code     6  stm32f10x_tim.o(.text)
    TIM_GetCapture2                          0x08002bb7   Thumb Code     6  stm32f10x_tim.o(.text)
    TIM_GetCapture3                          0x08002bbd   Thumb Code     6  stm32f10x_tim.o(.text)
    TIM_GetCapture4                          0x08002bc3   Thumb Code     8  stm32f10x_tim.o(.text)
    TIM_GetCounter                           0x08002bcb   Thumb Code     6  stm32f10x_tim.o(.text)
    TIM_GetPrescaler                         0x08002bd1   Thumb Code     6  stm32f10x_tim.o(.text)
    TIM_GetFlagStatus                        0x08002bd7   Thumb Code    18  stm32f10x_tim.o(.text)
    TIM_ClearFlag                            0x08002be9   Thumb Code     6  stm32f10x_tim.o(.text)
    TIM_GetITStatus                          0x08002bef   Thumb Code    34  stm32f10x_tim.o(.text)
    TIM_ClearITPendingBit                    0x08002c11   Thumb Code     6  stm32f10x_tim.o(.text)
    SystemInit                               0x08002ce1   Thumb Code    78  system_stm32f10x.o(.text)
    SystemCoreClockUpdate                    0x08002d2f   Thumb Code   142  system_stm32f10x.o(.text)
    __scatterload                            0x08002de1   Thumb Code    28  init.o(.text)
    __scatterload_rt2                        0x08002de1   Thumb Code     0  init.o(.text)
    __scatterload_copy                       0x08002e05   Thumb Code    14  handlers.o(i.__scatterload_copy)
    __scatterload_null                       0x08002e13   Thumb Code     2  handlers.o(i.__scatterload_null)
    __scatterload_zeroinit                   0x08002e15   Thumb Code    14  handlers.o(i.__scatterload_zeroinit)
    asc16                                    0x08002e22   Data        1521  tgui.o(.constdata)
    sz16                                     0x08003413   Data         225  tgui.o(.constdata)
    sz32                                     0x080034f4   Data        1921  tgui.o(.constdata)
    hz16                                     0x08003c75   Data        1768  tgui.o(.constdata)
    hz24                                     0x0800435d   Data        1406  tgui.o(.constdata)
    Region$$Table$$Base                      0x080048dc   Number         0  anon$$obj.o(Region$$Table)
    Region$$Table$$Limit                     0x080048fc   Number         0  anon$$obj.o(Region$$Table)
    TaskComps                                0x20000000   Data          48  task.o(.data)
    SystemCoreClock                          0x2000004c   Data           4  system_stm32f10x.o(.data)
    AHBPrescTable                            0x20000050   Data          16  system_stm32f10x.o(.data)
    __initial_sp                             0x20000460   Data           0  startup_stm32f10x_md.o(STACK)



==============================================================================

Memory Map of the image

  Image Entry point : 0x080000ed

  Load Region LR_IROM1 (Base: 0x08000000, Size: 0x0000495c, Max: 0x00020000, ABSOLUTE)

    Execution Region ER_IROM1 (Base: 0x08000000, Size: 0x000048fc, Max: 0x00020000, ABSOLUTE)

    Base Addr    Size         Type   Attr      Idx    E Section Name        Object

    0x08000000   0x000000ec   Data   RO            3    RESET               startup_stm32f10x_md.o
    0x080000ec   0x00000000   Code   RO          364  * .ARM.Collect$$$$00000000  mc_w.l(entry.o)
    0x080000ec   0x00000004   Code   RO          367    .ARM.Collect$$$$00000001  mc_w.l(entry2.o)
    0x080000f0   0x00000004   Code   RO          370    .ARM.Collect$$$$00000004  mc_w.l(entry5.o)
    0x080000f4   0x00000000   Code   RO          372    .ARM.Collect$$$$00000008  mc_w.l(entry7b.o)
    0x080000f4   0x00000008   Code   RO          373    .ARM.Collect$$$$00000009  mc_w.l(entry8.o)
    0x080000fc   0x00000004   Code   RO          368    .ARM.Collect$$$$00002712  mc_w.l(entry2.o)
    0x08000100   0x00000024   Code   RO            4    .text               startup_stm32f10x_md.o
    0x08000124   0x00000014   Code   RO           10    .text               main.o
    0x08000138   0x00000058   Code   RO           98    .text               stm32f10x_it.o
    0x08000190   0x000000aa   Code   RO          110    .text               task.o
    0x0800023a   0x00000002   PAD
    0x0800023c   0x000000bc   Code   RO          128    .text               tled.o
    0x080002f8   0x00000068   Code   RO          140    .text               tsystick.o
    0x08000360   0x00000926   Code   RO          156    .text               tgui.o
    0x08000c86   0x00000002   PAD
    0x08000c88   0x000000d4   Code   RO          174    .text               tguidemo.o
    0x08000d5c   0x000004d6   Code   RO          187    .text               tlcd_drive.o
    0x08001232   0x00000002   PAD
    0x08001234   0x00000110   Code   RO          199    .text               tpwm.o
    0x08001344   0x000003a0   Code   RO          211    .text               stm32f10x_rcc.o
    0x080016e4   0x00000358   Code   RO          228    .text               stm32f10x_gpio.o
    0x08001a3c   0x0000011c   Code   RO          252    .text               stm32f10x_exti.o
    0x08001b58   0x00000310   Code   RO          312    .text               stm32f10x_spi.o
    0x08001e68   0x00000dae   Code   RO          324    .text               stm32f10x_tim.o
    0x08002c16   0x00000002   PAD
    0x08002c18   0x000001c8   Code   RO          346    .text               system_stm32f10x.o
    0x08002de0   0x00000024   Code   RO          374    .text               mc_w.l(init.o)
    0x08002e04   0x0000000e   Code   RO          378    i.__scatterload_copy  mc_w.l(handlers.o)
    0x08002e12   0x00000002   Code   RO          379    i.__scatterload_null  mc_w.l(handlers.o)
    0x08002e14   0x0000000e   Code   RO          380    i.__scatterload_zeroinit  mc_w.l(handlers.o)
    0x08002e22   0x00001ab9   Data   RO          157    .constdata          tgui.o
    0x080048db   0x00000001   PAD
    0x080048dc   0x00000020   Data   RO          376    Region$$Table       anon$$obj.o


    Execution Region RW_IRAM1 (Base: 0x20000000, Size: 0x00000460, Max: 0x00005000, ABSOLUTE)

    Base Addr    Size         Type   Attr      Idx    E Section Name        Object

    0x20000000   0x00000030   Data   RW          111    .data               task.o
    0x20000030   0x00000005   Data   RW          175    .data               tguidemo.o
    0x20000035   0x00000014   Data   RW          212    .data               stm32f10x_rcc.o
    0x20000049   0x00000003   PAD
    0x2000004c   0x00000014   Data   RW          347    .data               system_stm32f10x.o
    0x20000060   0x00000400   Zero   RW            1    STACK               startup_stm32f10x_md.o


==============================================================================

Image component sizes


      Code (inc. data)   RO Data    RW Data    ZI Data      Debug   Object Name

        20          6          0          0          0     252295   main.o
        36          8        236          0       1024        776   startup_stm32f10x_md.o
       284         10          0          0          0       2083   stm32f10x_exti.o
       856         40          0          0          0       5561   stm32f10x_gpio.o
        88         10          0          0          0       1451   stm32f10x_it.o
       928         44          0         20          0       8656   stm32f10x_rcc.o
       784         12          0          0          0       6462   stm32f10x_spi.o
      3502         86          0          0          0      22728   stm32f10x_tim.o
       456         36          0         20          0       1611   system_stm32f10x.o
       170          0          0         48          0       1553   task.o
      2342         22       6841          0          0       6141   tgui.o
       212         22          0          5          0        722   tguidemo.o
      1238         10          0          0          0       4089   tlcd_drive.o
       188          4          0          0          0        714   tled.o
       272         12          0          0          0        896   tpwm.o
       104         12          0          0          0      15581   tsystick.o

    ----------------------------------------------------------------------
     11488        334       7110         96       1024     331319   Object Totals
         0          0         32          0          0          0   (incl. Generated)
         8          0          1          3          0          0   (incl. Padding)

    ----------------------------------------------------------------------

      Code (inc. data)   RO Data    RW Data    ZI Data      Debug   Library Member Name

         0          0          0          0          0          0   entry.o
         8          4          0          0          0          0   entry2.o
         4          0          0          0          0          0   entry5.o
         0          0          0          0          0          0   entry7b.o
         8          4          0          0          0          0   entry8.o
        30          0          0          0          0          0   handlers.o
        36          8          0          0          0         68   init.o

    ----------------------------------------------------------------------
        86         16          0          0          0         68   Library Totals
         0          0          0          0          0          0   (incl. Padding)

    ----------------------------------------------------------------------

      Code (inc. data)   RO Data    RW Data    ZI Data      Debug   Library Name

        86         16          0          0          0         68   mc_w.l

    ----------------------------------------------------------------------
        86         16          0          0          0         68   Library Totals

    ----------------------------------------------------------------------

==============================================================================


      Code (inc. data)   RO Data    RW Data    ZI Data      Debug   

     11574        350       7110         96       1024     330139   Grand Totals
     11574        350       7110         96       1024     330139   ELF Image Totals
     11574        350       7110         96          0          0   ROM Totals

==============================================================================

    Total RO  Size (Code + RO Data)                18684 (  18.25kB)
    Total RW  Size (RW Data + ZI Data)              1120 (   1.09kB)
    Total ROM Size (Code + RO Data + RW Data)      18780 (  18.34kB)

==============================================================================

